05-08 16:41:49.840  1701  3843 I ActivityManager: Killing 17348:com.google.android.apps.messaging/u0a66 (adj 906): empty for 3354s
05-08 16:41:49.896  1701  3846 D ConnectivityService: ConnectivityService NetworkRequestInfo binderDied(NetworkRequest [ TRACK_DEFAULT id=284, [ Capabilities: INTERNET&NOT_RESTRICTED&TRUSTED&NOT_VPN] ], android.os.BinderProxy@e6c6622)
05-08 16:41:49.897  1701  1830 D ConnectivityService: releasing NetworkRequest [ TRACK_DEFAULT id=284, [ Capabilities: INTERNET&NOT_RESTRICTED&TRUSTED&NOT_VPN] ] (CALLBACK_RELEASED)
05-08 16:41:49.898  1701  1830 E ConnectivityService: RemoteException caught trying to send a callback msg for NetworkRequest [ TRACK_DEFAULT id=284, [ Capabilities: INTERNET&NOT_RESTRICTED&TRUSTED&NOT_VPN] ]
05-08 16:41:49.925  1701  2437 I ActivityManager: Process com.google.android.apps.maps:server_recovery_process_scheduled (pid 20566) has died: cch  CEM
05-08 16:44:40.517  1701  1720 E BatteryStatsService: modem info is invalid: ModemActivityInfo{ mTimestamp=0 mSleepTimeMs=0 mIdleTimeMs=0 mTxTimeMs[]=[0, 0, 0, 0, 0] mRxTimeMs=0 mEnergyUsed=0}
05-08 16:49:25.757  1701  1720 E BatteryStatsService: modem info is invalid: ModemActivityInfo{ mTimestamp=0 mSleepTimeMs=0 mIdleTimeMs=0 mTxTimeMs[]=[0, 0, 0, 0, 0] mRxTimeMs=0 mEnergyUsed=0}
05-08 16:55:47.008  1701  1720 E KernelCpuSpeedReader: Failed to read cpu-freq: /sys/devices/system/cpu/cpu0/cpufreq/stats/time_in_state (No such file or directory)
05-08 16:55:47.009  1701  1720 E BatteryStatsService: modem info is invalid: ModemActivityInfo{ mTimestamp=0 mSleepTimeMs=0 mIdleTimeMs=0 mTxTimeMs[]=[0, 0, 0, 0, 0] mRxTimeMs=0 mEnergyUsed=0}
05-08 16:57:05.498  1701  1720 E BatteryStatsService: modem info is invalid: ModemActivityInfo{ mTimestamp=0 mSleepTimeMs=0 mIdleTimeMs=0 mTxTimeMs[]=[0, 0, 0, 0, 0] mRxTimeMs=0 mEnergyUsed=0}
05-08 16:59:09.081  1701  1716 I UsageStatsService: User[0] Flushing usage stats to disk
05-08 16:59:33.153  1701  1701 I ActivityManager: Killing 18854:com.google.android.youtube/u0a78 (adj 906): 113580k from cached
05-08 16:59:33.159  1701  1701 W ActivityManager: Application dead when creating service ServiceRecord{1437c01 u0 com.google.android.youtube/androidx.work.impl.background.systemjob.SystemJobService}
05-08 16:59:33.161  1701  1701 W ActivityManager: Scheduling restart of crashed service com.google.android.youtube/androidx.work.impl.background.systemjob.SystemJobService in 1000ms
05-08 16:59:33.162  1701  1701 W ActivityManager: Scheduling restart of crashed service com.google.android.youtube/androidx.work.impl.background.systemjob.SystemJobService in 4000ms
05-08 16:59:33.169  1701  1701 W ActivityManager: Exception when starting service com.google.android.youtube/androidx.work.impl.background.systemjob.SystemJobService
05-08 16:59:33.169  1701  1701 W ActivityManager: android.os.DeadObjectException: Transaction failed on small parcel; remote process probably died
05-08 16:59:33.169  1701  1701 W ActivityManager: 	at android.os.BinderProxy.transactNative(Native Method)
05-08 16:59:33.169  1701  1701 W ActivityManager: 	at android.os.BinderProxy.transact(Binder.java:748)
05-08 16:59:33.169  1701  1701 W ActivityManager: 	at android.app.IApplicationThread$Stub$Proxy.scheduleCreateService(IApplicationThread.java:1329)
05-08 16:59:33.169  1701  1701 W ActivityManager: 	at com.android.server.am.ActiveServices.realStartServiceLocked(ActiveServices.java:2221)
05-08 16:59:33.169  1701  1701 W ActivityManager: 	at com.android.server.am.ActiveServices.bringUpServiceLocked(ActiveServices.java:2119)
05-08 16:59:33.169  1701  1701 W ActivityManager: 	at com.android.server.am.ActiveServices.bindServiceLocked(ActiveServices.java:1438)
05-08 16:59:33.169  1701  1701 W ActivityManager: 	at com.android.server.am.ActivityManagerService.bindService(ActivityManagerService.java:18290)
05-08 16:59:33.169  1701  1701 W ActivityManager: 	at android.app.ContextImpl.bindServiceCommon(ContextImpl.java:1602)
05-08 16:59:33.169  1701  1701 W ActivityManager: 	at android.app.ContextImpl.bindServiceAsUser(ContextImpl.java:1549)
05-08 16:59:33.169  1701  1701 W ActivityManager: 	at com.android.server.job.JobServiceContext.executeRunnableJob(JobServiceContext.java:225)
05-08 16:59:33.169  1701  1701 W ActivityManager: 	at com.android.server.job.JobSchedulerService.assignJobsToContextsLocked(JobSchedulerService.java:1707)
05-08 16:59:33.169  1701  1701 W ActivityManager: 	at com.android.server.job.JobSchedulerService.maybeRunPendingJobsLocked(JobSchedulerService.java:1547)
05-08 16:59:33.169  1701  1701 W ActivityManager: 	at com.android.server.job.JobSchedulerService.-wrap5(Unknown Source:0)
05-08 16:59:33.169  1701  1701 W ActivityManager: 	at com.android.server.job.JobSchedulerService$JobHandler.handleMessage(JobSchedulerService.java:1278)
05-08 16:59:33.169  1701  1701 W ActivityManager: 	at android.os.Handler.dispatchMessage(Handler.java:105)
05-08 16:59:33.169  1701  1701 W ActivityManager: 	at android.os.Looper.loop(Looper.java:164)
05-08 16:59:33.169  1701  1701 W ActivityManager: 	at com.android.server.SystemServer.run(SystemServer.java:421)
05-08 16:59:33.169  1701  1701 W ActivityManager: 	at com.android.server.SystemServer.main(SystemServer.java:260)
05-08 16:59:33.169  1701  1701 W ActivityManager: 	at java.lang.reflect.Method.invoke(Native Method)
05-08 16:59:33.169  1701  1701 W ActivityManager: 	at com.android.internal.os.Zygote$MethodAndArgsCaller.run(Zygote.java:240)
05-08 16:59:33.169  1701  1701 W ActivityManager: 	at com.android.internal.os.ZygoteInit.main(ZygoteInit.java:767)
05-08 16:59:33.206  1701  2437 D ConnectivityService: ConnectivityService NetworkRequestInfo binderDied(NetworkRequest [ TRACK_DEFAULT id=292, [ Capabilities: INTERNET&NOT_RESTRICTED&TRUSTED&NOT_VPN] ], android.os.BinderProxy@c6ad73d)
05-08 16:59:33.206  1701  3428 D ConnectivityService: ConnectivityService NetworkRequestInfo binderDied(NetworkRequest [ TRACK_DEFAULT id=291, [ Capabilities: INTERNET&NOT_RESTRICTED&TRUSTED&NOT_VPN] ], android.os.BinderProxy@d406b32)
05-08 16:59:33.206  1701  2364 D ConnectivityService: ConnectivityService NetworkRequestInfo binderDied(NetworkRequest [ TRACK_DEFAULT id=293, [ Capabilities: INTERNET&NOT_RESTRICTED&TRUSTED&NOT_VPN] ], android.os.BinderProxy@7489094)
05-08 16:59:33.206  1701  2437 D ConnectivityService: ConnectivityService NetworkRequestInfo binderDied(NetworkRequest [ LISTEN id=290, [ Capabilities: INTERNET&NOT_RESTRICTED&TRUSTED&FOREGROUND] ], android.os.BinderProxy@fc31083)
05-08 16:59:33.206  1701  1830 D ConnectivityService: releasing NetworkRequest [ TRACK_DEFAULT id=292, [ Capabilities: INTERNET&NOT_RESTRICTED&TRUSTED&NOT_VPN] ] (CALLBACK_RELEASED)
05-08 16:59:33.208  1701  1830 E ConnectivityService: RemoteException caught trying to send a callback msg for NetworkRequest [ TRACK_DEFAULT id=292, [ Capabilities: INTERNET&NOT_RESTRICTED&TRUSTED&NOT_VPN] ]
05-08 16:59:33.208  1701  1830 D ConnectivityService: releasing NetworkRequest [ TRACK_DEFAULT id=291, [ Capabilities: INTERNET&NOT_RESTRICTED&TRUSTED&NOT_VPN] ] (CALLBACK_RELEASED)
05-08 16:59:33.209  1701  1830 E ConnectivityService: RemoteException caught trying to send a callback msg for NetworkRequest [ TRACK_DEFAULT id=291, [ Capabilities: INTERNET&NOT_RESTRICTED&TRUSTED&NOT_VPN] ]
05-08 16:59:33.209  1701  1830 D ConnectivityService: releasing NetworkRequest [ TRACK_DEFAULT id=293, [ Capabilities: INTERNET&NOT_RESTRICTED&TRUSTED&NOT_VPN] ] (CALLBACK_RELEASED)
05-08 16:59:33.211  1701  1830 E ConnectivityService: RemoteException caught trying to send a callback msg for NetworkRequest [ TRACK_DEFAULT id=293, [ Capabilities: INTERNET&NOT_RESTRICTED&TRUSTED&NOT_VPN] ]
05-08 16:59:33.212  1701  1830 E ConnectivityService: RemoteException caught trying to send a callback msg for NetworkRequest [ LISTEN id=290, [ Capabilities: INTERNET&NOT_RESTRICTED&TRUSTED&FOREGROUND] ]
05-08 16:59:37.174  1701  1717 I ActivityManager: Start proc 20944:com.google.android.youtube/u0a78 for service com.google.android.youtube/androidx.work.impl.background.systemjob.SystemJobService
05-08 16:59:37.619  1701  3845 D ConnectivityService: requestNetwork for uid/pid:10078/20944 NetworkRequest [ TRACK_DEFAULT id=300, [ Capabilities: INTERNET&NOT_RESTRICTED&TRUSTED&NOT_VPN] ]
05-08 16:59:37.761  1701  2419 D ConnectivityService: requestNetwork for uid/pid:10078/20944 NetworkRequest [ TRACK_DEFAULT id=301, [ Capabilities: INTERNET&NOT_RESTRICTED&TRUSTED&NOT_VPN] ]
05-08 16:59:37.890  1701  1717 W BroadcastQueue: Permission Denial: broadcasting Intent { act=android.net.conn.CONNECTIVITY_CHANGE flg=0x4000010 (has extras) } from null (pid=-1, uid=-1) requires com.google.android.youtube.DYNAMIC_RECEIVER_NOT_EXPORTED_PERMISSION due to registered receiver BroadcastFilter{2b9b7f9 u0 ReceiverList{c8fcec0 20944 com.google.android.youtube/10078/u0 remote:cbe7843}}
05-08 16:59:37.958  1701  2313 D ConnectivityService: requestNetwork for uid/pid:10078/20944 NetworkRequest [ TRACK_DEFAULT id=302, [ Capabilities: INTERNET&NOT_RESTRICTED&TRUSTED&NOT_VPN] ]
05-08 16:59:53.278  1701  1720 E BatteryStatsService: modem info is invalid: ModemActivityInfo{ mTimestamp=0 mSleepTimeMs=0 mIdleTimeMs=0 mTxTimeMs[]=[0, 0, 0, 0, 0] mRxTimeMs=0 mEnergyUsed=0}
05-08 17:00:39.555  1701  1701 I ActivityManager: Killing 20944:com.google.android.youtube/u0a78 (adj 900): 112248k from cached
05-08 17:00:39.598  1701  2448 D ConnectivityService: ConnectivityService NetworkRequestInfo binderDied(NetworkRequest [ TRACK_DEFAULT id=301, [ Capabilities: INTERNET&NOT_RESTRICTED&TRUSTED&NOT_VPN] ], android.os.BinderProxy@f20d66f)
05-08 17:00:39.598  1701  2408 D ConnectivityService: ConnectivityService NetworkRequestInfo binderDied(NetworkRequest [ TRACK_DEFAULT id=302, [ Capabilities: INTERNET&NOT_RESTRICTED&TRUSTED&NOT_VPN] ], android.os.BinderProxy@17b254e)
05-08 17:00:39.598  1701  2036 D ConnectivityService: ConnectivityService NetworkRequestInfo binderDied(NetworkRequest [ LISTEN id=299, [ Capabilities: INTERNET&NOT_RESTRICTED&TRUSTED&FOREGROUND] ], android.os.BinderProxy@b2b4f7c)
05-08 17:00:39.598  1701  3428 D ConnectivityService: ConnectivityService NetworkRequestInfo binderDied(NetworkRequest [ TRACK_DEFAULT id=300, [ Capabilities: INTERNET&NOT_RESTRICTED&TRUSTED&NOT_VPN] ], android.os.BinderProxy@990d005)
05-08 17:00:39.598  1701  1830 D ConnectivityService: releasing NetworkRequest [ TRACK_DEFAULT id=302, [ Capabilities: INTERNET&NOT_RESTRICTED&TRUSTED&NOT_VPN] ] (CALLBACK_RELEASED)
05-08 17:00:39.600  1701  1830 E ConnectivityService: RemoteException caught trying to send a callback msg for NetworkRequest [ TRACK_DEFAULT id=302, [ Capabilities: INTERNET&NOT_RESTRICTED&TRUSTED&NOT_VPN] ]
05-08 17:00:39.601  1701  1830 E ConnectivityService: RemoteException caught trying to send a callback msg for NetworkRequest [ LISTEN id=299, [ Capabilities: INTERNET&NOT_RESTRICTED&TRUSTED&FOREGROUND] ]
05-08 17:00:39.601  1701  1830 D ConnectivityService: releasing NetworkRequest [ TRACK_DEFAULT id=300, [ Capabilities: INTERNET&NOT_RESTRICTED&TRUSTED&NOT_VPN] ] (CALLBACK_RELEASED)
05-08 17:00:39.603  1701  2408 W ActivityManager: Scheduling restart of crashed service com.google.android.youtube/androidx.work.impl.background.systemjob.SystemJobService in 1000ms
05-08 17:00:39.603  1701  1830 E ConnectivityService: RemoteException caught trying to send a callback msg for NetworkRequest [ TRACK_DEFAULT id=300, [ Capabilities: INTERNET&NOT_RESTRICTED&TRUSTED&NOT_VPN] ]
05-08 17:00:39.604  1701  1830 D ConnectivityService: releasing NetworkRequest [ TRACK_DEFAULT id=301, [ Capabilities: INTERNET&NOT_RESTRICTED&TRUSTED&NOT_VPN] ] (CALLBACK_RELEASED)
05-08 17:00:39.606  1701  1830 E ConnectivityService: RemoteException caught trying to send a callback msg for NetworkRequest [ TRACK_DEFAULT id=301, [ Capabilities: INTERNET&NOT_RESTRICTED&TRUSTED&NOT_VPN] ]
05-08 17:00:40.617  1701  1717 I ActivityManager: Start proc 21081:com.google.android.youtube/u0a78 for service com.google.android.youtube/androidx.work.impl.background.systemjob.SystemJobService
05-08 17:00:41.044  1701  2313 D ConnectivityService: requestNetwork for uid/pid:10078/21081 NetworkRequest [ TRACK_DEFAULT id=304, [ Capabilities: INTERNET&NOT_RESTRICTED&TRUSTED&NOT_VPN] ]
05-08 17:00:41.156  1701  2408 D ConnectivityService: requestNetwork for uid/pid:10078/21081 NetworkRequest [ TRACK_DEFAULT id=305, [ Capabilities: INTERNET&NOT_RESTRICTED&TRUSTED&NOT_VPN] ]
05-08 17:00:41.282  1701  1717 W BroadcastQueue: Permission Denial: broadcasting Intent { act=android.net.conn.CONNECTIVITY_CHANGE flg=0x4000010 (has extras) } from null (pid=-1, uid=-1) requires com.google.android.youtube.DYNAMIC_RECEIVER_NOT_EXPORTED_PERMISSION due to registered receiver BroadcastFilter{8aba155 u0 ReceiverList{1b4540c 21081 com.google.android.youtube/10078/u0 remote:66fd33f}}
05-08 17:00:41.397  1701  2313 D ConnectivityService: requestNetwork for uid/pid:10078/21081 NetworkRequest [ TRACK_DEFAULT id=306, [ Capabilities: INTERNET&NOT_RESTRICTED&TRUSTED&NOT_VPN] ]
05-08 17:00:57.937  1701  1720 E BatteryStatsService: modem info is invalid: ModemActivityInfo{ mTimestamp=0 mSleepTimeMs=0 mIdleTimeMs=0 mTxTimeMs[]=[0, 0, 0, 0, 0] mRxTimeMs=0 mEnergyUsed=0}
05-08 17:01:42.990  1701  1701 I ActivityManager: Killing 21081:com.google.android.youtube/u0a78 (adj 902): 111461k from cached
05-08 17:01:43.027  1701  2448 D ConnectivityService: ConnectivityService NetworkRequestInfo binderDied(NetworkRequest [ TRACK_DEFAULT id=305, [ Capabilities: INTERNET&NOT_RESTRICTED&TRUSTED&NOT_VPN] ], android.os.BinderProxy@962eccc)
05-08 17:01:43.027  1701  6139 D ConnectivityService: ConnectivityService NetworkRequestInfo binderDied(NetworkRequest [ TRACK_DEFAULT id=304, [ Capabilities: INTERNET&NOT_RESTRICTED&TRUSTED&NOT_VPN] ], android.os.BinderProxy@50d2b15)
05-08 17:01:43.027  1701  2036 D ConnectivityService: ConnectivityService NetworkRequestInfo binderDied(NetworkRequest [ LISTEN id=303, [ Capabilities: INTERNET&NOT_RESTRICTED&TRUSTED&FOREGROUND] ], android.os.BinderProxy@f9ee2a)
05-08 17:01:43.027  1701  2448 D ConnectivityService: ConnectivityService NetworkRequestInfo binderDied(NetworkRequest [ TRACK_DEFAULT id=306, [ Capabilities: INTERNET&NOT_RESTRICTED&TRUSTED&NOT_VPN] ], android.os.BinderProxy@f77641b)
05-08 17:01:43.027  1701  1830 D ConnectivityService: releasing NetworkRequest [ TRACK_DEFAULT id=305, [ Capabilities: INTERNET&NOT_RESTRICTED&TRUSTED&NOT_VPN] ] (CALLBACK_RELEASED)
05-08 17:01:43.028  1701  1830 E ConnectivityService: RemoteException caught trying to send a callback msg for NetworkRequest [ TRACK_DEFAULT id=305, [ Capabilities: INTERNET&NOT_RESTRICTED&TRUSTED&NOT_VPN] ]
05-08 17:01:43.028  1701  2036 W ActivityManager: Scheduling restart of crashed service com.google.android.youtube/androidx.work.impl.background.systemjob.SystemJobService in 1000ms
05-08 17:01:43.029  1701  1830 E ConnectivityService: RemoteException caught trying to send a callback msg for NetworkRequest [ LISTEN id=303, [ Capabilities: INTERNET&NOT_RESTRICTED&TRUSTED&FOREGROUND] ]
05-08 17:01:43.029  1701  1830 D ConnectivityService: releasing NetworkRequest [ TRACK_DEFAULT id=306, [ Capabilities: INTERNET&NOT_RESTRICTED&TRUSTED&NOT_VPN] ] (CALLBACK_RELEASED)
05-08 17:01:43.030  1701  1830 E ConnectivityService: RemoteException caught trying to send a callback msg for NetworkRequest [ TRACK_DEFAULT id=306, [ Capabilities: INTERNET&NOT_RESTRICTED&TRUSTED&NOT_VPN] ]
05-08 17:01:43.031  1701  1830 D ConnectivityService: releasing NetworkRequest [ TRACK_DEFAULT id=304, [ Capabilities: INTERNET&NOT_RESTRICTED&TRUSTED&NOT_VPN] ] (CALLBACK_RELEASED)
05-08 17:01:43.032  1701  1830 E ConnectivityService: RemoteException caught trying to send a callback msg for NetworkRequest [ TRACK_DEFAULT id=304, [ Capabilities: INTERNET&NOT_RESTRICTED&TRUSTED&NOT_VPN] ]
05-08 17:01:44.042  1701  1717 I ActivityManager: Start proc 21217:com.google.android.youtube/u0a78 for service com.google.android.youtube/androidx.work.impl.background.systemjob.SystemJobService
05-08 17:01:44.455  1701  2408 D ConnectivityService: requestNetwork for uid/pid:10078/21217 NetworkRequest [ TRACK_DEFAULT id=308, [ Capabilities: INTERNET&NOT_RESTRICTED&TRUSTED&NOT_VPN] ]
05-08 17:01:44.586  1701  2036 D ConnectivityService: requestNetwork for uid/pid:10078/21217 NetworkRequest [ TRACK_DEFAULT id=309, [ Capabilities: INTERNET&NOT_RESTRICTED&TRUSTED&NOT_VPN] ]
05-08 17:01:44.707  1701  1717 W BroadcastQueue: Permission Denial: broadcasting Intent { act=android.net.conn.CONNECTIVITY_CHANGE flg=0x4000010 (has extras) } from null (pid=-1, uid=-1) requires com.google.android.youtube.DYNAMIC_RECEIVER_NOT_EXPORTED_PERMISSION due to registered receiver BroadcastFilter{9440aa9 u0 ReceiverList{c39fe30 21217 com.google.android.youtube/10078/u0 remote:c5eff73}}
05-08 17:01:44.825  1701  3428 D ConnectivityService: requestNetwork for uid/pid:10078/21217 NetworkRequest [ TRACK_DEFAULT id=310, [ Capabilities: INTERNET&NOT_RESTRICTED&TRUSTED&NOT_VPN] ]
05-08 17:02:01.357  1701  1720 E BatteryStatsService: modem info is invalid: ModemActivityInfo{ mTimestamp=0 mSleepTimeMs=0 mIdleTimeMs=0 mTxTimeMs[]=[0, 0, 0, 0, 0] mRxTimeMs=0 mEnergyUsed=0}
05-08 17:05:13.539  1701  1720 E BatteryStatsService: modem info is invalid: ModemActivityInfo{ mTimestamp=0 mSleepTimeMs=0 mIdleTimeMs=0 mTxTimeMs[]=[0, 0, 0, 0, 0] mRxTimeMs=0 mEnergyUsed=0}
05-08 17:06:01.718  1701  1720 E BatteryStatsService: modem info is invalid: ModemActivityInfo{ mTimestamp=0 mSleepTimeMs=0 mIdleTimeMs=0 mTxTimeMs[]=[0, 0, 0, 0, 0] mRxTimeMs=0 mEnergyUsed=0}
05-08 17:12:12.996  1701  1720 E BatteryStatsService: modem info is invalid: ModemActivityInfo{ mTimestamp=0 mSleepTimeMs=0 mIdleTimeMs=0 mTxTimeMs[]=[0, 0, 0, 0, 0] mRxTimeMs=0 mEnergyUsed=0}
05-08 17:19:28.855  1701  1701 I ActivityManager: Killing 21217:com.google.android.youtube/u0a78 (adj 900): 112009k from cached
05-08 17:19:28.907  1701  2037 D ConnectivityService: ConnectivityService NetworkRequestInfo binderDied(NetworkRequest [ TRACK_DEFAULT id=309, [ Capabilities: INTERNET&NOT_RESTRICTED&TRUSTED&NOT_VPN] ], android.os.BinderProxy@6f235a)
05-08 17:19:28.907  1701  2437 D ConnectivityService: ConnectivityService NetworkRequestInfo binderDied(NetworkRequest [ TRACK_DEFAULT id=310, [ Capabilities: INTERNET&NOT_RESTRICTED&TRUSTED&NOT_VPN] ], android.os.BinderProxy@db3a98b)
05-08 17:19:28.907  1701  3844 D ConnectivityService: ConnectivityService NetworkRequestInfo binderDied(NetworkRequest [ TRACK_DEFAULT id=308, [ Capabilities: INTERNET&NOT_RESTRICTED&TRUSTED&NOT_VPN] ], android.os.BinderProxy@fa9ba68)
05-08 17:19:28.907  1701  2017 D ConnectivityService: ConnectivityService NetworkRequestInfo binderDied(NetworkRequest [ LISTEN id=307, [ Capabilities: INTERNET&NOT_RESTRICTED&TRUSTED&FOREGROUND] ], android.os.BinderProxy@6803e81)
05-08 17:19:28.907  1701  1830 D ConnectivityService: releasing NetworkRequest [ TRACK_DEFAULT id=308, [ Capabilities: INTERNET&NOT_RESTRICTED&TRUSTED&NOT_VPN] ] (CALLBACK_RELEASED)
05-08 17:19:28.909  1701  1830 E ConnectivityService: RemoteException caught trying to send a callback msg for NetworkRequest [ TRACK_DEFAULT id=308, [ Capabilities: INTERNET&NOT_RESTRICTED&TRUSTED&NOT_VPN] ]
05-08 17:19:28.909  1701  1830 D ConnectivityService: releasing NetworkRequest [ TRACK_DEFAULT id=309, [ Capabilities: INTERNET&NOT_RESTRICTED&TRUSTED&NOT_VPN] ] (CALLBACK_RELEASED)
05-08 17:19:28.910  1701  1830 E ConnectivityService: RemoteException caught trying to send a callback msg for NetworkRequest [ TRACK_DEFAULT id=309, [ Capabilities: INTERNET&NOT_RESTRICTED&TRUSTED&NOT_VPN] ]
05-08 17:19:28.911  1701  1830 E ConnectivityService: RemoteException caught trying to send a callback msg for NetworkRequest [ LISTEN id=307, [ Capabilities: INTERNET&NOT_RESTRICTED&TRUSTED&FOREGROUND] ]
05-08 17:19:28.911  1701  1830 D ConnectivityService: releasing NetworkRequest [ TRACK_DEFAULT id=310, [ Capabilities: INTERNET&NOT_RESTRICTED&TRUSTED&NOT_VPN] ] (CALLBACK_RELEASED)
05-08 17:19:28.911  1701  2448 W ActivityManager: Scheduling restart of crashed service com.google.android.youtube/androidx.work.impl.background.systemjob.SystemJobService in 1000ms
05-08 17:19:28.913  1701  1830 E ConnectivityService: RemoteException caught trying to send a callback msg for NetworkRequest [ TRACK_DEFAULT id=310, [ Capabilities: INTERNET&NOT_RESTRICTED&TRUSTED&NOT_VPN] ]
05-08 17:19:29.926  1701  1717 I ActivityManager: Start proc 21681:com.google.android.youtube/u0a78 for service com.google.android.youtube/androidx.work.impl.background.systemjob.SystemJobService
05-08 17:19:30.349  1701  2313 D ConnectivityService: requestNetwork for uid/pid:10078/21681 NetworkRequest [ TRACK_DEFAULT id=312, [ Capabilities: INTERNET&NOT_RESTRICTED&TRUSTED&NOT_VPN] ]
05-08 17:19:30.514  1701  3846 D ConnectivityService: requestNetwork for uid/pid:10078/21681 NetworkRequest [ TRACK_DEFAULT id=313, [ Capabilities: INTERNET&NOT_RESTRICTED&TRUSTED&NOT_VPN] ]
05-08 17:19:30.603  1701  1717 W BroadcastQueue: Permission Denial: broadcasting Intent { act=android.net.conn.CONNECTIVITY_CHANGE flg=0x4000010 (has extras) } from null (pid=-1, uid=-1) requires com.google.android.youtube.DYNAMIC_RECEIVER_NOT_EXPORTED_PERMISSION due to registered receiver BroadcastFilter{bb65a37 u0 ReceiverList{3f8bb36 21681 com.google.android.youtube/10078/u0 remote:f7a14d1}}
05-08 17:19:30.685  1701  2448 D ConnectivityService: requestNetwork for uid/pid:10078/21681 NetworkRequest [ TRACK_DEFAULT id=314, [ Capabilities: INTERNET&NOT_RESTRICTED&TRUSTED&NOT_VPN] ]
05-08 17:19:47.258  1701  1720 E BatteryStatsService: modem info is invalid: ModemActivityInfo{ mTimestamp=0 mSleepTimeMs=0 mIdleTimeMs=0 mTxTimeMs[]=[0, 0, 0, 0, 0] mRxTimeMs=0 mEnergyUsed=0}
05-08 17:20:49.358  1701  1720 E BatteryStatsService: modem info is invalid: ModemActivityInfo{ mTimestamp=0 mSleepTimeMs=0 mIdleTimeMs=0 mTxTimeMs[]=[0, 0, 0, 0, 0] mRxTimeMs=0 mEnergyUsed=0}
05-08 17:21:09.077  1701  1720 E BatteryStatsService: modem info is invalid: ModemActivityInfo{ mTimestamp=0 mSleepTimeMs=0 mIdleTimeMs=0 mTxTimeMs[]=[0, 0, 0, 0, 0] mRxTimeMs=0 mEnergyUsed=0}
05-08 17:23:47.616  1701  1720 E BatteryStatsService: modem info is invalid: ModemActivityInfo{ mTimestamp=0 mSleepTimeMs=0 mIdleTimeMs=0 mTxTimeMs[]=[0, 0, 0, 0, 0] mRxTimeMs=0 mEnergyUsed=0}
05-08 17:25:47.010  1701  1720 E KernelCpuSpeedReader: Failed to read cpu-freq: /sys/devices/system/cpu/cpu0/cpufreq/stats/time_in_state (No such file or directory)
05-08 17:25:47.011  1701  1720 E BatteryStatsService: modem info is invalid: ModemActivityInfo{ mTimestamp=0 mSleepTimeMs=0 mIdleTimeMs=0 mTxTimeMs[]=[0, 0, 0, 0, 0] mRxTimeMs=0 mEnergyUsed=0}
05-08 17:29:53.949  1701  1716 I ProcessStatsService: Pruning old procstats: /data/system/procstats/state-2024-05-03-12-19-24.bin
05-08 17:30:18.638  1701  1720 E BatteryStatsService: modem info is invalid: ModemActivityInfo{ mTimestamp=0 mSleepTimeMs=0 mIdleTimeMs=0 mTxTimeMs[]=[0, 0, 0, 0, 0] mRxTimeMs=0 mEnergyUsed=0}
05-08 17:39:08.538  1701  1720 E BatteryStatsService: modem info is invalid: ModemActivityInfo{ mTimestamp=0 mSleepTimeMs=0 mIdleTimeMs=0 mTxTimeMs[]=[0, 0, 0, 0, 0] mRxTimeMs=0 mEnergyUsed=0}
05-08 17:44:41.818  1701  1720 E BatteryStatsService: modem info is invalid: ModemActivityInfo{ mTimestamp=0 mSleepTimeMs=0 mIdleTimeMs=0 mTxTimeMs[]=[0, 0, 0, 0, 0] mRxTimeMs=0 mEnergyUsed=0}
05-08 17:47:01.117  1701  1701 I ActivityManager: Start proc 22338:com.google.android.apps.messaging/u0a66 for service com.google.android.apps.messaging/androidx.work.impl.background.systemjob.SystemJobService
05-08 17:47:01.611  1701  6139 D ConnectivityService: requestNetwork for uid/pid:10066/22338 NetworkRequest [ TRACK_DEFAULT id=315, [ Capabilities: INTERNET&NOT_RESTRICTED&TRUSTED&NOT_VPN] ]
05-08 17:47:01.777  1701  3845 W ActivityManager: Background start not allowed: service Intent { cmp=com.google.android.apps.messaging/com.google.apps.tiktok.concurrent.AndroidFuturesService (has extras) } to com.google.android.apps.messaging/com.google.apps.tiktok.concurrent.AndroidFuturesService from pid=22338 uid=10066 pkg=com.google.android.apps.messaging
05-08 17:47:02.025  1701  1712 I ActivityManager: Start proc 22394:com.google.android.apps.messaging:rcs/u0a66 for service com.google.android.apps.messaging/com.google.android.ims.service.JibeService
05-08 17:47:02.410  1701  1712 D ConnectivityService: requestNetwork for uid/pid:10066/22394 NetworkRequest [ TRACK_DEFAULT id=316, [ Capabilities: INTERNET&NOT_RESTRICTED&TRUSTED&NOT_VPN] ]
05-08 17:47:02.755  1701  1830 D ConnectivityService: releasing NetworkRequest [ TRACK_DEFAULT id=316, [ Capabilities: INTERNET&NOT_RESTRICTED&TRUSTED&NOT_VPN] ] (CALLBACK_RELEASED)
05-08 17:47:02.765 22394 22394 E ActivityThread: Service com.google.android.ims.service.JibeService has leaked IntentReceiver cjgk@91fc993 that was originally registered here. Are you missing a call to unregisterReceiver()?
05-08 17:47:02.765 22394 22394 E ActivityThread: android.app.IntentReceiverLeaked: Service com.google.android.ims.service.JibeService has leaked IntentReceiver cjgk@91fc993 that was originally registered here. Are you missing a call to unregisterReceiver()?
05-08 17:47:02.765 22394 22394 E ActivityThread: 	at android.app.LoadedApk$ReceiverDispatcher.<init>(LoadedApk.java:1333)
05-08 17:47:02.765 22394 22394 E ActivityThread: 	at android.app.LoadedApk.getReceiverDispatcher(LoadedApk.java:1114)
05-08 17:47:02.765 22394 22394 E ActivityThread: 	at android.app.ContextImpl.registerReceiverInternal(ContextImpl.java:1405)
05-08 17:47:02.765 22394 22394 E ActivityThread: 	at android.app.ContextImpl.registerReceiver(ContextImpl.java:1378)
05-08 17:47:02.765 22394 22394 E ActivityThread: 	at android.app.ContextImpl.registerReceiver(ContextImpl.java:1366)
05-08 17:47:02.765 22394 22394 E ActivityThread: 	at android.content.ContextWrapper.registerReceiver(ContextWrapper.java:603)
05-08 17:47:02.765 22394 22394 E ActivityThread: 	at cjgk.a(PG:22)
05-08 17:47:02.765 22394 22394 E ActivityThread: 	at cgzq.a(PG:62)
05-08 17:47:02.765 22394 22394 E ActivityThread: 	at cjgr.run(PG:209)
05-08 17:47:02.765 22394 22394 E ActivityThread: 	at android.os.Handler.handleCallback(Handler.java:789)
05-08 17:47:02.765 22394 22394 E ActivityThread: 	at android.os.Handler.dispatchMessage(Handler.java:98)
05-08 17:47:02.765 22394 22394 E ActivityThread: 	at android.os.Looper.loop(Looper.java:164)
05-08 17:47:02.765 22394 22394 E ActivityThread: 	at android.os.HandlerThread.run(HandlerThread.java:65)
05-08 17:47:02.765 22394 22394 E ActivityThread: Service com.google.android.ims.service.JibeService has leaked IntentReceiver com.google.android.ims.receiver.sip.DebugOptionsReceiver@9471e82 that was originally registered here. Are you missing a call to unregisterReceiver()?
05-08 17:47:02.765 22394 22394 E ActivityThread: android.app.IntentReceiverLeaked: Service com.google.android.ims.service.JibeService has leaked IntentReceiver com.google.android.ims.receiver.sip.DebugOptionsReceiver@9471e82 that was originally registered here. Are you missing a call to unregisterReceiver()?
05-08 17:47:02.765 22394 22394 E ActivityThread: 	at android.app.LoadedApk$ReceiverDispatcher.<init>(LoadedApk.java:1333)
05-08 17:47:02.765 22394 22394 E ActivityThread: 	at android.app.LoadedApk.getReceiverDispatcher(LoadedApk.java:1114)
05-08 17:47:02.765 22394 22394 E ActivityThread: 	at android.app.ContextImpl.registerReceiverInternal(ContextImpl.java:1405)
05-08 17:47:02.765 22394 22394 E ActivityThread: 	at android.app.ContextImpl.registerReceiver(ContextImpl.java:1385)
05-08 17:47:02.765 22394 22394 E ActivityThread: 	at android.content.ContextWrapper.registerReceiver(ContextWrapper.java:624)
05-08 17:47:02.765 22394 22394 E ActivityThread: 	at jmr.b(PG:53)
05-08 17:47:02.765 22394 22394 E ActivityThread: 	at jmv.g(PG:24)
05-08 17:47:02.765 22394 22394 E ActivityThread: 	at jmv.f(PG:2)
05-08 17:47:02.765 22394 22394 E ActivityThread: 	at com.google.android.ims.receiver.sip.DebugOptionsReceiver.a(PG:17)
05-08 17:47:02.765 22394 22394 E ActivityThread: 	at cgzq.a(PG:59)
05-08 17:47:02.765 22394 22394 E ActivityThread: 	at cjgr.run(PG:209)
05-08 17:47:02.765 22394 22394 E ActivityThread: 	at android.os.Handler.handleCallback(Handler.java:789)
05-08 17:47:02.765 22394 22394 E ActivityThread: 	at android.os.Handler.dispatchMessage(Handler.java:98)
05-08 17:47:02.765 22394 22394 E ActivityThread: 	at android.os.Looper.loop(Looper.java:164)
05-08 17:47:02.765 22394 22394 E ActivityThread: 	at android.os.HandlerThread.run(HandlerThread.java:65)
05-08 17:47:16.736  1701  2313 D ConnectivityService: requestNetwork for uid/pid:10066/22394 NetworkRequest [ TRACK_DEFAULT id=318, [ Capabilities: INTERNET&NOT_RESTRICTED&TRUSTED&NOT_VPN] ]
05-08 17:47:17.236  1701  1830 D ConnectivityService: releasing NetworkRequest [ TRACK_DEFAULT id=318, [ Capabilities: INTERNET&NOT_RESTRICTED&TRUSTED&NOT_VPN] ] (CALLBACK_RELEASED)
05-08 17:47:17.254  1701  3845 W ActivityManager: Background start not allowed: service Intent { cmp=com.google.android.apps.messaging/.shared.datamodel.action.execution.ActionExecutorImpl$EmptyService } to com.google.android.apps.messaging/.shared.datamodel.action.execution.ActionExecutorImpl$EmptyService from pid=22338 uid=10066 pkg=com.google.android.apps.messaging
05-08 17:47:17.272  1701  3846 W ActivityManager: Background start not allowed: service Intent { cmp=com.google.android.apps.messaging/.shared.datamodel.action.execution.ActionExecutorImpl$EmptyService } to com.google.android.apps.messaging/.shared.datamodel.action.execution.ActionExecutorImpl$EmptyService from pid=22338 uid=10066 pkg=com.google.android.apps.messaging
05-08 17:47:22.265  1701  3428 W ActivityManager: Background start not allowed: service Intent { cmp=com.google.android.apps.messaging/.shared.datamodel.action.execution.ActionExecutorImpl$EmptyService } to com.google.android.apps.messaging/.shared.datamodel.action.execution.ActionExecutorImpl$EmptyService from pid=22338 uid=10066 pkg=com.google.android.apps.messaging
05-08 17:47:22.268  1701  2017 W ActivityManager: Background start not allowed: service Intent { cmp=com.google.android.apps.messaging/.shared.datamodel.action.execution.ActionExecutorImpl$EmptyService } to com.google.android.apps.messaging/.shared.datamodel.action.execution.ActionExecutorImpl$EmptyService from pid=22338 uid=10066 pkg=com.google.android.apps.messaging
05-08 17:47:22.339  1701  1901 W ActivityManager: Background start not allowed: service Intent { cmp=com.google.android.apps.messaging/.shared.datamodel.action.execution.ActionExecutorImpl$EmptyService } to com.google.android.apps.messaging/.shared.datamodel.action.execution.ActionExecutorImpl$EmptyService from pid=22338 uid=10066 pkg=com.google.android.apps.messaging
05-08 17:47:28.278  1701  1720 E BatteryStatsService: modem info is invalid: ModemActivityInfo{ mTimestamp=0 mSleepTimeMs=0 mIdleTimeMs=0 mTxTimeMs[]=[0, 0, 0, 0, 0] mRxTimeMs=0 mEnergyUsed=0}
05-08 17:47:37.300  1701  2017 I ActivityManager: Killing 19179:com.android.vending/u0a23 (adj 906): empty for 7214s
05-08 17:47:37.345  1701  1903 D ConnectivityService: ConnectivityService NetworkRequestInfo binderDied(NetworkRequest [ TRACK_DEFAULT id=296, [ Capabilities: INTERNET&NOT_RESTRICTED&TRUSTED&NOT_VPN] ], android.os.BinderProxy@bd7b5cd)
05-08 17:47:37.345  1701  2364 D ConnectivityService: ConnectivityService NetworkRequestInfo binderDied(NetworkRequest [ LISTEN id=294, [ Capabilities: INTERNET&NOT_RESTRICTED&TRUSTED] ], android.os.BinderProxy@dcb0e82)
05-08 17:47:37.345  1701  1830 D ConnectivityService: releasing NetworkRequest [ TRACK_DEFAULT id=296, [ Capabilities: INTERNET&NOT_RESTRICTED&TRUSTED&NOT_VPN] ] (CALLBACK_RELEASED)
05-08 17:47:37.347  1701  1830 E ConnectivityService: RemoteException caught trying to send a callback msg for NetworkRequest [ TRACK_DEFAULT id=296, [ Capabilities: INTERNET&NOT_RESTRICTED&TRUSTED&NOT_VPN] ]
05-08 17:47:37.348  1701  1830 E ConnectivityService: RemoteException caught trying to send a callback msg for NetworkRequest [ LISTEN id=294, [ Capabilities: INTERNET&NOT_RESTRICTED&TRUSTED] ]
05-08 17:49:16.286  1701  6139 W ActivityManager: Background start not allowed: service Intent { cmp=com.google.android.apps.messaging/.shared.datamodel.action.execution.ActionExecutorImpl$EmptyService } to com.google.android.apps.messaging/.shared.datamodel.action.execution.ActionExecutorImpl$EmptyService from pid=22338 uid=10066 pkg=com.google.android.apps.messaging
05-08 17:49:16.289  1701  1712 W ActivityManager: Background start not allowed: service Intent { cmp=com.google.android.apps.messaging/.shared.datamodel.action.execution.ActionExecutorImpl$EmptyService } to com.google.android.apps.messaging/.shared.datamodel.action.execution.ActionExecutorImpl$EmptyService from pid=22338 uid=10066 pkg=com.google.android.apps.messaging
05-08 17:49:16.450  1701  2448 I ActivityManager: Start proc 22534:android.process.acore/u0a1 for content provider com.android.providers.contacts/.ContactsProvider2
05-08 17:49:16.453  1701  1903 I ActivityManager: Killing 19387:com.google.android.apps.tachyon/u0a45 (adj 906): empty for 7132s
05-08 17:49:16.496  1701  3844 D ConnectivityService: ConnectivityService NetworkRequestInfo binderDied(NetworkRequest [ LISTEN id=297, [ Capabilities: INTERNET&NOT_RESTRICTED&TRUSTED] ], android.os.BinderProxy@1729994)
05-08 17:49:16.497  1701  1830 E ConnectivityService: RemoteException caught trying to send a callback msg for NetworkRequest [ LISTEN id=297, [ Capabilities: INTERNET&NOT_RESTRICTED&TRUSTED] ]
05-08 17:49:16.572  1701  6144 D CountryDetector: The first listener is added
05-08 17:51:28.438  1701  1720 E BatteryStatsService: modem info is invalid: ModemActivityInfo{ mTimestamp=0 mSleepTimeMs=0 mIdleTimeMs=0 mTxTimeMs[]=[0, 0, 0, 0, 0] mRxTimeMs=0 mEnergyUsed=0}
05-08 17:52:55.397  1701  1720 E BatteryStatsService: modem info is invalid: ModemActivityInfo{ mTimestamp=0 mSleepTimeMs=0 mIdleTimeMs=0 mTxTimeMs[]=[0, 0, 0, 0, 0] mRxTimeMs=0 mEnergyUsed=0}
05-08 17:55:31.516  1701  2313 D ConnectivityService: ConnectivityService NetworkRequestInfo binderDied(NetworkRequest [ TRACK_DEFAULT id=315, [ Capabilities: INTERNET&NOT_RESTRICTED&TRUSTED&NOT_VPN] ], android.os.BinderProxy@bb20948)
05-08 17:55:31.516  1701  1712 D ConnectivityService: ConnectivityService NetworkRequestInfo binderDied(NetworkRequest [ LISTEN id=317, [ Capabilities: INTERNET&NOT_RESTRICTED&TRUSTED] ], android.os.BinderProxy@d4267eb)
05-08 17:55:31.516  1701  2448 I ActivityManager: Process com.google.android.apps.messaging (pid 22338) has died: cch  CEM
05-08 17:55:31.517  1701  1830 E ConnectivityService: RemoteException caught trying to send a callback msg for NetworkRequest [ LISTEN id=317, [ Capabilities: INTERNET&NOT_RESTRICTED&TRUSTED] ]
05-08 17:55:31.517  1701  1830 D ConnectivityService: releasing NetworkRequest [ TRACK_DEFAULT id=315, [ Capabilities: INTERNET&NOT_RESTRICTED&TRUSTED&NOT_VPN] ] (CALLBACK_RELEASED)
05-08 17:55:31.518  1701  1830 E ConnectivityService: RemoteException caught trying to send a callback msg for NetworkRequest [ TRACK_DEFAULT id=315, [ Capabilities: INTERNET&NOT_RESTRICTED&TRUSTED&NOT_VPN] ]
05-08 17:55:47.011  1701  1720 E KernelCpuSpeedReader: Failed to read cpu-freq: /sys/devices/system/cpu/cpu0/cpufreq/stats/time_in_state (No such file or directory)
05-08 17:55:47.012  1701  1720 E BatteryStatsService: modem info is invalid: ModemActivityInfo{ mTimestamp=0 mSleepTimeMs=0 mIdleTimeMs=0 mTxTimeMs[]=[0, 0, 0, 0, 0] mRxTimeMs=0 mEnergyUsed=0}
05-08 17:59:08.998  1701  1720 E BatteryStatsService: modem info is invalid: ModemActivityInfo{ mTimestamp=0 mSleepTimeMs=0 mIdleTimeMs=0 mTxTimeMs[]=[0, 0, 0, 0, 0] mRxTimeMs=0 mEnergyUsed=0}
05-08 17:59:58.478  1701  1720 E BatteryStatsService: modem info is invalid: ModemActivityInfo{ mTimestamp=0 mSleepTimeMs=0 mIdleTimeMs=0 mTxTimeMs[]=[0, 0, 0, 0, 0] mRxTimeMs=0 mEnergyUsed=0}
05-08 18:02:30.318  1701  1720 E BatteryStatsService: modem info is invalid: ModemActivityInfo{ mTimestamp=0 mSleepTimeMs=0 mIdleTimeMs=0 mTxTimeMs[]=[0, 0, 0, 0, 0] mRxTimeMs=0 mEnergyUsed=0}
05-08 18:04:59.417  1701  1720 E BatteryStatsService: modem info is invalid: ModemActivityInfo{ mTimestamp=0 mSleepTimeMs=0 mIdleTimeMs=0 mTxTimeMs[]=[0, 0, 0, 0, 0] mRxTimeMs=0 mEnergyUsed=0}
05-08 18:06:30.478  1701  1720 E BatteryStatsService: modem info is invalid: ModemActivityInfo{ mTimestamp=0 mSleepTimeMs=0 mIdleTimeMs=0 mTxTimeMs[]=[0, 0, 0, 0, 0] mRxTimeMs=0 mEnergyUsed=0}
05-08 18:14:34.478  1701  1720 E BatteryStatsService: modem info is invalid: ModemActivityInfo{ mTimestamp=0 mSleepTimeMs=0 mIdleTimeMs=0 mTxTimeMs[]=[0, 0, 0, 0, 0] mRxTimeMs=0 mEnergyUsed=0}
05-08 18:20:15.138  1701  1720 E BatteryStatsService: modem info is invalid: ModemActivityInfo{ mTimestamp=0 mSleepTimeMs=0 mIdleTimeMs=0 mTxTimeMs[]=[0, 0, 0, 0, 0] mRxTimeMs=0 mEnergyUsed=0}
05-08 18:25:47.011  1701  1720 E KernelCpuSpeedReader: Failed to read cpu-freq: /sys/devices/system/cpu/cpu0/cpufreq/stats/time_in_state (No such file or directory)
05-08 18:25:47.012  1701  1720 E BatteryStatsService: modem info is invalid: ModemActivityInfo{ mTimestamp=0 mSleepTimeMs=0 mIdleTimeMs=0 mTxTimeMs[]=[0, 0, 0, 0, 0] mRxTimeMs=0 mEnergyUsed=0}
05-08 18:26:01.877  1701  1720 E BatteryStatsService: modem info is invalid: ModemActivityInfo{ mTimestamp=0 mSleepTimeMs=0 mIdleTimeMs=0 mTxTimeMs[]=[0, 0, 0, 0, 0] mRxTimeMs=0 mEnergyUsed=0}
05-08 18:34:13.898  1701  1720 E BatteryStatsService: modem info is invalid: ModemActivityInfo{ mTimestamp=0 mSleepTimeMs=0 mIdleTimeMs=0 mTxTimeMs[]=[0, 0, 0, 0, 0] mRxTimeMs=0 mEnergyUsed=0}
05-08 18:40:49.718  1701  1720 E BatteryStatsService: modem info is invalid: ModemActivityInfo{ mTimestamp=0 mSleepTimeMs=0 mIdleTimeMs=0 mTxTimeMs[]=[0, 0, 0, 0, 0] mRxTimeMs=0 mEnergyUsed=0}
05-08 18:42:57.938  1701  1720 E BatteryStatsService: modem info is invalid: ModemActivityInfo{ mTimestamp=0 mSleepTimeMs=0 mIdleTimeMs=0 mTxTimeMs[]=[0, 0, 0, 0, 0] mRxTimeMs=0 mEnergyUsed=0}
05-08 18:46:29.219  1701  3846 W WindowManager: removeWindowToken: Attempted to remove non-existing token: android.os.Binder@706f5a1
05-09 10:15:29.056  1701  1701 D ConditionProviders.SCP: onReceive android.intent.action.TIME_SET
05-09 10:15:29.160  1701  1717 W ActivityManager: Slow operation: 97ms so far, now at startProcess: returned from zygote!
05-09 10:15:29.161  1701  1717 W ActivityManager: Slow operation: 99ms so far, now at startProcess: done updating battery stats
05-09 10:15:29.162  1701  1717 W ActivityManager: Slow operation: 100ms so far, now at startProcess: building log message
05-09 10:15:29.162  1701  1717 I ActivityManager: Start proc 23725:com.google.android.apps.docs/u0a51 for broadcast com.google.android.apps.docs/androidx.work.impl.background.systemalarm.RescheduleReceiver
05-09 10:15:29.162  1701  1717 W ActivityManager: Slow operation: 100ms so far, now at startProcess: starting to update pids map
05-09 10:15:29.162  1701  1717 W ActivityManager: Slow operation: 100ms so far, now at startProcess: done updating pids map
05-09 10:15:29.162  1701  1717 W ActivityManager: Slow operation: 107ms so far, now at startProcess: done starting proc!
05-09 10:15:29.167  1701  1718 W Looper  : Dispatch took 106ms on android.ui, h=Handler (com.android.server.am.ActivityManagerService$UiHandler) {fe077a5} cb=null msg=53
05-09 10:15:29.181  1701  1701 D ConditionProviders.SCP: notifyCondition condition://android/schedule?days=6.7&start=23.30&end=10.0&exitAtAlarm=false STATE_FALSE reason=!meetsSchedule
05-09 10:15:29.181  1701  1701 D ConditionProviders.SCP: notifyCondition condition://android/schedule?days=1.2.3.4.5&start=22.0&end=7.0&exitAtAlarm=false STATE_FALSE reason=!meetsSchedule
05-09 10:15:29.199  1701  1701 D ConditionProviders.SCP: Scheduling evaluate for Thu May 09 22:00:00 GMT+00:00 2024 (1715292000000), in +11h44m30s944ms, now=Thu May 09 10:15:29 GMT+00:00 2024 (1715249729056)
05-09 10:15:29.199  1701  1701 D ConditionProviders.SCP: onReceive ScheduleConditionProvider.EVALUATE
05-09 10:15:29.199  1701  1701 D ConditionProviders.SCP: notifyCondition condition://android/schedule?days=6.7&start=23.30&end=10.0&exitAtAlarm=false STATE_FALSE reason=!meetsSchedule
05-09 10:15:29.200  1701  1701 D ConditionProviders.SCP: notifyCondition condition://android/schedule?days=1.2.3.4.5&start=22.0&end=7.0&exitAtAlarm=false STATE_FALSE reason=!meetsSchedule
05-09 10:15:29.200  1701  1701 D ConditionProviders.SCP: Scheduling evaluate for Thu May 09 22:00:00 GMT+00:00 2024 (1715292000000), in +11h44m30s801ms, now=Thu May 09 10:15:29 GMT+00:00 2024 (1715249729199)
05-09 10:15:29.261  1701  1836 I ActivityManager: Start proc 23738:com.android.providers.calendar/u0a3 for content provider com.android.providers.calendar/.CalendarProvider2
05-09 10:15:29.261  1701  1836 W ActivityManager: Slow operation: 58ms so far, now at getContentProviderImpl: after start process
05-09 10:15:29.261  1701  1836 W ActivityManager: Slow operation: 58ms so far, now at getContentProviderImpl: updating data structures
05-09 10:15:29.262  1701  1836 W ActivityManager: Slow operation: 59ms so far, now at getContentProviderImpl: done!
05-09 10:15:29.308  1701  1716 I UsageStatsService: Time changed in UsageStats by 55738 seconds
05-09 10:15:29.308  1701  1716 I UsageStatsService: User[0] Flushing usage stats to disk
05-09 10:15:29.383  1701  1716 I UsageStatsDatabase: Time changed by +15h28m58s336ms. files deleted: 0 files moved: 9
05-09 10:15:29.416  1701  1716 I UsageStatsService: User[0] Rollover scheduled @ 2024-05-09 22:25:13(1715293513981)
05-09 10:15:30.970  1701  3846 D ConnectivityService: requestNetwork for uid/pid:10051/23725 NetworkRequest [ TRACK_DEFAULT id=319, [ Capabilities: INTERNET&NOT_RESTRICTED&TRUSTED&NOT_VPN] ]
05-09 10:15:31.184  1701  2313 I ActivityManager: Start proc 23796:com.google.android.apps.maps/u0a59 for broadcast com.google.android.apps.maps/androidx.work.impl.background.systemalarm.RescheduleReceiver
05-09 10:15:32.771  1701  6144 D ConnectivityService: requestNetwork for uid/pid:10059/23796 NetworkRequest [ TRACK_DEFAULT id=320, [ Capabilities: INTERNET&NOT_RESTRICTED&TRUSTED&NOT_VPN] ]
05-09 10:15:32.856  1701  3844 I ActivityManager: Start proc 23831:com.google.android.apps.messaging/u0a66 for broadcast com.google.android.apps.messaging/androidx.work.impl.background.systemalarm.RescheduleReceiver
05-09 10:15:32.856  1701  3844 I ActivityManager: Killing 19259:com.android.vending:background/u0a23 (adj 906): empty for 7870s
05-09 10:15:32.910  1701  3846 D ConnectivityService: ConnectivityService NetworkRequestInfo binderDied(NetworkRequest [ TRACK_DEFAULT id=295, [ Capabilities: INTERNET&NOT_RESTRICTED&TRUSTED&NOT_VPN] ], android.os.BinderProxy@90d5732)
05-09 10:15:32.911  1701  1830 D ConnectivityService: releasing NetworkRequest [ TRACK_DEFAULT id=295, [ Capabilities: INTERNET&NOT_RESTRICTED&TRUSTED&NOT_VPN] ] (CALLBACK_RELEASED)
05-09 10:15:32.914  1701  1830 E ConnectivityService: RemoteException caught trying to send a callback msg for NetworkRequest [ TRACK_DEFAULT id=295, [ Capabilities: INTERNET&NOT_RESTRICTED&TRUSTED&NOT_VPN] ]
05-09 10:15:33.747  1701  2408 I ActivityManager: Start proc 23866:com.google.android.apps.photos/u0a67 for broadcast com.google.android.apps.photos/androidx.work.impl.background.systemalarm.RescheduleReceiver
05-09 10:15:34.274  1701  2017 D ConnectivityService: requestNetwork for uid/pid:10066/23831 NetworkRequest [ TRACK_DEFAULT id=321, [ Capabilities: INTERNET&NOT_RESTRICTED&TRUSTED&NOT_VPN] ]
05-09 10:15:34.661  1701  2017 I ActivityManager: Start proc 23912:com.google.android.apps.tachyon/u0a45 for broadcast com.google.android.apps.tachyon/androidx.work.impl.background.systemalarm.RescheduleReceiver
05-09 10:15:34.782  1701  2017 D ConnectivityService: requestNetwork for uid/pid:10067/23866 NetworkRequest [ TRACK_DEFAULT id=322, [ Capabilities: INTERNET&NOT_RESTRICTED&TRUSTED&NOT_VPN] ]
05-09 10:15:35.108  1701  3843 W ActivityManager: Background start not allowed: service Intent { cmp=com.google.android.apps.messaging/com.google.apps.tiktok.concurrent.AndroidFuturesService (has extras) } to com.google.android.apps.messaging/com.google.apps.tiktok.concurrent.AndroidFuturesService from pid=23831 uid=10066 pkg=com.google.android.apps.messaging
05-09 10:15:35.706  1701  2036 D ConnectivityService: requestNetwork for uid/pid:10066/22394 NetworkRequest [ TRACK_DEFAULT id=325, [ Capabilities: INTERNET&NOT_RESTRICTED&TRUSTED&NOT_VPN] ]
05-09 10:15:35.899  1701  3845 I ActivityManager: Start proc 24014:com.google.android.calendar/u0a46 for broadcast com.google.android.calendar/com.android.calendar.widget.CalendarAppWidgetProvider
05-09 10:15:35.957  1701  3844 D ConnectivityService: requestNetwork for uid/pid:10045/23912 NetworkRequest [ TRACK_DEFAULT id=326, [ Capabilities: INTERNET&NOT_RESTRICTED&TRUSTED&NOT_VPN] ]
05-09 10:15:36.145  1701  2313 I ActivityManager: Start proc 24042:com.google.android.deskclock/u0a65 for broadcast com.google.android.deskclock/com.android.deskclock.AlarmInitReceiver
05-09 10:15:36.183  1701  1830 D ConnectivityService: releasing NetworkRequest [ TRACK_DEFAULT id=325, [ Capabilities: INTERNET&NOT_RESTRICTED&TRUSTED&NOT_VPN] ] (CALLBACK_RELEASED)
05-09 10:15:36.194  1701  2364 I ActivityManager: Killing 18969:com.android.chrome/u0a43 (adj 906): empty for 5165s
05-09 10:15:36.253  1701  2364 W ActivityManager: Scheduling restart of crashed service com.android.chrome/org.chromium.chrome.browser.customtabs.CustomTabsConnectionService in 1000ms
05-09 10:15:36.260  1701  8105 I ActivityManager: Killing 21681:com.google.android.youtube/u0a78 (adj 906): empty for 5165s
05-09 10:15:36.282  1701  3844 D ConnectivityService: ConnectivityService NetworkRequestInfo binderDied(NetworkRequest [ TRACK_DEFAULT id=314, [ Capabilities: INTERNET&NOT_RESTRICTED&TRUSTED&NOT_VPN] ], android.os.BinderProxy@259ef79)
05-09 10:15:36.282  1701  3845 D ConnectivityService: ConnectivityService NetworkRequestInfo binderDied(NetworkRequest [ TRACK_DEFAULT id=313, [ Capabilities: INTERNET&NOT_RESTRICTED&TRUSTED&NOT_VPN] ], android.os.BinderProxy@7d804be)
05-09 10:15:36.282  1701  3844 D ConnectivityService: ConnectivityService NetworkRequestInfo binderDied(NetworkRequest [ TRACK_DEFAULT id=312, [ Capabilities: INTERNET&NOT_RESTRICTED&TRUSTED&NOT_VPN] ], android.os.BinderProxy@160191f)
05-09 10:15:36.282  1701  8105 D ConnectivityService: ConnectivityService NetworkRequestInfo binderDied(NetworkRequest [ LISTEN id=311, [ Capabilities: INTERNET&NOT_RESTRICTED&TRUSTED&FOREGROUND] ], android.os.BinderProxy@a8c546c)
05-09 10:15:36.285  1701  1830 D ConnectivityService: releasing NetworkRequest [ TRACK_DEFAULT id=314, [ Capabilities: INTERNET&NOT_RESTRICTED&TRUSTED&NOT_VPN] ] (CALLBACK_RELEASED)
05-09 10:15:36.286  1701  1830 E ConnectivityService: RemoteException caught trying to send a callback msg for NetworkRequest [ TRACK_DEFAULT id=314, [ Capabilities: INTERNET&NOT_RESTRICTED&TRUSTED&NOT_VPN] ]
05-09 10:15:36.286  1701  1830 D ConnectivityService: releasing NetworkRequest [ TRACK_DEFAULT id=313, [ Capabilities: INTERNET&NOT_RESTRICTED&TRUSTED&NOT_VPN] ] (CALLBACK_RELEASED)
05-09 10:15:36.288  1701  1830 E ConnectivityService: RemoteException caught trying to send a callback msg for NetworkRequest [ TRACK_DEFAULT id=313, [ Capabilities: INTERNET&NOT_RESTRICTED&TRUSTED&NOT_VPN] ]
05-09 10:15:36.288  1701  1830 D ConnectivityService: releasing NetworkRequest [ TRACK_DEFAULT id=312, [ Capabilities: INTERNET&NOT_RESTRICTED&TRUSTED&NOT_VPN] ] (CALLBACK_RELEASED)
05-09 10:15:36.289  1701  1830 E ConnectivityService: RemoteException caught trying to send a callback msg for NetworkRequest [ TRACK_DEFAULT id=312, [ Capabilities: INTERNET&NOT_RESTRICTED&TRUSTED&NOT_VPN] ]
05-09 10:15:36.294  1701  1830 E ConnectivityService: RemoteException caught trying to send a callback msg for NetworkRequest [ LISTEN id=311, [ Capabilities: INTERNET&NOT_RESTRICTED&TRUSTED&FOREGROUND] ]
05-09 10:15:36.487 24042 24070 E ActivityThread: Failed to find provider info for com.google.android.apps.wellbeing.api
05-09 10:15:36.493  1701  1901 I ActivityManager: Killing 22534:android.process.acore/u0a1 (adj 906): empty for 3441s
05-09 10:15:36.516  1701  2364 I ActivityManager: Start proc 24073:com.google.android.tts/u0a54 for broadcast com.google.android.tts/androidx.work.impl.background.systemalarm.RescheduleReceiver
05-09 10:15:36.531  1701  3843 D CountryDetector: No listener is left
05-09 10:15:36.666  1701  1830 D ConnectivityService: releasing NetworkRequest [ TRACK_DEFAULT id=326, [ Capabilities: INTERNET&NOT_RESTRICTED&TRUSTED&NOT_VPN] ] (CALLBACK_RELEASED)
05-09 10:15:36.869  1701  1903 I ActivityManager: Start proc 24104:com.google.android.videos/u0a72 for broadcast com.google.android.videos/androidx.work.impl.background.systemalarm.RescheduleReceiver
05-09 10:15:36.871  1701  1903 I ActivityManager: Killing 19693:com.google.android.dialer/u0a17 (adj 906): empty for 2664s
05-09 10:15:37.327  1701  3845 D ConnectivityService: requestNetwork for uid/pid:10072/24104 NetworkRequest [ TRACK_DEFAULT id=327, [ Capabilities: INTERNET&NOT_RESTRICTED&TRUSTED&NOT_VPN] ]
05-09 10:15:37.334  1701  2437 D ConnectivityService: requestNetwork for uid/pid:10072/24104 NetworkRequest [ TRACK_DEFAULT id=328, [ Capabilities: INTERNET&NOT_RESTRICTED&TRUSTED&NOT_VPN] ]
05-09 10:15:37.450  1701  6144 I ActivityManager: Start proc 24144:com.google.android.youtube/u0a78 for broadcast com.google.android.youtube/androidx.work.impl.background.systemalarm.RescheduleReceiver
05-09 10:15:38.294  1701  2364 D ConnectivityService: requestNetwork for uid/pid:10078/24144 NetworkRequest [ TRACK_DEFAULT id=330, [ Capabilities: INTERNET&NOT_RESTRICTED&TRUSTED&NOT_VPN] ]
