05-13 18:02:35.785  1701  1717 I chatty  : uid=1000(system) ActivityManager identical 1 line
05-13 18:02:41.796  1701  1717 E KernelCpuSpeedReader: Failed to read cpu-freq: /sys/devices/system/cpu/cpu0/cpufreq/stats/time_in_state (No such file or directory)
05-13 18:02:42.565  1701  1720 E BatteryStatsService: modem info is invalid: ModemActivityInfo{ mTimestamp=0 mSleepTimeMs=0 mIdleTimeMs=0 mTxTimeMs[]=[0, 0, 0, 0, 0] mRxTimeMs=0 mEnergyUsed=0}
05-13 18:02:46.850  1701  1717 E KernelCpuSpeedReader: Failed to read cpu-freq: /sys/devices/system/cpu/cpu0/cpufreq/stats/time_in_state (No such file or directory)
05-13 18:03:02.010  1701  1717 I chatty  : uid=1000(system) ActivityManager identical 3 lines
05-13 18:03:07.063  1701  1717 E KernelCpuSpeedReader: Failed to read cpu-freq: /sys/devices/system/cpu/cpu0/cpufreq/stats/time_in_state (No such file or directory)
05-13 18:03:10.144  1701  1720 E BatteryStatsService: modem info is invalid: ModemActivityInfo{ mTimestamp=0 mSleepTimeMs=0 mIdleTimeMs=0 mTxTimeMs[]=[0, 0, 0, 0, 0] mRxTimeMs=0 mEnergyUsed=0}
05-13 18:03:12.126  1701  1717 E KernelCpuSpeedReader: Failed to read cpu-freq: /sys/devices/system/cpu/cpu0/cpufreq/stats/time_in_state (No such file or directory)
05-13 18:04:59.008  1701  1717 I chatty  : uid=1000(system) ActivityManager identical 21 lines
05-13 18:05:04.032  1701  1717 E KernelCpuSpeedReader: Failed to read cpu-freq: /sys/devices/system/cpu/cpu0/cpufreq/stats/time_in_state (No such file or directory)
05-13 18:05:07.733  1701  2037 D ConnectivityService: ConnectivityService NetworkRequestInfo binderDied(NetworkRequest [ TRACK_DEFAULT id=347, [ Capabilities: INTERNET&NOT_RESTRICTED&TRUSTED&NOT_VPN] ], android.os.BinderProxy@912bd94)
05-13 18:05:07.733  1701  3846 I ActivityManager: Process com.google.android.apps.messaging (pid 27243) has died: cch+2CEM
05-13 18:05:07.733  1701  1830 D ConnectivityService: releasing NetworkRequest [ TRACK_DEFAULT id=347, [ Capabilities: INTERNET&NOT_RESTRICTED&TRUSTED&NOT_VPN] ] (CALLBACK_RELEASED)
05-13 18:05:07.734  1701  2313 D ConnectivityService: ConnectivityService NetworkRequestInfo binderDied(NetworkRequest [ LISTEN id=349, [ Capabilities: INTERNET&NOT_RESTRICTED&TRUSTED] ], android.os.BinderProxy@736003d)
05-13 18:05:07.734  1701  1830 E ConnectivityService: RemoteException caught trying to send a callback msg for NetworkRequest [ TRACK_DEFAULT id=347, [ Capabilities: INTERNET&NOT_RESTRICTED&TRUSTED&NOT_VPN] ]
05-13 18:05:07.735  1701  1830 E ConnectivityService: RemoteException caught trying to send a callback msg for NetworkRequest [ LISTEN id=349, [ Capabilities: INTERNET&NOT_RESTRICTED&TRUSTED] ]
05-13 18:05:09.088  1701  1717 E KernelCpuSpeedReader: Failed to read cpu-freq: /sys/devices/system/cpu/cpu0/cpufreq/stats/time_in_state (No such file or directory)
05-13 18:05:19.176  1701  1717 I chatty  : uid=1000(system) ActivityManager identical 2 lines
05-13 18:05:24.222  1701  1717 E KernelCpuSpeedReader: Failed to read cpu-freq: /sys/devices/system/cpu/cpu0/cpufreq/stats/time_in_state (No such file or directory)
05-13 18:05:25.880  1701  1720 E BatteryStatsService: modem info is invalid: ModemActivityInfo{ mTimestamp=0 mSleepTimeMs=0 mIdleTimeMs=0 mTxTimeMs[]=[0, 0, 0, 0, 0] mRxTimeMs=0 mEnergyUsed=0}
05-13 18:05:29.247  1701  1717 E KernelCpuSpeedReader: Failed to read cpu-freq: /sys/devices/system/cpu/cpu0/cpufreq/stats/time_in_state (No such file or directory)
05-13 18:08:04.450  1701  1717 I chatty  : uid=1000(system) ActivityManager identical 30 lines
05-13 18:08:10.453  1701  1717 E KernelCpuSpeedReader: Failed to read cpu-freq: /sys/devices/system/cpu/cpu0/cpufreq/stats/time_in_state (No such file or directory)
05-13 18:08:16.315  1701  1720 E BatteryStatsService: modem info is invalid: ModemActivityInfo{ mTimestamp=0 mSleepTimeMs=0 mIdleTimeMs=0 mTxTimeMs[]=[0, 0, 0, 0, 0] mRxTimeMs=0 mEnergyUsed=0}
05-13 18:08:16.452  1701  1717 E KernelCpuSpeedReader: Failed to read cpu-freq: /sys/devices/system/cpu/cpu0/cpufreq/stats/time_in_state (No such file or directory)
05-13 18:16:15.106  1701  1717 I chatty  : uid=1000(system) ActivityManager identical 82 lines
05-13 18:16:21.115  1701  1717 E KernelCpuSpeedReader: Failed to read cpu-freq: /sys/devices/system/cpu/cpu0/cpufreq/stats/time_in_state (No such file or directory)
05-13 18:16:26.396  1701  1720 E BatteryStatsService: modem info is invalid: ModemActivityInfo{ mTimestamp=0 mSleepTimeMs=0 mIdleTimeMs=0 mTxTimeMs[]=[0, 0, 0, 0, 0] mRxTimeMs=0 mEnergyUsed=0}
05-13 18:16:27.117  1701  1717 E KernelCpuSpeedReader: Failed to read cpu-freq: /sys/devices/system/cpu/cpu0/cpufreq/stats/time_in_state (No such file or directory)
05-13 18:16:33.119  1701  1717 E KernelCpuSpeedReader: Failed to read cpu-freq: /sys/devices/system/cpu/cpu0/cpufreq/stats/time_in_state (No such file or directory)
05-13 18:16:34.017  1701  1716 I UsageStatsService: User[0] Flushing usage stats to disk
05-13 18:16:38.802  1701  1717 E KernelCpuSpeedReader: Failed to read cpu-freq: /sys/devices/system/cpu/cpu0/cpufreq/stats/time_in_state (No such file or directory)
05-13 18:20:02.246  1701  1717 I chatty  : uid=1000(system) ActivityManager identical 34 lines
05-13 18:20:08.250  1701  1717 E KernelCpuSpeedReader: Failed to read cpu-freq: /sys/devices/system/cpu/cpu0/cpufreq/stats/time_in_state (No such file or directory)
05-13 18:20:10.436  1701  1720 E BatteryStatsService: modem info is invalid: ModemActivityInfo{ mTimestamp=0 mSleepTimeMs=0 mIdleTimeMs=0 mTxTimeMs[]=[0, 0, 0, 0, 0] mRxTimeMs=0 mEnergyUsed=0}
05-13 18:20:14.256  1701  1717 E KernelCpuSpeedReader: Failed to read cpu-freq: /sys/devices/system/cpu/cpu0/cpufreq/stats/time_in_state (No such file or directory)
05-13 18:23:38.951  1701  1717 I chatty  : uid=1000(system) ActivityManager identical 35 lines
05-13 18:23:44.398  1701  1717 E KernelCpuSpeedReader: Failed to read cpu-freq: /sys/devices/system/cpu/cpu0/cpufreq/stats/time_in_state (No such file or directory)
05-13 18:23:46.815  1701  1720 E KernelCpuSpeedReader: Failed to read cpu-freq: /sys/devices/system/cpu/cpu0/cpufreq/stats/time_in_state (No such file or directory)
05-13 18:23:46.816  1701  1720 E BatteryStatsService: modem info is invalid: ModemActivityInfo{ mTimestamp=0 mSleepTimeMs=0 mIdleTimeMs=0 mTxTimeMs[]=[0, 0, 0, 0, 0] mRxTimeMs=0 mEnergyUsed=0}
05-13 18:23:50.397  1701  1717 E KernelCpuSpeedReader: Failed to read cpu-freq: /sys/devices/system/cpu/cpu0/cpufreq/stats/time_in_state (No such file or directory)
05-13 18:26:30.494  1701  1717 I chatty  : uid=1000(system) ActivityManager identical 27 lines
05-13 18:26:36.500  1701  1717 E KernelCpuSpeedReader: Failed to read cpu-freq: /sys/devices/system/cpu/cpu0/cpufreq/stats/time_in_state (No such file or directory)
05-13 18:26:42.181  1701  6139 I ActivityManager: Killing 27496:com.google.android.tts/u0a54 (adj 904): empty for 1802s
05-13 18:26:42.182  1701  6139 I ActivityManager: Killing 27451:com.google.android.deskclock/u0a65 (adj 904): empty for 1802s
05-13 18:26:42.182  1701  6139 I ActivityManager: Killing 27177:com.android.providers.calendar/u0a3 (adj 904): empty for 1802s
05-13 18:26:42.182  1701  6139 I ActivityManager: Killing 27287:com.google.android.apps.tachyon/u0a45 (adj 904): empty for 1803s
05-13 18:26:42.182  1701  6139 I ActivityManager: Killing 24664:com.google.android.apps.photos/u0a67 (adj 904): empty for 1804s
05-13 18:26:42.182  1701  6139 I ActivityManager: Killing 27198:com.google.android.apps.maps/u0a59 (adj 906): empty for 1807s
05-13 18:26:42.203  1701  2017 D ConnectivityService: ConnectivityService NetworkRequestInfo binderDied(NetworkRequest [ TRACK_DEFAULT id=346, [ Capabilities: INTERNET&NOT_RESTRICTED&TRUSTED&NOT_VPN] ], android.os.BinderProxy@d764a65)
05-13 18:26:42.203  1701  1830 D ConnectivityService: releasing NetworkRequest [ TRACK_DEFAULT id=346, [ Capabilities: INTERNET&NOT_RESTRICTED&TRUSTED&NOT_VPN] ] (CALLBACK_RELEASED)
05-13 18:26:42.205  1701  1830 E ConnectivityService: RemoteException caught trying to send a callback msg for NetworkRequest [ TRACK_DEFAULT id=346, [ Capabilities: INTERNET&NOT_RESTRICTED&TRUSTED&NOT_VPN] ]
05-13 18:26:42.254  1701  1712 D ConnectivityService: ConnectivityService NetworkRequestInfo binderDied(NetworkRequest [ LISTEN id=348, [ Capabilities: INTERNET&NOT_RESTRICTED&TRUSTED] ], android.os.BinderProxy@526a33a)
05-13 18:26:42.254  1701  3843 D ConnectivityService: ConnectivityService NetworkRequestInfo binderDied(NetworkRequest [ TRACK_DEFAULT id=335, [ Capabilities: INTERNET&NOT_RESTRICTED&TRUSTED&NOT_VPN] ], android.os.BinderProxy@b5beb)
05-13 18:26:42.256  1701  1830 E ConnectivityService: RemoteException caught trying to send a callback msg for NetworkRequest [ LISTEN id=348, [ Capabilities: INTERNET&NOT_RESTRICTED&TRUSTED] ]
05-13 18:26:42.256  1701  1830 D ConnectivityService: releasing NetworkRequest [ TRACK_DEFAULT id=335, [ Capabilities: INTERNET&NOT_RESTRICTED&TRUSTED&NOT_VPN] ] (CALLBACK_RELEASED)
05-13 18:26:42.258  1701  1830 E ConnectivityService: RemoteException caught trying to send a callback msg for NetworkRequest [ TRACK_DEFAULT id=335, [ Capabilities: INTERNET&NOT_RESTRICTED&TRUSTED&NOT_VPN] ]
05-13 18:26:42.502  1701  1717 E KernelCpuSpeedReader: Failed to read cpu-freq: /sys/devices/system/cpu/cpu0/cpufreq/stats/time_in_state (No such file or directory)
05-13 18:26:48.502  1701  1717 E KernelCpuSpeedReader: Failed to read cpu-freq: /sys/devices/system/cpu/cpu0/cpufreq/stats/time_in_state (No such file or directory)
05-13 18:26:52.596  1701  1720 E BatteryStatsService: modem info is invalid: ModemActivityInfo{ mTimestamp=0 mSleepTimeMs=0 mIdleTimeMs=0 mTxTimeMs[]=[0, 0, 0, 0, 0] mRxTimeMs=0 mEnergyUsed=0}
05-13 18:26:54.509  1701  1717 E KernelCpuSpeedReader: Failed to read cpu-freq: /sys/devices/system/cpu/cpu0/cpufreq/stats/time_in_state (No such file or directory)
05-13 18:32:32.812  1701  1717 I chatty  : uid=1000(system) ActivityManager identical 58 lines
05-13 18:32:37.844  1701  1717 E KernelCpuSpeedReader: Failed to read cpu-freq: /sys/devices/system/cpu/cpu0/cpufreq/stats/time_in_state (No such file or directory)
05-13 18:32:38.115  1701  1720 E BatteryStatsService: modem info is invalid: ModemActivityInfo{ mTimestamp=0 mSleepTimeMs=0 mIdleTimeMs=0 mTxTimeMs[]=[0, 0, 0, 0, 0] mRxTimeMs=0 mEnergyUsed=0}
05-13 18:32:43.121  1701  1717 E KernelCpuSpeedReader: Failed to read cpu-freq: /sys/devices/system/cpu/cpu0/cpufreq/stats/time_in_state (No such file or directory)
05-13 18:34:59.208  1701  1717 I chatty  : uid=1000(system) ActivityManager identical 26 lines
05-13 18:35:04.879  1701  1717 E KernelCpuSpeedReader: Failed to read cpu-freq: /sys/devices/system/cpu/cpu0/cpufreq/stats/time_in_state (No such file or directory)
05-13 18:35:07.030  1701  1701 I ActivityManager: Start proc 28657:com.google.android.partnersetup/u0a16 for service com.google.android.partnersetup/.InstalledAppJobService
05-13 18:35:07.298  8125  8368 W PackageParser: Unknown element under <manifest>: queries at /data/user_de/0/com.google.android.gms/app_chimera/m/00000017/dl-Pay.optional_241616040700.apk Binary XML file line #11
05-13 18:35:07.315  8125  8368 W PackageParser: Unknown element under <manifest>: queries at /data/user_de/0/com.google.android.gms/app_chimera/m/00000006/AdsDynamite.uncompressed.apk Binary XML file line #15
05-13 18:35:07.329  8125  8368 W PackageParser: Unknown element under <manifest>: queries at /data/user_de/0/com.google.android.gms/app_chimera/m/0000001c/DynamiteModulesC.uncompressed.apk Binary XML file line #15
05-13 18:35:07.351  8125  8368 W PackageParser: Unknown element under <manifest>: queries at /data/user_de/0/com.google.android.gms/app_chimera/m/00000014/dl-AdsFdrDynamite.integ_241199801020000.apk Binary XML file line #15
05-13 18:35:10.876  1701  1717 E KernelCpuSpeedReader: Failed to read cpu-freq: /sys/devices/system/cpu/cpu0/cpufreq/stats/time_in_state (No such file or directory)
05-13 18:35:22.889  1701  1717 I chatty  : uid=1000(system) ActivityManager identical 2 lines
05-13 18:35:28.890  1701  1717 E KernelCpuSpeedReader: Failed to read cpu-freq: /sys/devices/system/cpu/cpu0/cpufreq/stats/time_in_state (No such file or directory)
05-13 18:35:29.098  1701  2437 I ActivityManager: Killing 27394:com.google.android.calendar/u0a46 (adj 906): empty for 2327s
05-13 18:35:34.894  1701  1717 E KernelCpuSpeedReader: Failed to read cpu-freq: /sys/devices/system/cpu/cpu0/cpufreq/stats/time_in_state (No such file or directory)
05-13 18:40:07.236  1701  1717 I chatty  : uid=1000(system) ActivityManager identical 47 lines
05-13 18:40:12.282  1701  1717 E KernelCpuSpeedReader: Failed to read cpu-freq: /sys/devices/system/cpu/cpu0/cpufreq/stats/time_in_state (No such file or directory)
05-13 18:40:12.285  1701  1720 E BatteryStatsService: modem info is invalid: ModemActivityInfo{ mTimestamp=0 mSleepTimeMs=0 mIdleTimeMs=0 mTxTimeMs[]=[0, 0, 0, 0, 0] mRxTimeMs=0 mEnergyUsed=0}
05-13 18:40:17.313  1701  1717 E KernelCpuSpeedReader: Failed to read cpu-freq: /sys/devices/system/cpu/cpu0/cpufreq/stats/time_in_state (No such file or directory)
05-13 18:43:25.014  1701  1717 I chatty  : uid=1000(system) ActivityManager identical 37 lines
05-13 18:43:30.051  1701  1717 E KernelCpuSpeedReader: Failed to read cpu-freq: /sys/devices/system/cpu/cpu0/cpufreq/stats/time_in_state (No such file or directory)
05-16 15:46:20.142  1701  1701 D ConditionProviders.SCP: onReceive android.intent.action.TIME_SET
05-16 15:46:20.435  1701  1717 W ActivityManager: Slow operation: 266ms so far, now at startProcess: returned from zygote!
05-16 15:46:20.437  1701  1717 W ActivityManager: Slow operation: 269ms so far, now at startProcess: done updating battery stats
05-16 15:46:20.438  1701  1717 W ActivityManager: Slow operation: 269ms so far, now at startProcess: building log message
05-16 15:46:20.438  1701  1717 I ActivityManager: Start proc 28855:com.google.android.apps.docs/u0a51 for broadcast com.google.android.apps.docs/androidx.work.impl.background.systemalarm.RescheduleReceiver
05-16 15:46:20.438  1701  1717 W ActivityManager: Slow operation: 270ms so far, now at startProcess: starting to update pids map
05-16 15:46:20.439  1701  1717 W ActivityManager: Slow operation: 270ms so far, now at startProcess: done updating pids map
05-16 15:46:20.439  1701  1717 W ActivityManager: Slow operation: 284ms so far, now at startProcess: done starting proc!
05-16 15:46:20.459  1701  1718 W Looper  : Dispatch took 296ms on android.ui, h=Handler (com.android.server.am.ActivityManagerService$UiHandler) {fe077a5} cb=null msg=53
05-16 15:46:20.524  1701  1701 D ConditionProviders.SCP: notifyCondition condition://android/schedule?days=6.7&start=23.30&end=10.0&exitAtAlarm=false STATE_FALSE reason=!meetsSchedule
05-16 15:46:20.550  1701  1701 D ConditionProviders.SCP: notifyCondition condition://android/schedule?days=1.2.3.4.5&start=22.0&end=7.0&exitAtAlarm=false STATE_FALSE reason=!meetsSchedule
05-16 15:46:20.568  1701  1701 D ConditionProviders.SCP: Scheduling evaluate for Thu May 16 22:00:00 GMT+00:00 2024 (1715896800000), in +6h13m39s857ms, now=Thu May 16 15:46:20 GMT+00:00 2024 (1715874380143)
05-16 15:46:20.570  1701  1701 D ConditionProviders.SCP: onReceive ScheduleConditionProvider.EVALUATE
05-16 15:46:20.571  1701  1701 D ConditionProviders.SCP: notifyCondition condition://android/schedule?days=6.7&start=23.30&end=10.0&exitAtAlarm=false STATE_FALSE reason=!meetsSchedule
05-16 15:46:20.571  1701  1701 D ConditionProviders.SCP: notifyCondition condition://android/schedule?days=1.2.3.4.5&start=22.0&end=7.0&exitAtAlarm=false STATE_FALSE reason=!meetsSchedule
05-16 15:46:20.572  1701  1701 D ConditionProviders.SCP: Scheduling evaluate for Thu May 16 22:00:00 GMT+00:00 2024 (1715896800000), in +6h13m39s430ms, now=Thu May 16 15:46:20 GMT+00:00 2024 (1715874380570)
05-16 15:46:20.678  1701  3845 W ActivityManager: Slow operation: 69ms so far, now at attachApplicationLocked: immediately after bindApplication
05-16 15:46:20.678  1701  3845 W ActivityManager: Slow operation: 69ms so far, now at attachApplicationLocked: after updateLruProcessLocked
05-16 15:46:20.688  1701  1717 E KernelCpuSpeedReader: Failed to read cpu-freq: /sys/devices/system/cpu/cpu0/cpufreq/stats/time_in_state (No such file or directory)
05-16 15:46:20.702  1701  3845 W ActivityManager: Slow operation: 94ms so far, now at attachApplicationLocked: after mServices.attachApplicationLocked
05-16 15:46:20.725  1701  3845 W ActivityManager: Slow operation: 116ms so far, now at attachApplicationLocked: after sendPendingBroadcastsLocked
05-16 15:46:20.793  1701  1836 W ActivityManager: Slow operation: 62ms so far, now at startProcess: returned from zygote!
05-16 15:46:20.793  1701  1836 W ActivityManager: Slow operation: 63ms so far, now at startProcess: done updating battery stats
05-16 15:46:20.793  1701  1836 W ActivityManager: Slow operation: 63ms so far, now at startProcess: building log message
05-16 15:46:20.793  1701  1836 I ActivityManager: Start proc 28868:com.android.providers.calendar/u0a3 for content provider com.android.providers.calendar/.CalendarProvider2
05-16 15:46:20.793  1701  1836 W ActivityManager: Slow operation: 63ms so far, now at startProcess: starting to update pids map
05-16 15:46:20.794  1701  1836 W ActivityManager: Slow operation: 63ms so far, now at startProcess: done updating pids map
05-16 15:46:20.794  1701  1836 W ActivityManager: Slow operation: 65ms so far, now at startProcess: done starting proc!
05-16 15:46:20.794  1701  1836 W ActivityManager: Slow operation: 67ms so far, now at getContentProviderImpl: after start process
05-16 15:46:20.794  1701  1836 W ActivityManager: Slow operation: 68ms so far, now at getContentProviderImpl: updating data structures
05-16 15:46:20.795  1701  1836 W ActivityManager: Slow operation: 69ms so far, now at getContentProviderImpl: done!
05-16 15:46:20.890  1701  1716 I UsageStatsService: Time changed in UsageStats by 248565 seconds
05-16 15:46:20.908  1701  1716 I UsageStatsDatabase: Time changed by +2d21h2m45s596ms. files deleted: 0 files moved: 9
05-16 15:46:20.996  1701  1716 I UsageStatsService: User[0] Rollover scheduled @ 2024-05-17 00:57:01(1715907421038)
05-16 15:46:22.481  1701  8105 D ConnectivityService: requestNetwork for uid/pid:10051/28855 NetworkRequest [ TRACK_DEFAULT id=359, [ Capabilities: INTERNET&NOT_RESTRICTED&TRUSTED&NOT_VPN] ]
05-16 15:46:22.601  1701  6139 I ActivityManager: Start proc 28925:com.google.android.apps.maps/u0a59 for broadcast com.google.android.apps.maps/androidx.work.impl.background.systemalarm.RescheduleReceiver
05-16 15:46:22.602  1701  6139 I ActivityManager: Killing 27671:com.google.android.apps.wallpaper/u0a73 (adj 906): empty for 2815s
05-16 15:46:24.087  1701  6139 D ConnectivityService: requestNetwork for uid/pid:10059/28925 NetworkRequest [ TRACK_DEFAULT id=360, [ Capabilities: INTERNET&NOT_RESTRICTED&TRUSTED&NOT_VPN] ]
05-16 15:46:24.119  1701  3845 I ActivityManager: Start proc 28963:com.google.android.apps.messaging/u0a66 for broadcast com.google.android.apps.messaging/androidx.work.impl.background.systemalarm.RescheduleReceiver
05-16 15:46:24.120  1701  3845 I ActivityManager: Killing 27538:com.google.android.videos/u0a72 (adj 906): empty for 2816s
05-16 15:46:24.200  1701  3844 D ConnectivityService: ConnectivityService NetworkRequestInfo binderDied(NetworkRequest [ TRACK_DEFAULT id=353, [ Capabilities: INTERNET&NOT_RESTRICTED&TRUSTED&NOT_VPN] ], android.os.BinderProxy@e774468)
05-16 15:46:24.200  1701  2036 D ConnectivityService: ConnectivityService NetworkRequestInfo binderDied(NetworkRequest [ TRACK_DEFAULT id=352, [ Capabilities: INTERNET&NOT_RESTRICTED&TRUSTED&NOT_VPN] ], android.os.BinderProxy@c791b8b)
05-16 15:46:24.200  1701  1830 D ConnectivityService: releasing NetworkRequest [ TRACK_DEFAULT id=353, [ Capabilities: INTERNET&NOT_RESTRICTED&TRUSTED&NOT_VPN] ] (CALLBACK_RELEASED)
05-16 15:46:24.205  1701  1830 E ConnectivityService: RemoteException caught trying to send a callback msg for NetworkRequest [ TRACK_DEFAULT id=353, [ Capabilities: INTERNET&NOT_RESTRICTED&TRUSTED&NOT_VPN] ]
05-16 15:46:24.205  1701  1830 D ConnectivityService: releasing NetworkRequest [ TRACK_DEFAULT id=352, [ Capabilities: INTERNET&NOT_RESTRICTED&TRUSTED&NOT_VPN] ] (CALLBACK_RELEASED)
05-16 15:46:24.206  1701  1830 E ConnectivityService: RemoteException caught trying to send a callback msg for NetworkRequest [ TRACK_DEFAULT id=352, [ Capabilities: INTERNET&NOT_RESTRICTED&TRUSTED&NOT_VPN] ]
05-16 15:46:24.399  1701  8105 D ConnectivityService: Returning blocked NetworkInfo to uid=10059
05-16 15:46:25.363  1701  1711 I ActivityManager: Start proc 29004:com.google.android.apps.photos/u0a67 for broadcast com.google.android.apps.photos/androidx.work.impl.background.systemalarm.RescheduleReceiver
05-16 15:46:25.364  1701  1711 I ActivityManager: Killing 27374:com.google.android.apps.messaging:rcs/u0a66 (adj 906): empty for 2806s
05-16 15:46:25.717  1701  2419 D ConnectivityService: Returning blocked NetworkInfo to uid=10066
05-16 15:46:25.852  1701  2448 D ConnectivityService: requestNetwork for uid/pid:10066/28963 NetworkRequest [ TRACK_DEFAULT id=361, [ Capabilities: INTERNET&NOT_RESTRICTED&TRUSTED&NOT_VPN] ]
05-16 15:46:25.980  1701  1717 E KernelCpuSpeedReader: Failed to read cpu-freq: /sys/devices/system/cpu/cpu0/cpufreq/stats/time_in_state (No such file or directory)
05-16 15:46:26.315  1701  2037 I ActivityManager: Start proc 29042:com.google.android.apps.tachyon/u0a45 for broadcast com.google.android.apps.tachyon/androidx.work.impl.background.systemalarm.RescheduleReceiver
05-16 15:46:26.322  1701  2037 I ActivityManager: Killing 27721:com.android.chrome/u0a43 (adj 906): empty for 2757s
05-16 15:46:26.368  1701  2437 W ActivityManager: Scheduling restart of crashed service com.android.chrome/org.chromium.chrome.browser.customtabs.CustomTabsConnectionService in 1000ms
05-16 15:46:26.579  1701  3428 D ConnectivityService: requestNetwork for uid/pid:10067/29004 NetworkRequest [ TRACK_DEFAULT id=362, [ Capabilities: INTERNET&NOT_RESTRICTED&TRUSTED&NOT_VPN] ]
05-16 15:46:27.099  1701  2364 W ActivityManager: Background start not allowed: service Intent { cmp=com.google.android.apps.messaging/com.google.apps.tiktok.concurrent.AndroidFuturesService (has extras) } to com.google.android.apps.messaging/com.google.apps.tiktok.concurrent.AndroidFuturesService from pid=28963 uid=10066 pkg=com.google.android.apps.messaging
05-16 15:46:27.456  1701  3843 D ConnectivityService: Returning blocked NetworkInfo to uid=10045
05-16 15:46:27.578  1701  2419 I ActivityManager: Start proc 29120:com.google.android.apps.messaging:rcs/u0a66 for service com.google.android.apps.messaging/com.google.android.ims.service.JibeService
05-16 15:46:27.836  1701  8105 I ActivityManager: Start proc 29160:com.google.android.calendar/u0a46 for broadcast com.google.android.calendar/com.android.calendar.widget.CalendarAppWidgetProvider
05-16 15:46:27.857  1701  1720 E BatteryStatsService: modem info is invalid: ModemActivityInfo{ mTimestamp=0 mSleepTimeMs=0 mIdleTimeMs=0 mTxTimeMs[]=[0, 0, 0, 0, 0] mRxTimeMs=0 mEnergyUsed=0}
05-16 15:46:27.989  1701  6144 D ConnectivityService: requestNetwork for uid/pid:10045/29042 NetworkRequest [ TRACK_DEFAULT id=364, [ Capabilities: INTERNET&NOT_RESTRICTED&TRUSTED&NOT_VPN] ]
05-16 15:46:28.015  1701  2037 I ActivityManager: Killing 27579:com.google.android.youtube/u0a78 (adj 906): empty for 2758s
05-16 15:46:28.089  1701  3843 D ConnectivityService: ConnectivityService NetworkRequestInfo binderDied(NetworkRequest [ TRACK_DEFAULT id=357, [ Capabilities: INTERNET&NOT_RESTRICTED&TRUSTED&NOT_VPN] ], android.os.BinderProxy@8b93165)
05-16 15:46:28.089  1701  2419 D ConnectivityService: ConnectivityService NetworkRequestInfo binderDied(NetworkRequest [ TRACK_DEFAULT id=356, [ Capabilities: INTERNET&NOT_RESTRICTED&TRUSTED&NOT_VPN] ], android.os.BinderProxy@d04fe3a)
05-16 15:46:28.089  1701  2037 D ConnectivityService: ConnectivityService NetworkRequestInfo binderDied(NetworkRequest [ TRACK_DEFAULT id=355, [ Capabilities: INTERNET&NOT_RESTRICTED&TRUSTED&NOT_VPN] ], android.os.BinderProxy@b721aeb)
05-16 15:46:28.089  1701  2448 D ConnectivityService: ConnectivityService NetworkRequestInfo binderDied(NetworkRequest [ LISTEN id=354, [ Capabilities: INTERNET&NOT_RESTRICTED&TRUSTED&FOREGROUND] ], android.os.BinderProxy@8b4048)
05-16 15:46:28.091  1701  1830 D ConnectivityService: releasing NetworkRequest [ TRACK_DEFAULT id=356, [ Capabilities: INTERNET&NOT_RESTRICTED&TRUSTED&NOT_VPN] ] (CALLBACK_RELEASED)
05-16 15:46:28.092  1701  1830 E ConnectivityService: RemoteException caught trying to send a callback msg for NetworkRequest [ TRACK_DEFAULT id=356, [ Capabilities: INTERNET&NOT_RESTRICTED&TRUSTED&NOT_VPN] ]
05-16 15:46:28.092  1701  1830 D ConnectivityService: releasing NetworkRequest [ TRACK_DEFAULT id=355, [ Capabilities: INTERNET&NOT_RESTRICTED&TRUSTED&NOT_VPN] ] (CALLBACK_RELEASED)
05-16 15:46:28.093  1701  1830 E ConnectivityService: RemoteException caught trying to send a callback msg for NetworkRequest [ TRACK_DEFAULT id=355, [ Capabilities: INTERNET&NOT_RESTRICTED&TRUSTED&NOT_VPN] ]
05-16 15:46:28.094  1701  1830 E ConnectivityService: RemoteException caught trying to send a callback msg for NetworkRequest [ LISTEN id=354, [ Capabilities: INTERNET&NOT_RESTRICTED&TRUSTED&FOREGROUND] ]
05-16 15:46:28.095  1701  1830 D ConnectivityService: releasing NetworkRequest [ TRACK_DEFAULT id=357, [ Capabilities: INTERNET&NOT_RESTRICTED&TRUSTED&NOT_VPN] ] (CALLBACK_RELEASED)
05-16 15:46:28.096  1701  1830 E ConnectivityService: RemoteException caught trying to send a callback msg for NetworkRequest [ TRACK_DEFAULT id=357, [ Capabilities: INTERNET&NOT_RESTRICTED&TRUSTED&NOT_VPN] ]
05-16 15:46:28.112  1701  6144 I ActivityManager: Start proc 29200:com.google.android.deskclock/u0a65 for broadcast com.google.android.deskclock/com.android.deskclock.AlarmInitReceiver
05-16 15:46:28.113  1701  2419 I ActivityManager: Killing 27840:android.process.acore/u0a1 (adj 906): empty for 2689s
05-16 15:46:28.177  1701  3843 D CountryDetector: No listener is left
05-16 15:46:28.319  1701  3843 D ConnectivityService: requestNetwork for uid/pid:10066/29120 NetworkRequest [ TRACK_DEFAULT id=365, [ Capabilities: INTERNET&NOT_RESTRICTED&TRUSTED&NOT_VPN] ]
05-16 15:46:28.339 29200 29232 E ActivityThread: Failed to find provider info for com.google.android.apps.wellbeing.api
05-16 15:46:28.354  1701  2437 I ActivityManager: Killing 27879:com.google.android.dialer/u0a17 (adj 906): empty for 2657s
05-16 15:46:28.405  1701  2364 I ActivityManager: Start proc 29243:com.google.android.tts/u0a54 for broadcast com.google.android.tts/androidx.work.impl.background.systemalarm.RescheduleReceiver
05-16 15:46:28.603  1701  1830 D ConnectivityService: releasing NetworkRequest [ TRACK_DEFAULT id=365, [ Capabilities: INTERNET&NOT_RESTRICTED&TRUSTED&NOT_VPN] ] (CALLBACK_RELEASED)
05-16 15:46:28.619 29120 29120 E ActivityThread: Service com.google.android.ims.service.JibeService has leaked IntentReceiver com.google.android.ims.receiver.sip.DebugOptionsReceiver@67a05cd that was originally registered here. Are you missing a call to unregisterReceiver()?
05-16 15:46:28.619 29120 29120 E ActivityThread: android.app.IntentReceiverLeaked: Service com.google.android.ims.service.JibeService has leaked IntentReceiver com.google.android.ims.receiver.sip.DebugOptionsReceiver@67a05cd that was originally registered here. Are you missing a call to unregisterReceiver()?
05-16 15:46:28.619 29120 29120 E ActivityThread: 	at android.app.LoadedApk$ReceiverDispatcher.<init>(LoadedApk.java:1333)
05-16 15:46:28.619 29120 29120 E ActivityThread: 	at android.app.LoadedApk.getReceiverDispatcher(LoadedApk.java:1114)
05-16 15:46:28.619 29120 29120 E ActivityThread: 	at android.app.ContextImpl.registerReceiverInternal(ContextImpl.java:1405)
05-16 15:46:28.619 29120 29120 E ActivityThread: 	at android.app.ContextImpl.registerReceiver(ContextImpl.java:1385)
05-16 15:46:28.619 29120 29120 E ActivityThread: 	at android.content.ContextWrapper.registerReceiver(ContextWrapper.java:624)
05-16 15:46:28.619 29120 29120 E ActivityThread: 	at jmr.b(PG:53)
05-16 15:46:28.619 29120 29120 E ActivityThread: 	at jmv.g(PG:24)
05-16 15:46:28.619 29120 29120 E ActivityThread: 	at jmv.f(PG:2)
05-16 15:46:28.619 29120 29120 E ActivityThread: 	at com.google.android.ims.receiver.sip.DebugOptionsReceiver.a(PG:17)
05-16 15:46:28.619 29120 29120 E ActivityThread: 	at cgzq.a(PG:59)
05-16 15:46:28.619 29120 29120 E ActivityThread: 	at cjgr.run(PG:209)
05-16 15:46:28.619 29120 29120 E ActivityThread: 	at android.os.Handler.handleCallback(Handler.java:789)
05-16 15:46:28.619 29120 29120 E ActivityThread: 	at android.os.Handler.dispatchMessage(Handler.java:98)
05-16 15:46:28.619 29120 29120 E ActivityThread: 	at android.os.Looper.loop(Looper.java:164)
05-16 15:46:28.619 29120 29120 E ActivityThread: 	at android.os.HandlerThread.run(HandlerThread.java:65)
05-16 15:46:28.619 29120 29120 E ActivityThread: Service com.google.android.ims.service.JibeService has leaked IntentReceiver cjgk@9471e82 that was originally registered here. Are you missing a call to unregisterReceiver()?
05-16 15:46:28.619 29120 29120 E ActivityThread: android.app.IntentReceiverLeaked: Service com.google.android.ims.service.JibeService has leaked IntentReceiver cjgk@9471e82 that was originally registered here. Are you missing a call to unregisterReceiver()?
05-16 15:46:28.619 29120 29120 E ActivityThread: 	at android.app.LoadedApk$ReceiverDispatcher.<init>(LoadedApk.java:1333)
05-16 15:46:28.619 29120 29120 E ActivityThread: 	at android.app.LoadedApk.getReceiverDispatcher(LoadedApk.java:1114)
05-16 15:46:28.619 29120 29120 E ActivityThread: 	at android.app.ContextImpl.registerReceiverInternal(ContextImpl.java:1405)
05-16 15:46:28.619 29120 29120 E ActivityThread: 	at android.app.ContextImpl.registerReceiver(ContextImpl.java:1378)
05-16 15:46:28.619 29120 29120 E ActivityThread: 	at android.app.ContextImpl.registerReceiver(ContextImpl.java:1366)
05-16 15:46:28.619 29120 29120 E ActivityThread: 	at android.content.ContextWrapper.registerReceiver(ContextWrapper.java:603)
05-16 15:46:28.619 29120 29120 E ActivityThread: 	at cjgk.a(PG:22)
05-16 15:46:28.619 29120 29120 E ActivityThread: 	at cgzq.a(PG:62)
05-16 15:46:28.619 29120 29120 E ActivityThread: 	at cjgr.run(PG:209)
05-16 15:46:28.619 29120 29120 E ActivityThread: 	at android.os.Handler.handleCallback(Handler.java:789)
05-16 15:46:28.619 29120 29120 E ActivityThread: 	at android.os.Handler.dispatchMessage(Handler.java:98)
05-16 15:46:28.619 29120 29120 E ActivityThread: 	at android.os.Looper.loop(Looper.java:164)
05-16 15:46:28.619 29120 29120 E ActivityThread: 	at android.os.HandlerThread.run(HandlerThread.java:65)
05-16 15:46:28.667  1701  3843 I ActivityManager: Start proc 29272:com.google.android.videos/u0a72 for broadcast com.google.android.videos/androidx.work.impl.background.systemalarm.RescheduleReceiver
05-16 15:46:29.049  1701  3846 D ConnectivityService: requestNetwork for uid/pid:10072/29272 NetworkRequest [ TRACK_DEFAULT id=366, [ Capabilities: INTERNET&NOT_RESTRICTED&TRUSTED&NOT_VPN] ]
05-16 15:46:29.152  1701  2364 D ConnectivityService: requestNetwork for uid/pid:10072/29272 NetworkRequest [ TRACK_DEFAULT id=367, [ Capabilities: INTERNET&NOT_RESTRICTED&TRUSTED&NOT_VPN] ]
05-16 15:46:29.180  1701  1903 I ActivityManager: Start proc 29313:com.google.android.youtube/u0a78 for broadcast com.google.android.youtube/androidx.work.impl.background.systemalarm.RescheduleReceiver
05-16 15:46:29.903  1701  8105 D ConnectivityService: Returning blocked NetworkInfo to uid=10078
05-16 15:46:30.133  1701  2408 D ConnectivityService: requestNetwork for uid/pid:10078/29313 NetworkRequest [ TRACK_DEFAULT id=369, [ Capabilities: INTERNET&NOT_RESTRICTED&TRUSTED&NOT_VPN] ]
05-16 15:46:30.219  1701  2037 W ActivityManager: Background start not allowed: service Intent { cmp=com.google.android.apps.messaging/.shared.datamodel.action.execution.ActionExecutorImpl$EmptyService } to com.google.android.apps.messaging/.shared.datamodel.action.execution.ActionExecutorImpl$EmptyService from pid=28963 uid=10066 pkg=com.google.android.apps.messaging
05-16 15:46:30.226  1701  2448 W ActivityManager: Background start not allowed: service Intent { cmp=com.google.android.apps.messaging/.shared.datamodel.action.execution.ActionExecutorImpl$EmptyService } to com.google.android.apps.messaging/.shared.datamodel.action.execution.ActionExecutorImpl$EmptyService from pid=28963 uid=10066 pkg=com.google.android.apps.messaging
05-16 15:46:30.263  1701  2437 I ActivityManager: Start proc 29384:com.google.android.apps.wallpaper/u0a73 for broadcast com.google.android.apps.wallpaper/.module.DailyLoggingAlarmReceiver
05-16 15:46:30.293  1701  2448 D ConnectivityService: requestNetwork for uid/pid:10078/29313 NetworkRequest [ TRACK_DEFAULT id=370, [ Capabilities: INTERNET&NOT_RESTRICTED&TRUSTED&NOT_VPN] ]
05-16 15:46:30.459  1701  1717 W BroadcastQueue: Permission Denial: broadcasting Intent { act=android.net.conn.CONNECTIVITY_CHANGE flg=0x4000010 (has extras) } from null (pid=-1, uid=-1) requires com.google.android.youtube.DYNAMIC_RECEIVER_NOT_EXPORTED_PERMISSION due to registered receiver BroadcastFilter{67f89c2 u0 ReceiverList{970160d 29313 com.google.android.youtube/10078/u0 remote:f5348a4}}
05-16 15:46:31.126  1701  1717 E KernelCpuSpeedReader: Failed to read cpu-freq: /sys/devices/system/cpu/cpu0/cpufreq/stats/time_in_state (No such file or directory)
05-16 15:46:32.109  1701  3843 I ActivityManager: Start proc 29447:com.android.chrome/u0a43 for service com.android.chrome/org.chromium.chrome.browser.customtabs.CustomTabsConnectionService
05-16 15:46:32.342  1701  1701 I Telecom : DefaultDialerCache: Refreshing default dialer for user 0: now com.google.android.dialer: DDC.oR@AVw
05-16 15:46:32.400  1701  1716 I ActivityManager: Start proc 29487:com.android.printspooler/u0a68 for service com.android.printspooler/.model.PrintSpoolerService
05-16 15:46:32.482  1701  8105 D ConnectivityService: requestNetwork for uid/pid:10078/29313 NetworkRequest [ TRACK_DEFAULT id=371, [ Capabilities: INTERNET&NOT_RESTRICTED&TRUSTED&NOT_VPN] ]
05-16 15:46:34.934  1701  1776 I PowerManagerService: Waking up from sleep (uid 1000)...
05-16 15:46:34.936  1701  1726 E KernelCpuSpeedReader: Failed to read cpu-freq: /sys/devices/system/cpu/cpu0/cpufreq/stats/time_in_state (No such file or directory)
05-16 15:46:34.937  1701  1726 I DisplayPowerController: Blocking screen on until initial contents have been drawn.
05-16 15:46:34.954  1701  1717 W BroadcastQueue: Background execution not allowed: receiving Intent { act=android.intent.action.USER_PRESENT flg=0x24200010 } to com.android.chrome/org.chromium.chrome.browser.sharing.click_to_call.ClickToCallMessageHandler$PhoneUnlockedReceiver
05-16 15:46:34.954  1701  1717 W BroadcastQueue: Background execution not allowed: receiving Intent { act=android.intent.action.USER_PRESENT flg=0x24200010 } to com.google.android.gms/.auth.setup.devicesignals.LockScreenReceiver
05-16 15:46:34.957  1701  1717 W BroadcastQueue: Background execution not allowed: receiving Intent { act=android.intent.action.USER_PRESENT flg=0x24200010 } to com.google.android.gms/.chimera.GmsIntentOperationService$PersistentTrustedReceiver
05-16 15:46:34.979  1701  1724 I DisplayManagerService: Display device changed state: "Built-in Screen", ON
05-16 15:46:34.982  1701  1760 W LocalDisplayAdapter: Unable to find color mode 0, ignoring request.
05-16 15:46:35.181  1701  1726 I DisplayPowerController: Unblocked screen on after 244 ms
05-16 15:46:35.185  1701  1726 W PowerManagerService: Screen on took 254 ms
05-16 15:46:35.295  1701  8105 W ActivityManager: Background start not allowed: service Intent { cmp=com.google.android.apps.messaging/.shared.datamodel.action.execution.ActionExecutorImpl$EmptyService } to com.google.android.apps.messaging/.shared.datamodel.action.execution.ActionExecutorImpl$EmptyService from pid=28963 uid=10066 pkg=com.google.android.apps.messaging
05-16 15:46:35.480  1701  2364 D ConnectivityService: Returning unblocked NetworkInfo to uid=10066
05-16 15:46:37.003  1701  1901 D ConnectivityService: Returning unblocked NetworkInfo to uid=10078
05-16 15:46:37.129  1701  1717 E KernelCpuSpeedReader: Failed to read cpu-freq: /sys/devices/system/cpu/cpu0/cpufreq/stats/time_in_state (No such file or directory)
05-16 15:46:37.236  1701  2364 D ConnectivityService: requestNetwork for uid/pid:10066/28963 NetworkRequest [ TRACK_DEFAULT id=374, [ Capabilities: INTERNET&NOT_RESTRICTED&TRUSTED&NOT_VPN] ]
05-16 15:46:40.012  1701  2408 W ActivityManager: Background start not allowed: service Intent { cmp=com.google.android.apps.messaging/.shared.datamodel.action.execution.ActionExecutorImpl$EmptyService } to com.google.android.apps.messaging/.shared.datamodel.action.execution.ActionExecutorImpl$EmptyService from pid=28963 uid=10066 pkg=com.google.android.apps.messaging
05-16 15:46:40.030  1701  2419 W ActivityManager: Background start not allowed: service Intent { cmp=com.google.android.apps.messaging/.shared.datamodel.action.execution.ActionExecutorImpl$EmptyService } to com.google.android.apps.messaging/.shared.datamodel.action.execution.ActionExecutorImpl$EmptyService from pid=28963 uid=10066 pkg=com.google.android.apps.messaging
05-16 15:46:40.522  1701  2017 D ConnectivityService: requestNetwork for uid/pid:10066/29120 NetworkRequest [ TRACK_DEFAULT id=375, [ Capabilities: INTERNET&NOT_RESTRICTED&TRUSTED&NOT_VPN] ]
05-16 15:46:40.994  1701  1830 D ConnectivityService: releasing NetworkRequest [ TRACK_DEFAULT id=375, [ Capabilities: INTERNET&NOT_RESTRICTED&TRUSTED&NOT_VPN] ] (CALLBACK_RELEASED)
05-16 15:46:41.011  1701  8105 W ActivityManager: Background start not allowed: service Intent { cmp=com.google.android.apps.messaging/.shared.datamodel.action.execution.ActionExecutorImpl$EmptyService } to com.google.android.apps.messaging/.shared.datamodel.action.execution.ActionExecutorImpl$EmptyService from pid=28963 uid=10066 pkg=com.google.android.apps.messaging
05-16 15:46:41.025  1701  2364 W ActivityManager: Background start not allowed: service Intent { cmp=com.google.android.apps.messaging/.shared.datamodel.action.execution.ActionExecutorImpl$EmptyService } to com.google.android.apps.messaging/.shared.datamodel.action.execution.ActionExecutorImpl$EmptyService from pid=28963 uid=10066 pkg=com.google.android.apps.messaging
05-16 15:46:44.689  1701  2017 I ActivityManager: Force stopping com.sheygam.contactapp appid=10083 user=0: from pid 29668
05-16 15:46:44.915  1701  1903 I ActivityManager: Force stopping com.sheygam.contactapp appid=10083 user=0: clear data
05-16 15:46:44.916  1701  1717 I ActivityManager: Force stopping com.sheygam.contactapp appid=10083 user=-1: clearApplicationUserData
05-16 15:46:44.918  1701  1850 E TaskPersister: File error accessing recents directory (directory doesn't exist?).
05-16 15:46:44.929  1701  1729 I ActivityManager: Start proc 29680:com.android.defcontainer/u0a7 for service com.android.defcontainer/.DefaultContainerService
05-16 15:46:44.983  1701  3843 I ActivityManager: Start proc 29701:com.android.documentsui/u0a11 for broadcast com.android.documentsui/.PackageReceiver
05-16 15:46:45.030  1701  3428 I ActivityManager: Force stopping io.appium.uiautomator2.server.test appid=10086 user=0: from pid 29720
05-16 15:46:45.256  1701  1711 I ActivityManager: Force stopping io.appium.uiautomator2.server appid=10085 user=0: start instr
05-16 15:46:45.268  1701  1711 I ActivityManager: Start proc 29743:io.appium.uiautomator2.server/u0a85 for added application io.appium.uiautomator2.server
05-16 15:46:46.009  1701  2448 W ActivityManager: Background start not allowed: service Intent { cmp=com.google.android.apps.messaging/.shared.datamodel.action.execution.ActionExecutorImpl$EmptyService } to com.google.android.apps.messaging/.shared.datamodel.action.execution.ActionExecutorImpl$EmptyService from pid=28963 uid=10066 pkg=com.google.android.apps.messaging
05-16 15:46:46.011  1701  2364 W ActivityManager: Background start not allowed: service Intent { cmp=com.google.android.apps.messaging/.shared.datamodel.action.execution.ActionExecutorImpl$EmptyService } to com.google.android.apps.messaging/.shared.datamodel.action.execution.ActionExecutorImpl$EmptyService from pid=28963 uid=10066 pkg=com.google.android.apps.messaging
05-16 15:46:46.064  1701  1712 W ActivityManager: Background start not allowed: service Intent { cmp=com.google.android.apps.messaging/.shared.datamodel.action.execution.ActionExecutorImpl$EmptyService } to com.google.android.apps.messaging/.shared.datamodel.action.execution.ActionExecutorImpl$EmptyService from pid=28963 uid=10066 pkg=com.google.android.apps.messaging
05-16 15:46:47.241  1701  1711 I ActivityManager: Force stopping com.sheygam.contactapp appid=10083 user=0: from pid 29776
05-16 15:46:47.494  1701  1711 I ActivityManager: START u0 {flg=0x10000000 cmp=com.sheygam.contactapp/.SplashActivity} from uid 2000
05-16 15:46:47.512  1701  3844 I ActivityManager: Start proc 29778:com.sheygam.contactapp/u0a83 for activity com.sheygam.contactapp/.SplashActivity
05-16 15:46:47.543  1701  3428 W LocalDisplayAdapter: Unable to find color mode 0, ignoring request.
05-16 15:46:47.633  1701  1720 E BatteryStatsService: modem info is invalid: ModemActivityInfo{ mTimestamp=0 mSleepTimeMs=0 mIdleTimeMs=0 mTxTimeMs[]=[0, 0, 0, 0, 0] mRxTimeMs=0 mEnergyUsed=0}
05-16 15:46:48.267  1701  1901 I ActivityManager: Killing 28657:com.google.android.partnersetup/u0a16 (adj 906): empty #17
05-16 15:46:51.005  1701  1850 E TaskPersister: File error accessing recents directory (directory doesn't exist?).
05-16 15:46:53.009  1701  1711 I ActivityManager: START u0 {cmp=com.sheygam.contactapp/.MainActivity} from uid 10083
05-16 15:46:56.516  1701  1850 E TaskPersister: File error accessing recents directory (directory doesn't exist?).
05-16 15:46:58.237  1701  1722 W RemoteFillService: Not handling { when=-2ms what=3 target=com.android.internal.os.HandlerCaller$MyHandler } as service for ComponentInfo{com.google.android.gms/com.google.android.gms.autofill.service.AutofillService} is already destroyed
05-16 15:47:00.002  1701  1701 I ActivityManager: Killing 28855:com.google.android.apps.docs/u0a51 (adj 906): empty #17
05-16 15:47:00.048  1701  2017 D ConnectivityService: ConnectivityService NetworkRequestInfo binderDied(NetworkRequest [ TRACK_DEFAULT id=359, [ Capabilities: INTERNET&NOT_RESTRICTED&TRUSTED&NOT_VPN] ], android.os.BinderProxy@3c28718)
05-16 15:47:00.048  1701  1830 D ConnectivityService: releasing NetworkRequest [ TRACK_DEFAULT id=359, [ Capabilities: INTERNET&NOT_RESTRICTED&TRUSTED&NOT_VPN] ] (CALLBACK_RELEASED)
05-16 15:47:00.050  1701  1830 E ConnectivityService: RemoteException caught trying to send a callback msg for NetworkRequest [ TRACK_DEFAULT id=359, [ Capabilities: INTERNET&NOT_RESTRICTED&TRUSTED&NOT_VPN] ]
05-16 15:47:01.033  1701  2037 I ActivityManager: Killing 28925:com.google.android.apps.maps/u0a59 (adj 906): empty #17
05-16 15:47:01.079  1701  3845 D ConnectivityService: ConnectivityService NetworkRequestInfo binderDied(NetworkRequest [ TRACK_DEFAULT id=360, [ Capabilities: INTERNET&NOT_RESTRICTED&TRUSTED&NOT_VPN] ], android.os.BinderProxy@38d0571)
05-16 15:47:01.079  1701  1830 D ConnectivityService: releasing NetworkRequest [ TRACK_DEFAULT id=360, [ Capabilities: INTERNET&NOT_RESTRICTED&TRUSTED&NOT_VPN] ] (CALLBACK_RELEASED)
05-16 15:47:01.080  1701  1830 E ConnectivityService: RemoteException caught trying to send a callback msg for NetworkRequest [ TRACK_DEFAULT id=360, [ Capabilities: INTERNET&NOT_RESTRICTED&TRUSTED&NOT_VPN] ]
05-16 15:47:26.884  1701  1711 I ActivityManager: START u0 {cmp=com.sheygam.contactapp/.ContactList} from uid 10083
05-16 15:47:30.393  1701  1850 E TaskPersister: File error accessing recents directory (directory doesn't exist?).
05-16 15:47:43.090  1701  1720 E BatteryStatsService: modem info is invalid: ModemActivityInfo{ mTimestamp=0 mSleepTimeMs=0 mIdleTimeMs=0 mTxTimeMs[]=[0, 0, 0, 0, 0] mRxTimeMs=0 mEnergyUsed=0}
05-16 15:48:37.883  1701  2364 I ActivityManager: Force stopping com.sheygam.contactapp appid=10083 user=0: from pid 29934
05-16 15:48:37.884  1701  2364 I ActivityManager: Killing 29778:com.sheygam.contactapp/u0a83 (adj 0): stop com.sheygam.contactapp
05-16 15:48:37.884  1701  2364 W ActivityManager: Force removing ActivityRecord{632ff65 u0 com.sheygam.contactapp/.ContactList t118}: app died, no saved state
05-16 15:48:37.886  1701  2364 I WindowManager: Failed to capture screenshot of Token{aa5b43a ActivityRecord{632ff65 u0 com.sheygam.contactapp/.ContactList t118 f}} appWin=Window{52ada06 u0 com.sheygam.contactapp/com.sheygam.contactapp.ContactList} drawState=4
05-16 15:48:38.006  1701  1724 W ActivityManager: setHasOverlayUi called on unknown pid: 29778
05-16 15:48:38.113  1701  3844 I ActivityManager: Force stopping com.sheygam.contactapp appid=10083 user=0: clear data
05-16 15:48:38.114  1701  1717 I ActivityManager: Force stopping com.sheygam.contactapp appid=10083 user=-1: clearApplicationUserData
05-16 15:48:38.115  1701  1850 E TaskPersister: File error accessing recents directory (directory doesn't exist?).
05-16 15:48:38.145  1701  3846 I ActivityManager: Start proc 29950:com.google.android.apps.docs/u0a51 for content provider com.google.android.apps.docs/.common.storagebackend.StorageBackendContentProvider
05-16 15:48:38.150  1701  3844 I PowerManagerService: Going to sleep due to screen timeout (uid 1000)...
05-16 15:48:38.157  1701  2364 I ActivityManager: Killing 29042:com.google.android.apps.tachyon/u0a45 (adj 906): empty #17
05-16 15:48:38.158  1701  1726 I PowerManagerService: Sleeping (uid 1000)...
05-16 15:48:38.198  1701  2037 D ConnectivityService: ConnectivityService NetworkRequestInfo binderDied(NetworkRequest [ TRACK_DEFAULT id=364, [ Capabilities: INTERNET&NOT_RESTRICTED&TRUSTED&NOT_VPN] ], android.os.BinderProxy@9fe0b31)
05-16 15:48:38.198  1701  2448 D ConnectivityService: ConnectivityService NetworkRequestInfo binderDied(NetworkRequest [ LISTEN id=363, [ Capabilities: INTERNET&NOT_RESTRICTED&TRUSTED] ], android.os.BinderProxy@179e216)
05-16 15:48:38.198  1701  1830 D ConnectivityService: releasing NetworkRequest [ TRACK_DEFAULT id=364, [ Capabilities: INTERNET&NOT_RESTRICTED&TRUSTED&NOT_VPN] ] (CALLBACK_RELEASED)
05-16 15:48:38.200  1701  1830 E ConnectivityService: RemoteException caught trying to send a callback msg for NetworkRequest [ TRACK_DEFAULT id=364, [ Capabilities: INTERNET&NOT_RESTRICTED&TRUSTED&NOT_VPN] ]
05-16 15:48:38.200  1701  1830 E ConnectivityService: RemoteException caught trying to send a callback msg for NetworkRequest [ LISTEN id=363, [ Capabilities: INTERNET&NOT_RESTRICTED&TRUSTED] ]
05-16 15:48:38.538  1701  3846 D ConnectivityService: requestNetwork for uid/pid:10051/29950 NetworkRequest [ TRACK_DEFAULT id=376, [ Capabilities: INTERNET&NOT_RESTRICTED&TRUSTED&NOT_VPN] ]
05-16 15:48:38.692  1701  1726 I DisplayPowerController: Blocking screen off
05-16 15:48:38.699  1701  1726 I DisplayPowerController: Unblocked screen off after 8 ms
05-16 15:48:38.705  1701  1726 E KernelCpuSpeedReader: Failed to read cpu-freq: /sys/devices/system/cpu/cpu0/cpufreq/stats/time_in_state (No such file or directory)
05-16 15:48:38.708  1701  1724 I DisplayManagerService: Display device changed state: "Built-in Screen", OFF
05-16 15:48:38.710  1701  1760 W LocalDisplayAdapter: Unable to find color mode 0, ignoring request.
05-16 15:48:38.903  1701  3844 W WindowManager: removeWindowToken: Attempted to remove non-existing token: android.os.Binder@e8f0535
05-16 15:48:38.907  1701  3843 I ActivityManager: Force stopping io.appium.uiautomator2.server appid=10085 user=0: finished inst
05-16 15:48:38.907  1701  3843 I ActivityManager: Killing 29743:io.appium.uiautomator2.server/u0a85 (adj 0): stop io.appium.uiautomator2.server
05-16 15:48:39.200  1701  6144 I ActivityManager: Force stopping io.appium.uiautomator2.server.test appid=10086 user=0: from pid 30030
05-16 15:48:39.378  1701  2017 I ActivityManager: Force stopping io.appium.uiautomator2.server appid=10085 user=0: start instr
05-16 15:48:39.390  1701  2017 I ActivityManager: Start proc 30042:io.appium.uiautomator2.server/u0a85 for added application io.appium.uiautomator2.server
05-16 15:48:40.025  1701  2036 W ActivityManager: Background start not allowed: service Intent { cmp=com.google.android.apps.messaging/.shared.datamodel.action.execution.ActionExecutorImpl$EmptyService } to com.google.android.apps.messaging/.shared.datamodel.action.execution.ActionExecutorImpl$EmptyService from pid=28963 uid=10066 pkg=com.google.android.apps.messaging
05-16 15:48:40.168  1701  2313 I ActivityManager: Start proc 30062:android.process.acore/u0a1 for content provider com.android.providers.contacts/.ContactsProvider2
05-16 15:48:40.171  1701  3846 I ActivityManager: Killing 28868:com.android.providers.calendar/u0a3 (adj 906): empty #17
05-16 15:48:40.286  1701  2437 D CountryDetector: The first listener is added
05-16 15:48:40.640  1701  1712 I PowerManagerService: Waking up from sleep (uid 1000)...
05-16 15:48:40.642  1701  1726 E KernelCpuSpeedReader: Failed to read cpu-freq: /sys/devices/system/cpu/cpu0/cpufreq/stats/time_in_state (No such file or directory)
05-16 15:48:40.642  1701  1717 W BroadcastQueue: Background execution not allowed: receiving Intent { act=android.intent.action.USER_PRESENT flg=0x24200010 } to com.android.chrome/org.chromium.chrome.browser.sharing.click_to_call.ClickToCallMessageHandler$PhoneUnlockedReceiver
