05-16 15:46:27.728 29042 29090 E FileBasedCpuInfo: 	at rpk.run(PG:377)
05-16 15:46:27.728 29042 29090 E FileBasedCpuInfo: 	at java.lang.Thread.run(Thread.java:764)
05-16 15:46:27.728 29042 29090 E FileBasedCpuInfo: 	at svh.run(PG:64)
05-16 15:46:27.728 29042 29090 E FileBasedCpuInfo:
05-16 15:46:27.729 29042 29090 E TY_com.google.android.libraries.communications.conference.shared.device.info.FileBasedCpuInfo:[000:241][29090] error readline file: /sys/devices/system/cpu/cpu3/cpufreq/cpuinfo_max_freq
05-16 15:46:27.729 29042 29090 E TY_com.google.android.libraries.communications.conference.shared.device.info.FileBasedCpuInfo:[000:241][29090] java.io.FileNotFoundException: /sys/devices/system/cpu/cpu3/cpufreq/cpuinfo_max_freq (No such file or directory)
05-16 15:46:27.729 29120 29120 I ddys    : SslGuard completed installation.
05-16 15:46:27.732 29042 29090 E TY_com.google.android.libraries.communications.conference.shared.device.info.FileBasedCpuInfo:[000:245][29090] java.io.FileNotFoundException: /sys/devices/system/cpu/cpu3/cpufreq/cpuinfo_max_freq (No such file or directory)
05-16 15:46:27.732 29042 29090 E TY_com.google.android.libraries.communications.conference.shared.device.info.FileBasedCpuInfo:	at java.io.FileInputStream.open0(Native Method)
05-16 15:46:27.732 29042 29090 E TY_com.google.android.libraries.communications.conference.shared.device.info.FileBasedCpuInfo:	at java.io.FileInputStream.open(FileInputStream.java:200)
05-16 15:46:27.732 29042 29090 E TY_com.google.android.libraries.communications.conference.shared.device.info.FileBasedCpuInfo:	at java.io.FileInputStream.<init>(FileInputStream.java:150)
05-16 15:46:27.732 29042 29090 E TY_com.google.android.libraries.communications.conference.shared.device.info.FileBasedCpuInfo:	at abcb.h(PG:5)
05-16 15:46:27.732 29042 29090 E TY_com.google.android.libraries.communications.conference.shared.device.info.FileBasedCpuInfo:	at abcb.b(PG:1)
05-16 15:46:27.732 29042 29090 E TY_com.google.android.libraries.communications.conference.shared.device.info.FileBasedCpuInfo:	at abbn.a(PG:5)
05-16 15:46:27.732 29042 29090 E TY_com.google.android.libraries.communications.conference.shared.device.info.FileBasedCpuInfo:	at abbt.c(PG:1)
05-16 15:46:27.732 29042 29090 E TY_com.google.android.libraries.communications.conference.shared.device.info.FileBasedCpuInfo:	at abbt.d(PG:5)
05-16 15:46:27.732 29042 29090 E TY_com.google.android.libraries.communications.conference.shared.device.info.FileBasedCpuInfo:	at ofr.d(PG:28)
05-16 15:46:27.732 29042 29090 E TY_com.google.android.libraries.communications.conference.shared.device.info.FileBasedCpuInfo:	at ofr.b(PG:16)
05-16 15:46:27.732 29042 29090 E TY_com.google.android.libraries.communications.conference.shared.device.info.FileBasedCpuInfo:	at ofq.d(PG:13)
05-16 15:46:27.732 29042 29090 E TY_com.google.android.libraries.communications.conference.shared.device.info.FileBasedCpuInfo:	at edw.a(PG:698)
05-16 15:46:27.732 29042 29090 E TY_com.google.android.libraries.communications.conference.shared.device.info.FileBasedCpuInfo:	at aafp.a(PG:14)
05-16 15:46:27.732 29042 29090 E TY_com.google.android.libraries.communications.conference.shared.device.info.FileBasedCpuInfo:	at gaf.a(PG:1448)
05-16 15:46:27.732 29042 29090 E TY_com.google.android.libraries.communications.conference.shared.device.info.FileBasedCpuInfo:	at aafp.a(PG:14)
05-16 15:46:27.732 29042 29090 E TY_com.google.android.libraries.communications.conference.shared.device.info.FileBasedCpuInfo:	at omz.n(PG:3)
05-16 15:46:27.732 29042 29090 E TY_com.google.android.libraries.communications.conference.shared.device.info.FileBasedCpuInfo:	at eyu.r(PG:5)
05-16 15:46:27.732 29042 29090 E TY_com.google.android.libraries.communications.conference.shared.device.info.FileBasedCpuInfo:	at edw.a(PG:1226)
05-16 15:46:27.732 29042 29090 E TY_com.google.android.libraries.communications.conference.shared.device.info.FileBasedCpuInfo:	at aafp.a(PG:14)
05-16 15:46:27.732 29042 29090 E TY_com.google.android.libraries.communications.conference.shared.device.info.FileBasedCpuInfo:	at ecg.h(PG:422)
05-16 15:46:27.732 29042 29090 E TY_com.google.android.libraries.communications.conference.shared.device.info.FileBasedCpuInfo:	at ecg.f(PG:17)
05-16 15:46:27.732 29042 29090 E TY_com.google.android.libraries.communications.conference.shared.device.info.FileBasedCpuInfo:	at ecg.d(PG:3)
05-16 15:46:27.732 29042 29090 E TY_com.google.android.libraries.communications.conference.shared.device.info.FileBasedCpuInfo:	at des.j(PG:19)
05-16 15:46:27.732 29042 29090 E TY_com.google.android.libraries.communications.conference.shared.device.info.FileBasedCpuInfo:	at csi.run(PG:120)
05-16 15:46:27.732 29042 29090 E TY_com.google.android.libraries.communications.conference.shared.device.info.FileBasedCpuInfo:	at java.util.concurrent.Executors$RunnableAdapter.call(Executors.java:457)
05-16 15:46:27.732 29042 29090 E TY_com.google.android.libraries.communications.conference.shared.device.info.FileBasedCpuInfo:	at abkw.a(PG:3)
05-16 15:46:27.732 29042 29090 E TY_com.google.android.libraries.communications.conference.shared.device.info.FileBasedCpuInfo:	at abka.run(PG:21)
05-16 15:46:27.732 29042 29090 E TY_com.google.android.libraries.communications.conference.shared.device.info.FileBasedCpuInfo:	at abkx.run(PG:5)
05-16 15:46:27.732 29042 29090 E TY_com.google.android.libraries.communications.conference.shared.device.info.FileBasedCpuInfo:	at abdu.run(PG:50)
05-16 15:46:27.732 29042 29090 E TY_com.google.android.libraries.communications.conference.shared.device.info.FileBasedCpuInfo:	at rpk.run(PG:377)
05-16 15:46:27.732 29042 29090 E TY_com.google.android.libraries.communications.conference.shared.device.info.FileBasedCpuInfo:	at java.lang.Thread.run(Thread.java:764)
05-16 15:46:27.732 29042 29090 E TY_com.google.android.libraries.communications.conference.shared.device.info.FileBasedCpuInfo:	at svh.run(PG:64)
05-16 15:46:27.732 29042 29090 E TY_com.google.android.libraries.communications.conference.shared.device.info.FileBasedCpuInfo:
05-16 15:46:27.733 29042 29090 E FileBasedCpuInfo: [000:245][29090] error readline file: /sys/devices/system/cpu/cpu3/cpufreq/cpuinfo_max_freq
05-16 15:46:27.733 29042 29090 E FileBasedCpuInfo: [000:245][29090] java.io.FileNotFoundException: /sys/devices/system/cpu/cpu3/cpufreq/cpuinfo_max_freq (No such file or directory)
05-16 15:46:27.733 29042 29090 E FileBasedCpuInfo: [000:245][29090] java.io.FileNotFoundException: /sys/devices/system/cpu/cpu3/cpufreq/cpuinfo_max_freq (No such file or directory)
05-16 15:46:27.733 29042 29090 E FileBasedCpuInfo: 	at java.io.FileInputStream.open0(Native Method)
05-16 15:46:27.733 29042 29090 E FileBasedCpuInfo: 	at java.io.FileInputStream.open(FileInputStream.java:200)
05-16 15:46:27.733 29042 29090 E FileBasedCpuInfo: 	at java.io.FileInputStream.<init>(FileInputStream.java:150)
05-16 15:46:27.733 29042 29090 E FileBasedCpuInfo: 	at abcb.h(PG:5)
05-16 15:46:27.733 29042 29090 E FileBasedCpuInfo: 	at abcb.b(PG:1)
05-16 15:46:27.733 29042 29090 E FileBasedCpuInfo: 	at abbn.a(PG:5)
05-16 15:46:27.733 29042 29090 E FileBasedCpuInfo: 	at abbt.c(PG:1)
05-16 15:46:27.733 29042 29090 E FileBasedCpuInfo: 	at abbt.d(PG:5)
05-16 15:46:27.733 29042 29090 E FileBasedCpuInfo: 	at ofr.d(PG:28)
05-16 15:46:27.733 29042 29090 E FileBasedCpuInfo: 	at ofr.b(PG:16)
05-16 15:46:27.733 29042 29090 E FileBasedCpuInfo: 	at ofq.d(PG:13)
05-16 15:46:27.733 29042 29090 E FileBasedCpuInfo: 	at edw.a(PG:698)
05-16 15:46:27.733 29042 29090 E FileBasedCpuInfo: 	at aafp.a(PG:14)
05-16 15:46:27.733 29042 29090 E FileBasedCpuInfo: 	at gaf.a(PG:1448)
05-16 15:46:27.733 29042 29090 E FileBasedCpuInfo: 	at aafp.a(PG:14)
05-16 15:46:27.733 29042 29090 E FileBasedCpuInfo: 	at omz.n(PG:3)
05-16 15:46:27.733 29042 29090 E FileBasedCpuInfo: 	at eyu.r(PG:5)
05-16 15:46:27.733 29042 29090 E FileBasedCpuInfo: 	at edw.a(PG:1226)
05-16 15:46:27.733 29042 29090 E FileBasedCpuInfo: 	at aafp.a(PG:14)
05-16 15:46:27.733 29042 29090 E FileBasedCpuInfo: 	at ecg.h(PG:422)
05-16 15:46:27.733 29042 29090 E FileBasedCpuInfo: 	at ecg.f(PG:17)
05-16 15:46:27.733 29042 29090 E FileBasedCpuInfo: 	at ecg.d(PG:3)
05-16 15:46:27.733 29042 29090 E FileBasedCpuInfo: 	at des.j(PG:19)
05-16 15:46:27.733 29042 29090 E FileBasedCpuInfo: 	at csi.run(PG:120)
05-16 15:46:27.733 29042 29090 E FileBasedCpuInfo: 	at java.util.concurrent.Executors$RunnableAdapter.call(Executors.java:457)
05-16 15:46:27.733 29042 29090 E FileBasedCpuInfo: 	at abkw.a(PG:3)
05-16 15:46:27.733 29042 29090 E FileBasedCpuInfo: 	at abka.run(PG:21)
05-16 15:46:27.733 29042 29090 E FileBasedCpuInfo: 	at abkx.run(PG:5)
05-16 15:46:27.733 29042 29090 E FileBasedCpuInfo: 	at abdu.run(PG:50)
05-16 15:46:27.733 29042 29090 E FileBasedCpuInfo: 	at rpk.run(PG:377)
05-16 15:46:27.733 29042 29090 E FileBasedCpuInfo: 	at java.lang.Thread.run(Thread.java:764)
05-16 15:46:27.733 29042 29090 E FileBasedCpuInfo: 	at svh.run(PG:64)
05-16 15:46:27.733 29042 29090 E FileBasedCpuInfo:
05-16 15:46:27.781 29042 29042 D EventBus: No subscribers registered for event class htu
05-16 15:46:27.781 29042 29042 D EventBus: No subscribers registered for event class aiup
05-16 15:46:27.796 29042 29084 D EventBus: No subscribers registered for event class ikn
05-16 15:46:27.796 29042 29084 D EventBus: No subscribers registered for event class aiup
05-16 15:46:27.809 29120 29120 I Bugle   : BugleApplicationBase: Bugle version: messages.android_20240422_05_rc01.phone_dynamic , Bugle version code: 230451063
05-16 15:46:27.832 29042 29046 I zygote  : Do partial code cache collection, code=52KB, data=55KB
05-16 15:46:27.832 29160 29160 W zygote  : Unexpected CPU variant for X86 using defaults: x86
05-16 15:46:27.836  1701  8105 I ActivityManager: Start proc 29160:com.google.android.calendar/u0a46 for broadcast com.google.android.calendar/com.android.calendar.widget.CalendarAppWidgetProvider
05-16 15:46:27.843 29042 29046 I zygote  : After code cache collection, code=46KB, data=52KB
05-16 15:46:27.843 29042 29046 I zygote  : Increasing code cache capacity to 256KB
05-16 15:46:27.857  1701  1720 E BatteryStatsService: modem info is invalid: ModemActivityInfo{ mTimestamp=0 mSleepTimeMs=0 mIdleTimeMs=0 mTxTimeMs[]=[0, 0, 0, 0, 0] mRxTimeMs=0 mEnergyUsed=0}
05-16 15:46:27.892 29042 29081 E TY_Work : [000:405][29081] No worker found for key null
05-16 15:46:27.892 29042 29081 E TY_Work : [000:405][29081] aavn: MEDIUM
05-16 15:46:27.892 29042 29081 E TY_Work : [000:405][29081] aavn: MEDIUM
05-16 15:46:27.892 29042 29081 E TY_Work : 	at kbw.a(PG:52)
05-16 15:46:27.892 29042 29081 E TY_Work : 	at cpk.a(PG:19)
05-16 15:46:27.892 29042 29081 E TY_Work : 	at cqm.b(PG:4)
05-16 15:46:27.892 29042 29081 E TY_Work : 	at crz.run(PG:321)
05-16 15:46:27.892 29042 29081 E TY_Work : 	at cwu.run(PG:303)
05-16 15:46:27.892 29042 29081 E TY_Work : 	at java.util.concurrent.Executors$RunnableAdapter.call(Executors.java:457)
05-16 15:46:27.892 29042 29081 E TY_Work : 	at abkw.a(PG:3)
05-16 15:46:27.892 29042 29081 E TY_Work : 	at abka.run(PG:21)
05-16 15:46:27.892 29042 29081 E TY_Work : 	at abkx.run(PG:5)
05-16 15:46:27.892 29042 29081 E TY_Work : 	at abdu.run(PG:50)
05-16 15:46:27.892 29042 29081 E TY_Work : 	at rpk.run(PG:377)
05-16 15:46:27.892 29042 29081 E TY_Work : 	at java.lang.Thread.run(Thread.java:764)
05-16 15:46:27.892 29042 29081 E TY_Work : 	at svh.run(PG:64)
05-16 15:46:27.892 29042 29081 E TY_Work :
05-16 15:46:27.920 29042 29081 E TY_Work : [000:432][29081] No worker found for key null
05-16 15:46:27.920 29042 29081 E TY_Work : [000:433][29081] aavn: MEDIUM
05-16 15:46:27.920 29042 29081 E TY_Work : [000:433][29081] aavn: MEDIUM
05-16 15:46:27.920 29042 29081 E TY_Work : 	at kbw.a(PG:52)
05-16 15:46:27.920 29042 29081 E TY_Work : 	at cpk.a(PG:19)
05-16 15:46:27.920 29042 29081 E TY_Work : 	at cqm.b(PG:4)
05-16 15:46:27.920 29042 29081 E TY_Work : 	at crz.run(PG:321)
05-16 15:46:27.920 29042 29081 E TY_Work : 	at cwu.run(PG:303)
05-16 15:46:27.920 29042 29081 E TY_Work : 	at java.util.concurrent.Executors$RunnableAdapter.call(Executors.java:457)
05-16 15:46:27.920 29042 29081 E TY_Work : 	at abkw.a(PG:3)
05-16 15:46:27.920 29042 29081 E TY_Work : 	at abka.run(PG:21)
05-16 15:46:27.920 29042 29081 E TY_Work : 	at abkx.run(PG:5)
05-16 15:46:27.920 29042 29081 E TY_Work : 	at abdu.run(PG:50)
05-16 15:46:27.920 29042 29081 E TY_Work : 	at rpk.run(PG:377)
05-16 15:46:27.920 29042 29081 E TY_Work : 	at java.lang.Thread.run(Thread.java:764)
05-16 15:46:27.920 29042 29081 E TY_Work : 	at svh.run(PG:64)
05-16 15:46:27.920 29042 29081 E TY_Work :
05-16 15:46:27.932 28963 29035 I ClearcutUploader: Mobalt: start uploading logs to Clearcut log_source = TURQUOISE_COBALT_SHUFFLER_INPUT_PROD
05-16 15:46:27.947 28963 29035 I MobaltPeriodicJobImpl: Mobalt: uploading logs to the Cobalt Server, got 0 observations
05-16 15:46:27.951  8138 27481 W ResourceType: ResTable_typeSpec entry count inconsistent: given 45, previously 59
05-16 15:46:27.951  8138 27481 W ResourceType: ResTable_typeSpec entry count inconsistent: given 1936, previously 1950
05-16 15:46:27.951  8138 27481 W ResourceType: ResTable_typeSpec entry count inconsistent: given 353, previously 2776
05-16 15:46:27.952 28963 29035 I MobaltPeriodicJobImpl: Mobalt: finish sending logs to the Cobalt Server successfully
05-16 15:46:27.971 28963 28963 I ClearcutUploader: Mobalt: successfully finished uploading logs to Clearcut log_source = TURQUOISE_COBALT_SHUFFLER_INPUT_PROD
05-16 15:46:27.981 29160 29160 I PerformanceMetricCollec: Logging experiments memory-false, lantency-false
05-16 15:46:27.989  1701  6144 D ConnectivityService: requestNetwork for uid/pid:10045/29042 NetworkRequest [ TRACK_DEFAULT id=364, [ Capabilities: INTERNET&NOT_RESTRICTED&TRUSTED&NOT_VPN] ]
05-16 15:46:27.990  1701  1826 D WIFI    : got request NetworkRequest [ TRACK_DEFAULT id=364, [ Capabilities: INTERNET&NOT_RESTRICTED&TRUSTED&NOT_VPN] ] with score 60
05-16 15:46:27.991  1988  1988 D PhoneSwitcherNetworkRequstListener: got request NetworkRequest [ TRACK_DEFAULT id=364, [ Capabilities: INTERNET&NOT_RESTRICTED&TRUSTED&NOT_VPN] ] with score 60
05-16 15:46:27.994  1701  1826 D WIFI_UT : got request NetworkRequest [ TRACK_DEFAULT id=364, [ Capabilities: INTERNET&NOT_RESTRICTED&TRUSTED&NOT_VPN] ] with score 60
05-16 15:46:28.011 29120 29120 I CarrierServices: onBind in state STARTING, intent action = com.google.android.ims.rcs.engine.IRcsEngineTemporaryController [CONTEXT log_prefix="JibeService" thread_id=2 ]
05-16 15:46:28.011 29120 29187 I CarrierServices: Creating JibeServiceComponent [CONTEXT thread_id=2633 ]
05-16 15:46:28.015  1701  2037 I ActivityManager: Killing 27579:com.google.android.youtube/u0a78 (adj 906): empty for 2758s
05-16 15:46:28.021 28963 29035 I RcsClientLib: com.google.android.rcs.client.lifecycle.RcsEngineLifecycleService connected
05-16 15:46:28.023 28963 29035 I chatty  : uid=10066(u0_a66) com.google.android.apps.messaging identical 5 lines
05-16 15:46:28.037 29160 29160 D PhenotypeJobService: Job scheduled successfully
05-16 15:46:28.043 29160 29160 E PrefServiceImpl: Primary account is null
05-16 15:46:28.045 29160 29160 I PerformanceMetricCollec: Logging experiments memory-false, lantency-false
05-16 15:46:28.070 28963 29032 I chatty  : uid=10066(u0_a66) com.google.android.apps.messaging expire 1 line
05-16 15:46:28.075 28963 28989 I chatty  : uid=10066(u0_a66) com.google.android.apps.messaging expire 4 lines
05-16 15:46:28.084 29042 29046 I zygote  : Compiler allocated 4MB to compile void adxs.k(java.lang.Object, aduz, advm)
05-16 15:46:28.089  1701  3843 D ConnectivityService: ConnectivityService NetworkRequestInfo binderDied(NetworkRequest [ TRACK_DEFAULT id=357, [ Capabilities: INTERNET&NOT_RESTRICTED&TRUSTED&NOT_VPN] ], android.os.BinderProxy@8b93165)
05-16 15:46:28.089  1701  2419 D ConnectivityService: ConnectivityService NetworkRequestInfo binderDied(NetworkRequest [ TRACK_DEFAULT id=356, [ Capabilities: INTERNET&NOT_RESTRICTED&TRUSTED&NOT_VPN] ], android.os.BinderProxy@d04fe3a)
05-16 15:46:28.089  1701  2037 D ConnectivityService: ConnectivityService NetworkRequestInfo binderDied(NetworkRequest [ TRACK_DEFAULT id=355, [ Capabilities: INTERNET&NOT_RESTRICTED&TRUSTED&NOT_VPN] ], android.os.BinderProxy@b721aeb)
05-16 15:46:28.089  1701  2448 D ConnectivityService: ConnectivityService NetworkRequestInfo binderDied(NetworkRequest [ LISTEN id=354, [ Capabilities: INTERNET&NOT_RESTRICTED&TRUSTED&FOREGROUND] ], android.os.BinderProxy@8b4048)
05-16 15:46:28.091  1701  1830 D ConnectivityService: releasing NetworkRequest [ TRACK_DEFAULT id=356, [ Capabilities: INTERNET&NOT_RESTRICTED&TRUSTED&NOT_VPN] ] (CALLBACK_RELEASED)
05-16 15:46:28.092  1701  1830 E ConnectivityService: RemoteException caught trying to send a callback msg for NetworkRequest [ TRACK_DEFAULT id=356, [ Capabilities: INTERNET&NOT_RESTRICTED&TRUSTED&NOT_VPN] ]
05-16 15:46:28.092  1701  1830 D ConnectivityService: releasing NetworkRequest [ TRACK_DEFAULT id=355, [ Capabilities: INTERNET&NOT_RESTRICTED&TRUSTED&NOT_VPN] ] (CALLBACK_RELEASED)
05-16 15:46:28.093  1701  1830 E ConnectivityService: RemoteException caught trying to send a callback msg for NetworkRequest [ TRACK_DEFAULT id=355, [ Capabilities: INTERNET&NOT_RESTRICTED&TRUSTED&NOT_VPN] ]
05-16 15:46:28.094  1701  1830 E ConnectivityService: RemoteException caught trying to send a callback msg for NetworkRequest [ LISTEN id=354, [ Capabilities: INTERNET&NOT_RESTRICTED&TRUSTED&FOREGROUND] ]
05-16 15:46:28.095  1701  1830 D ConnectivityService: releasing NetworkRequest [ TRACK_DEFAULT id=357, [ Capabilities: INTERNET&NOT_RESTRICTED&TRUSTED&NOT_VPN] ] (CALLBACK_RELEASED)
05-16 15:46:28.096  1701  1830 E ConnectivityService: RemoteException caught trying to send a callback msg for NetworkRequest [ TRACK_DEFAULT id=357, [ Capabilities: INTERNET&NOT_RESTRICTED&TRUSTED&NOT_VPN] ]
05-16 15:46:28.102 29120 29187 I chatty  : uid=10066(u0_a66) com.google.android.apps.messaging:rcs expire 22 lines
05-16 15:46:28.111 29200 29200 W zygote  : Unexpected CPU variant for X86 using defaults: x86
05-16 15:46:28.112  1701  6144 I ActivityManager: Start proc 29200:com.google.android.deskclock/u0a65 for broadcast com.google.android.deskclock/com.android.deskclock.AlarmInitReceiver
05-16 15:46:28.113  1701  2419 I ActivityManager: Killing 27840:android.process.acore/u0a1 (adj 906): empty for 2689s
05-16 15:46:28.123  8138  8296 I PhenotypeResourceReader: unable to find any Phenotype resource metadata for com.google.android.calendar
05-16 15:46:28.130 29160 29160 D PhenotypeManager: Registered: Status{statusCode=SUCCESS, resolution=null}
05-16 15:46:28.144 29042 29046 I zygote  : Do full code cache collection, code=117KB, data=85KB
05-16 15:46:28.144 29042 29046 I zygote  : After code cache collection, code=96KB, data=57KB
05-16 15:46:28.159 29200 29200 W ResourceType: ResTable_typeSpec entry count inconsistent: given 1022, previously 1085
05-16 15:46:28.159 29200 29200 W ResourceType: ResTable_typeSpec entry count inconsistent: given 348, previously 2128
05-16 15:46:28.165 29120 29123 I chatty  : uid=10066(u0_a66) Jit thread pool expire 6 lines
05-16 15:46:28.177  1701  3843 D CountryDetector: No listener is left
05-16 15:46:28.223 29200 29200 W ResourceType: For resource 0x7f1503d7, entry index(983) is beyond type entryCount(348)
05-16 15:46:28.223 29200 29200 W ResourceType: For resource 0x7f1503e6, entry index(998) is beyond type entryCount(348)
05-16 15:46:28.223 29200 29200 W ResourceType: For resource 0x7f15040f, entry index(1039) is beyond type entryCount(348)
05-16 15:46:28.223 29200 29200 W ResourceType: For resource 0x7f150409, entry index(1033) is beyond type entryCount(348)
05-16 15:46:28.223 29200 29200 W ResourceType: For resource 0x7f150431, entry index(1073) is beyond type entryCount(348)
05-16 15:46:28.223 29200 29200 W ResourceType: For resource 0x7f15044f, entry index(1103) is beyond type entryCount(348)
05-16 15:46:28.223 29200 29200 W ResourceType: For resource 0x7f1501f7, entry index(503) is beyond type entryCount(348)
05-16 15:46:28.224 29200 29200 W ResourceType: For resource 0x7f1503ba, entry index(954) is beyond type entryCount(348)
05-16 15:46:28.224 29200 29200 W ResourceType: For resource 0x7f1501f1, entry index(497) is beyond type entryCount(348)
05-16 15:46:28.224 29200 29200 W ResourceType: For resource 0x7f150200, entry index(512) is beyond type entryCount(348)
05-16 15:46:28.233  8138  8319 I FontLog : (REDACTED) Received query %s, URI %s
05-16 15:46:28.233  8138  8319 I FontLog : (REDACTED) Query [%s] resolved to %s
05-16 15:46:28.234  8138  8319 I FontLog : (REDACTED) Font PFD returned from cache for %s
05-16 15:46:28.234  8138  8319 I FontLog : (REDACTED) Fetch %s end status %s
05-16 15:46:28.239  8138  8149 I FontLog : (REDACTED) Pulling font file for id = %d, cache size = %d
05-16 15:46:28.246  8138  8321 I FontLog : (REDACTED) Received query %s, URI %s
05-16 15:46:28.246  8138  8321 I FontLog : (REDACTED) Query [%s] resolved to %s
05-16 15:46:28.246  8138  8321 I FontLog : (REDACTED) Font PFD returned from cache for %s
05-16 15:46:28.246  8138  8321 I FontLog : (REDACTED) Fetch %s end status %s
05-16 15:46:28.251  8138  8319 I FontLog : (REDACTED) Pulling font file for id = %d, cache size = %d
05-16 15:46:28.267  8138  8320 I FontLog : (REDACTED) Received query %s, URI %s
05-16 15:46:28.267  8138  8320 I FontLog : (REDACTED) Query [%s] resolved to %s
05-16 15:46:28.268  8138  8320 I FontLog : (REDACTED) Font PFD returned from cache for %s
05-16 15:46:28.268  8138  8320 I FontLog : (REDACTED) Fetch %s end status %s
05-16 15:46:28.271  8138  8321 I FontLog : (REDACTED) Pulling font file for id = %d, cache size = %d
05-16 15:46:28.279 29120 29224 I chatty  : uid=10066(u0_a66) com.google.android.apps.messaging:rcs expire 3 lines
05-16 15:46:28.302 29120 29225 I chatty  : uid=10066(u0_a66) com.google.android.apps.messaging:rcs expire 5 lines
05-16 15:46:28.311 29120 29181 I chatty  : uid=10066(u0_a66) GoogleApiHandle expire 1 line
05-16 15:46:28.315 29200 29200 I AlarmClock: AlarmInitReceiver android.intent.action.TIME_SET
05-16 15:46:28.319  1701  3843 D ConnectivityService: requestNetwork for uid/pid:10066/29120 NetworkRequest [ TRACK_DEFAULT id=365, [ Capabilities: INTERNET&NOT_RESTRICTED&TRUSTED&NOT_VPN] ]
05-16 15:46:28.320  1701  1826 D WIFI    : got request NetworkRequest [ TRACK_DEFAULT id=365, [ Capabilities: INTERNET&NOT_RESTRICTED&TRUSTED&NOT_VPN] ] with score 60
05-16 15:46:28.320  1701  1826 D WIFI_UT : got request NetworkRequest [ TRACK_DEFAULT id=365, [ Capabilities: INTERNET&NOT_RESTRICTED&TRUSTED&NOT_VPN] ] with score 60
05-16 15:46:28.321  1988  1988 D PhoneSwitcherNetworkRequstListener: got request NetworkRequest [ TRACK_DEFAULT id=365, [ Capabilities: INTERNET&NOT_RESTRICTED&TRUSTED&NOT_VPN] ] with score 60
05-16 15:46:28.323 29120 29227 I chatty  : uid=10066(u0_a66) RCS Engine Hand expire 25 lines
05-16 15:46:28.323 29120 29229 I chatty  : uid=10066(u0_a66) ConnectivityThr expire 2 lines
05-16 15:46:28.338 29200 29200 D AlarmClock: WeatherModel: Initial load: WeatherSet {state=UNSUPPORTED_DEVICE_TYPE, weatherData=[], currentLocationFeatureState=REQUIREMENT_UNKNOWN}
05-16 15:46:28.339 29200 29200 D AlarmClock: WeatherModel: Cannot load weather: UNSUPPORTED_DEVICE_TYPE
05-16 15:46:28.339 29200 29232 E ActivityThread: Failed to find provider info for com.google.android.apps.wellbeing.api
05-16 15:46:28.339 29200 29232 W AlarmClock: Error loading wind down schedule
05-16 15:46:28.347 29200 29230 I AlarmClock: Connected Dock: null
05-16 15:46:28.349 29200 29200 D AlarmClock: Timing: [Bedtime] [Fetch Wind Down Data]: 14 ms
05-16 15:46:28.354  1701  2437 I ActivityManager: Killing 27879:com.google.android.dialer/u0a17 (adj 906): empty for 2657s
05-16 15:46:28.376  8125 29236 I SystemUpdate: [Installation,ReceiverIntentOperation] Received intent: Intent { act=android.intent.action.TIME_SET flg=0x25200010 pkg=com.google.android.gms cmp=com.google.android.gms/.chimera.GmsIntentOperationService$PersistentTrustedReceiver }.
05-16 15:46:28.379  8125 29237 I AlarmManager: setExactAndAllowWhileIdle [name: RemindersNSREFRESH_TIME_REMINDERS_ALARM type: 0 triggerAtMillis: 1715904000000]
05-16 15:46:28.395  8125 29237 I SystemUpdate: [Execution,InstallationEventIntentOperation] Handling event of type 6.
05-16 15:46:28.398 29243 29243 W zygote  : Unexpected CPU variant for X86 using defaults: x86
05-16 15:46:28.405  1701  2364 I ActivityManager: Start proc 29243:com.google.android.tts/u0a54 for broadcast com.google.android.tts/androidx.work.impl.background.systemalarm.RescheduleReceiver
05-16 15:46:28.412  8138  8138 D BoundBrokerSvc: onRebind: Intent { act=com.google.android.gms.clearcut.bootcount.service.START dat=chimera-action: cmp=com.google.android.gms/.chimera.PersistentBoundBrokerService }
05-16 15:46:28.422  8125 29237 I SystemUpdate: [Execution,InstallationIntentOperation] Received intent: Intent { act=com.google.android.gms.update.INSTALL_UPDATE cat=[targeted_intent_op_prefix:.update.execution.InstallationIntentOperation] cmp=com.google.android.gms/.chimera.GmsIntentOperationService (has extras) }.
05-16 15:46:28.424  8125 29237 I SystemUpdate: [Execution,ExecutionManager] Action finished-execution executed for 0.00 seconds.
05-16 15:46:28.438 29243 29243 I MultiDex: VM with version 2.1.0 has multidex support
05-16 15:46:28.438 29243 29243 I MultiDex: Installing application
05-16 15:46:28.438 29243 29243 I MultiDex: VM has multidex support, MultiDex support library is disabled.
05-16 15:46:28.438 29243 29243 I MultiDex: Installing application
05-16 15:46:28.439 29243 29243 I MultiDex: VM has multidex support, MultiDex support library is disabled.
05-16 15:46:28.450 29243 29258 I carui   : CarUi plugin is disabled
05-16 15:46:28.539  8138  8148 I zygote  : Background concurrent copying GC freed 90439(4MB) AllocSpace objects, 3(108KB) LOS objects, 38% free, 9MB/15MB, paused 3.841ms total 172.417ms
05-16 15:46:28.549 29243 29243 I Analytics: Running on TYPE_PHONE
05-16 15:46:28.561 29243 29243 I fkd     : SslGuard completed installation.
05-16 15:46:28.566 29243 29243 I NativeLibraryLoader: Beginning load of tts_android...
05-16 15:46:28.573 29120 29132 I chatty  : uid=10066(u0_a66) Binder:29120_2 expire 1 line
05-16 15:46:28.576 28963 29029 I chatty  : uid=10066(u0_a66) Lite Thread #0 expire 2 lines
05-16 15:46:28.580 29120 29192 I chatty  : uid=10066(u0_a66) Binder:29120_4 expire 1 line
05-16 15:46:28.587 29243 29243 I zygote  : Rejecting re-init on previously-failed class java.lang.Class<mx>: java.lang.NoClassDefFoundError: Failed resolution of: Landroid/window/OnBackInvokedCallback;
05-16 15:46:28.587 29243 29243 I zygote  :   at axt ef.e(android.content.Context) (PG:1)
05-16 15:46:28.587 29243 29243 I zygote  :   at axv androidx.work.impl.WorkDatabase_Impl.b(awn) (PG:13)
05-16 15:46:28.587 29243 29243 I zygote  :   at bew bew.h(android.content.Context) (PG:579)
05-16 15:46:28.587 29243 29243 I zygote  :   at void androidx.work.impl.background.systemalarm.RescheduleReceiver.onReceive(android.content.Context, android.content.Intent) (PG:14)
05-16 15:46:28.587 29243 29243 I zygote  :   at void android.app.ActivityThread.handleReceiver(android.app.ActivityThread$ReceiverData) (ActivityThread.java:3252)
05-16 15:46:28.587 29243 29243 I zygote  :   at void android.app.ActivityThread.-wrap17(android.app.ActivityThread, android.app.ActivityThread$ReceiverData) (ActivityThread.java:-1)
05-16 15:46:28.587 29243 29243 I zygote  :   at void android.app.ActivityThread$H.handleMessage(android.os.Message) (ActivityThread.java:1677)
05-16 15:46:28.587 29243 29243 I zygote  :   at void android.os.Handler.dispatchMessage(android.os.Message) (Handler.java:105)
05-16 15:46:28.587 29243 29243 I zygote  :   at void android.os.Looper.loop() (Looper.java:164)
05-16 15:46:28.587 29243 29243 I zygote  :   at void android.app.ActivityThread.main(java.lang.String[]) (ActivityThread.java:6541)
05-16 15:46:28.587 29243 29243 I zygote  :   at java.lang.Object java.lang.reflect.Method.invoke(java.lang.Object, java.lang.Object[]) (Method.java:-2)
05-16 15:46:28.587 29243 29243 I zygote  :   at void com.android.internal.os.Zygote$MethodAndArgsCaller.run() (Zygote.java:240)
05-16 15:46:28.587 29243 29243 I zygote  :   at void com.android.internal.os.ZygoteInit.main(java.lang.String[]) (ZygoteInit.java:767)
05-16 15:46:28.587 29243 29243 I zygote  : Caused by: java.lang.ClassNotFoundException: Didn't find class "android.window.OnBackInvokedCallback" on path: DexPathList[[zip file "/data/app/com.google.android.tts-mmav9-kbdBxPYR9saD7Srg==/base.apk"],nativeLibraryDirectories=[/data/app/com.google.android.tts-mmav9-kbdBxPYR9saD7Srg==/lib/x86, /data/app/com.google.android.tts-mmav9-kbdBxPYR9saD7Srg==/base.apk!/lib/x86, /system/lib, /vendor/lib]]
05-16 15:46:28.587 29243 29243 I zygote  :   at java.lang.Class dalvik.system.BaseDexClassLoader.findClass(java.lang.String) (BaseDexClassLoader.java:93)
05-16 15:46:28.587 29243 29243 I zygote  :   at java.lang.Class java.lang.ClassLoader.loadClass(java.lang.String, boolean) (ClassLoader.java:379)
05-16 15:46:28.587 29243 29243 I zygote  :   at java.lang.Class java.lang.ClassLoader.loadClass(java.lang.String) (ClassLoader.java:312)
05-16 15:46:28.587 29243 29243 I zygote  :   at axt ef.e(android.content.Context) (PG:1)
05-16 15:46:28.587 29243 29243 I zygote  :   at axv androidx.work.impl.WorkDatabase_Impl.b(awn) (PG:13)
05-16 15:46:28.587 29243 29243 I zygote  :   at bew bew.h(android.content.Context) (PG:579)
05-16 15:46:28.587 29243 29243 I zygote  :   at void androidx.work.impl.background.systemalarm.RescheduleReceiver.onReceive(android.content.Context, android.content.Intent) (PG:14)
05-16 15:46:28.587 29243 29243 I zygote  :   at void android.app.ActivityThread.handleReceiver(android.app.ActivityThread$ReceiverData) (ActivityThread.java:3252)
05-16 15:46:28.587 29243 29243 I zygote  :   at void android.app.ActivityThread.-wrap17(android.app.ActivityThread, android.app.ActivityThread$ReceiverData) (ActivityThread.java:-1)
05-16 15:46:28.587 29243 29243 I zygote  :   at void android.app.ActivityThread$H.handleMessage(android.os.Message) (ActivityThread.java:1677)
05-16 15:46:28.587 29243 29243 I zygote  :   at void android.os.Handler.dispatchMessage(android.os.Message) (Handler.java:105)
05-16 15:46:28.587 29243 29243 I zygote  :   at void android.os.Looper.loop() (Looper.java:164)
05-16 15:46:28.587 29243 29243 I zygote  :   at void android.app.ActivityThread.main(java.lang.String[]) (ActivityThread.java:6541)
05-16 15:46:28.587 29243 29243 I zygote  :   at java.lang.Object java.lang.reflect.Method.invoke(java.lang.Object, java.lang.Object[]) (Method.java:-2)
05-16 15:46:28.587 29243 29243 I zygote  :   at void com.android.internal.os.Zygote$MethodAndArgsCaller.run() (Zygote.java:240)
05-16 15:46:28.587 29243 29243 I zygote  :   at void com.android.internal.os.ZygoteInit.main(java.lang.String[]) (ZygoteInit.java:767)
05-16 15:46:28.587 29243 29243 I zygote  :
05-16 15:46:28.588 29243 29243 I zygote  : Rejecting re-init on previously-failed class java.lang.Class<mx>: java.lang.NoClassDefFoundError: Failed resolution of: Landroid/window/OnBackInvokedCallback;
05-16 15:46:28.588 29243 29243 I zygote  :   at axt ef.e(android.content.Context) (PG:1)
05-16 15:46:28.588 29243 29243 I zygote  :   at axv androidx.work.impl.WorkDatabase_Impl.b(awn) (PG:13)
05-16 15:46:28.588 29243 29243 I zygote  :   at bew bew.h(android.content.Context) (PG:579)
05-16 15:46:28.588 29243 29243 I zygote  :   at void androidx.work.impl.background.systemalarm.RescheduleReceiver.onReceive(android.content.Context, android.content.Intent) (PG:14)
05-16 15:46:28.588 29243 29243 I zygote  :   at void android.app.ActivityThread.handleReceiver(android.app.ActivityThread$ReceiverData) (ActivityThread.java:3252)
05-16 15:46:28.588 29243 29243 I zygote  :   at void android.app.ActivityThread.-wrap17(android.app.ActivityThread, android.app.ActivityThread$ReceiverData) (ActivityThread.java:-1)
05-16 15:46:28.588 29243 29243 I zygote  :   at void android.app.ActivityThread$H.handleMessage(android.os.Message) (ActivityThread.java:1677)
05-16 15:46:28.588 29243 29243 I zygote  :   at void android.os.Handler.dispatchMessage(android.os.Message) (Handler.java:105)
05-16 15:46:28.588 29243 29243 I zygote  :   at void android.os.Looper.loop() (Looper.java:164)
05-16 15:46:28.588 29243 29243 I zygote  :   at void android.app.ActivityThread.main(java.lang.String[]) (ActivityThread.java:6541)
05-16 15:46:28.588 29243 29243 I zygote  :   at java.lang.Object java.lang.reflect.Method.invoke(java.lang.Object, java.lang.Object[]) (Method.java:-2)
05-16 15:46:28.588 29243 29243 I zygote  :   at void com.android.internal.os.Zygote$MethodAndArgsCaller.run() (Zygote.java:240)
05-16 15:46:28.588 29243 29243 I zygote  :   at void com.android.internal.os.ZygoteInit.main(java.lang.String[]) (ZygoteInit.java:767)
05-16 15:46:28.588 29243 29243 I zygote  : Caused by: java.lang.ClassNotFoundException: Didn't find class "android.window.OnBackInvokedCallback" on path: DexPathList[[zip file "/data/app/com.google.android.tts-mmav9-kbdBxPYR9saD7Srg==/base.apk"],nativeLibraryDirectories=[/data/app/com.google.android.tts-mmav9-kbdBxPYR9saD7Srg==/lib/x86, /data/app/com.google.android.tts-mmav9-kbdBxPYR9saD7Srg==/base.apk!/lib/x86, /system/lib, /vendor/lib]]
05-16 15:46:28.588 29243 29243 I zygote  :   at java.lang.Class dalvik.system.BaseDexClassLoader.findClass(java.lang.String) (BaseDexClassLoader.java:93)
05-16 15:46:28.588 29243 29243 I zygote  :   at java.lang.Class java.lang.ClassLoader.loadClass(java.lang.String, boolean) (ClassLoader.java:379)
05-16 15:46:28.589 29243 29243 I zygote  :   at java.lang.Class java.lang.ClassLoader.loadClass(java.lang.String) (ClassLoader.java:312)
05-16 15:46:28.589 29243 29243 I zygote  :   at axt ef.e(android.content.Context) (PG:1)
05-16 15:46:28.589 29243 29243 I zygote  :   at axv androidx.work.impl.WorkDatabase_Impl.b(awn) (PG:13)
05-16 15:46:28.589 29243 29243 I zygote  :   at bew bew.h(android.content.Context) (PG:579)
05-16 15:46:28.589 29243 29243 I zygote  :   at void androidx.work.impl.background.systemalarm.RescheduleReceiver.onReceive(android.content.Context, android.content.Intent) (PG:14)
05-16 15:46:28.589 29243 29243 I zygote  :   at void android.app.ActivityThread.handleReceiver(android.app.ActivityThread$ReceiverData) (ActivityThread.java:3252)
05-16 15:46:28.589 29243 29243 I zygote  :   at void android.app.ActivityThread.-wrap17(android.app.ActivityThread, android.app.ActivityThread$ReceiverData) (ActivityThread.java:-1)
05-16 15:46:28.589 29243 29243 I zygote  :   at void android.app.ActivityThread$H.handleMessage(android.os.Message) (ActivityThread.java:1677)
05-16 15:46:28.589 29243 29243 I zygote  :   at void android.os.Handler.dispatchMessage(android.os.Message) (Handler.java:105)
05-16 15:46:28.589 29243 29243 I zygote  :   at void android.os.Looper.loop() (Looper.java:164)
05-16 15:46:28.589 29243 29243 I zygote  :   at void android.app.ActivityThread.main(java.lang.String[]) (ActivityThread.java:6541)
05-16 15:46:28.589 29243 29243 I zygote  :   at java.lang.Object java.lang.reflect.Method.invoke(java.lang.Object, java.lang.Object[]) (Method.java:-2)
05-16 15:46:28.589 29243 29243 I zygote  :   at void com.android.internal.os.Zygote$MethodAndArgsCaller.run() (Zygote.java:240)
05-16 15:46:28.589 29243 29243 I zygote  :   at void com.android.internal.os.ZygoteInit.main(java.lang.String[]) (ZygoteInit.java:767)
05-16 15:46:28.589 29243 29243 I zygote  :
05-16 15:46:28.589 29243 29243 I zygote  : Rejecting re-init on previously-failed class java.lang.Class<mx>: java.lang.NoClassDefFoundError: Failed resolution of: Landroid/window/OnBackInvokedCallback;
05-16 15:46:28.589 29243 29243 I zygote  :   at axt ef.e(android.content.Context) (PG:1)
05-16 15:46:28.589 29243 29243 I zygote  :   at axv androidx.work.impl.WorkDatabase_Impl.b(awn) (PG:13)
05-16 15:46:28.589 29243 29243 I zygote  :   at bew bew.h(android.content.Context) (PG:579)
05-16 15:46:28.589 29243 29243 I zygote  :   at void androidx.work.impl.background.systemalarm.RescheduleReceiver.onReceive(android.content.Context, android.content.Intent) (PG:14)
05-16 15:46:28.589 29243 29243 I zygote  :   at void android.app.ActivityThread.handleReceiver(android.app.ActivityThread$ReceiverData) (ActivityThread.java:3252)
05-16 15:46:28.589 29243 29243 I zygote  :   at void android.app.ActivityThread.-wrap17(android.app.ActivityThread, android.app.ActivityThread$ReceiverData) (ActivityThread.java:-1)
05-16 15:46:28.589 29243 29243 I zygote  :   at void android.app.ActivityThread$H.handleMessage(android.os.Message) (ActivityThread.java:1677)
05-16 15:46:28.589 29243 29243 I zygote  :   at void android.os.Handler.dispatchMessage(android.os.Message) (Handler.java:105)
05-16 15:46:28.589 29243 29243 I zygote  :   at void android.os.Looper.loop() (Looper.java:164)
05-16 15:46:28.589 29243 29243 I zygote  :   at void android.app.ActivityThread.main(java.lang.String[]) (ActivityThread.java:6541)
05-16 15:46:28.589 29243 29243 I zygote  :   at java.lang.Object java.lang.reflect.Method.invoke(java.lang.Object, java.lang.Object[]) (Method.java:-2)
05-16 15:46:28.589 29243 29243 I zygote  :   at void com.android.internal.os.Zygote$MethodAndArgsCaller.run() (Zygote.java:240)
05-16 15:46:28.589 29243 29243 I zygote  :   at void com.android.internal.os.ZygoteInit.main(java.lang.String[]) (ZygoteInit.java:767)
05-16 15:46:28.589 29243 29243 I zygote  : Caused by: java.lang.ClassNotFoundException: Didn't find class "android.window.OnBackInvokedCallback" on path: DexPathList[[zip file "/data/app/com.google.android.tts-mmav9-kbdBxPYR9saD7Srg==/base.apk"],nativeLibraryDirectories=[/data/app/com.google.android.tts-mmav9-kbdBxPYR9saD7Srg==/lib/x86, /data/app/com.google.android.tts-mmav9-kbdBxPYR9saD7Srg==/base.apk!/lib/x86, /system/lib, /vendor/lib]]
05-16 15:46:28.589 29243 29243 I zygote  :   at java.lang.Class dalvik.system.BaseDexClassLoader.findClass(java.lang.String) (BaseDexClassLoader.java:93)
05-16 15:46:28.589 29243 29243 I zygote  :   at java.lang.Class java.lang.ClassLoader.loadClass(java.lang.String, boolean) (ClassLoader.java:379)
05-16 15:46:28.589 29243 29243 I zygote  :   at java.lang.Class java.lang.ClassLoader.loadClass(java.lang.String) (ClassLoader.java:312)
05-16 15:46:28.589 29243 29243 I zygote  :   at axt ef.e(android.content.Context) (PG:1)
05-16 15:46:28.589 29243 29243 I zygote  :   at axv androidx.work.impl.WorkDatabase_Impl.b(awn) (PG:13)
05-16 15:46:28.589 29243 29243 I zygote  :   at bew bew.h(android.content.Context) (PG:579)
05-16 15:46:28.589 29243 29243 I zygote  :   at void androidx.work.impl.background.systemalarm.RescheduleReceiver.onReceive(android.content.Context, android.content.Intent) (PG:14)
05-16 15:46:28.589 29243 29243 I zygote  :   at void android.app.ActivityThread.handleReceiver(android.app.ActivityThread$ReceiverData) (ActivityThread.java:3252)
05-16 15:46:28.589 29243 29243 I zygote  :   at void android.app.ActivityThread.-wrap17(android.app.ActivityThread, android.app.ActivityThread$ReceiverData) (ActivityThread.java:-1)
05-16 15:46:28.589 29243 29243 I zygote  :   at void android.app.ActivityThread$H.handleMessage(android.os.Message) (ActivityThread.java:1677)
05-16 15:46:28.589 29243 29243 I zygote  :   at void android.os.Handler.dispatchMessage(android.os.Message) (Handler.java:105)
05-16 15:46:28.589 29243 29243 I zygote  :   at void android.os.Looper.loop() (Looper.java:164)
05-16 15:46:28.589 29243 29243 I zygote  :   at void android.app.ActivityThread.main(java.lang.String[]) (ActivityThread.java:6541)
05-16 15:46:28.589 29243 29243 I zygote  :   at java.lang.Object java.lang.reflect.Method.invoke(java.lang.Object, java.lang.Object[]) (Method.java:-2)
05-16 15:46:28.589 29243 29243 I zygote  :   at void com.android.internal.os.Zygote$MethodAndArgsCaller.run() (Zygote.java:240)
05-16 15:46:28.589 29243 29243 I zygote  :   at void com.android.internal.os.ZygoteInit.main(java.lang.String[]) (ZygoteInit.java:767)
05-16 15:46:28.589 29243 29243 I zygote  :
05-16 15:46:28.591 29120 29131 I chatty  : uid=10066(u0_a66) Binder:29120_1 expire 1 line
05-16 15:46:28.599 28963 29030 I chatty  : uid=10066(u0_a66) Lite Thread #1 expire 3 lines
05-16 15:46:28.601 29120 29120 I chatty  : uid=10066(u0_a66) com.google.android.apps.messaging:rcs expire 7 lines
05-16 15:46:28.603  1701  1830 D ConnectivityService: releasing NetworkRequest [ TRACK_DEFAULT id=365, [ Capabilities: INTERNET&NOT_RESTRICTED&TRUSTED&NOT_VPN] ] (CALLBACK_RELEASED)
05-16 15:46:28.619 29120 29120 E ActivityThread: Service com.google.android.ims.service.JibeService has leaked IntentReceiver com.google.android.ims.receiver.sip.DebugOptionsReceiver@67a05cd that was originally registered here. Are you missing a call to unregisterReceiver()?
05-16 15:46:28.619 29120 29120 E ActivityThread: android.app.IntentReceiverLeaked: Service com.google.android.ims.service.JibeService has leaked IntentReceiver com.google.android.ims.receiver.sip.DebugOptionsReceiver@67a05cd that was originally registered here. Are you missing a call to unregisterReceiver()?
05-16 15:46:28.619 29120 29120 E ActivityThread: 	at android.app.LoadedApk$ReceiverDispatcher.<init>(LoadedApk.java:1333)
05-16 15:46:28.619 29120 29120 E ActivityThread: 	at android.app.LoadedApk.getReceiverDispatcher(LoadedApk.java:1114)
05-16 15:46:28.619 29120 29120 E ActivityThread: 	at android.app.ContextImpl.registerReceiverInternal(ContextImpl.java:1405)
05-16 15:46:28.619 29120 29120 E ActivityThread: 	at android.app.ContextImpl.registerReceiver(ContextImpl.java:1385)
05-16 15:46:28.619 29120 29120 E ActivityThread: 	at android.content.ContextWrapper.registerReceiver(ContextWrapper.java:624)
05-16 15:46:28.619 29120 29120 E ActivityThread: 	at jmr.b(PG:53)
05-16 15:46:28.619 29120 29120 E ActivityThread: 	at jmv.g(PG:24)
05-16 15:46:28.619 29120 29120 E ActivityThread: 	at jmv.f(PG:2)
05-16 15:46:28.619 29120 29120 E ActivityThread: 	at com.google.android.ims.receiver.sip.DebugOptionsReceiver.a(PG:17)
05-16 15:46:28.619 29120 29120 E ActivityThread: 	at cgzq.a(PG:59)
05-16 15:46:28.619 29120 29120 E ActivityThread: 	at cjgr.run(PG:209)
05-16 15:46:28.619 29120 29120 E ActivityThread: 	at android.os.Handler.handleCallback(Handler.java:789)
05-16 15:46:28.619 29120 29120 E ActivityThread: 	at android.os.Handler.dispatchMessage(Handler.java:98)
05-16 15:46:28.619 29120 29120 E ActivityThread: 	at android.os.Looper.loop(Looper.java:164)
05-16 15:46:28.619 29120 29120 E ActivityThread: 	at android.os.HandlerThread.run(HandlerThread.java:65)
05-16 15:46:28.619 29120 29120 E ActivityThread: Service com.google.android.ims.service.JibeService has leaked IntentReceiver cjgk@9471e82 that was originally registered here. Are you missing a call to unregisterReceiver()?
05-16 15:46:28.619 29120 29120 E ActivityThread: android.app.IntentReceiverLeaked: Service com.google.android.ims.service.JibeService has leaked IntentReceiver cjgk@9471e82 that was originally registered here. Are you missing a call to unregisterReceiver()?
05-16 15:46:28.619 29120 29120 E ActivityThread: 	at android.app.LoadedApk$ReceiverDispatcher.<init>(LoadedApk.java:1333)
05-16 15:46:28.619 29120 29120 E ActivityThread: 	at android.app.LoadedApk.getReceiverDispatcher(LoadedApk.java:1114)
05-16 15:46:28.619 29120 29120 E ActivityThread: 	at android.app.ContextImpl.registerReceiverInternal(ContextImpl.java:1405)
05-16 15:46:28.619 29120 29120 E ActivityThread: 	at android.app.ContextImpl.registerReceiver(ContextImpl.java:1378)
05-16 15:46:28.619 29120 29120 E ActivityThread: 	at android.app.ContextImpl.registerReceiver(ContextImpl.java:1366)
05-16 15:46:28.619 29120 29120 E ActivityThread: 	at android.content.ContextWrapper.registerReceiver(ContextWrapper.java:603)
05-16 15:46:28.619 29120 29120 E ActivityThread: 	at cjgk.a(PG:22)
05-16 15:46:28.619 29120 29120 E ActivityThread: 	at cgzq.a(PG:62)
05-16 15:46:28.619 29120 29120 E ActivityThread: 	at cjgr.run(PG:209)
05-16 15:46:28.619 29120 29120 E ActivityThread: 	at android.os.Handler.handleCallback(Handler.java:789)
05-16 15:46:28.619 29120 29120 E ActivityThread: 	at android.os.Handler.dispatchMessage(Handler.java:98)
05-16 15:46:28.619 29120 29120 E ActivityThread: 	at android.os.Looper.loop(Looper.java:164)
05-16 15:46:28.619 29120 29120 E ActivityThread: 	at android.os.HandlerThread.run(HandlerThread.java:65)
05-16 15:46:28.662 29272 29272 W zygote  : Unexpected CPU variant for X86 using defaults: x86
05-16 15:46:28.667  1701  3843 I ActivityManager: Start proc 29272:com.google.android.videos/u0a72 for broadcast com.google.android.videos/androidx.work.impl.background.systemalarm.RescheduleReceiver
05-16 15:46:28.685 29243 29265 I NativeLibraryLoader: tts_android (null) was loaded normally!
05-16 15:46:28.965 29272 29291 W PlayMovies: jsx.run:2 User config found
05-16 15:46:28.965 29272 29291 W PlayMovies:
05-16 15:46:28.969 29272 29272 I zygote  : Rejecting re-init on previously-failed class java.lang.Class<cas>: java.lang.NoClassDefFoundError: Failed resolution of: Landroid/view/WindowInsetsAnimation$Callback;
05-16 15:46:28.969 29272 29272 I zygote  :   at java.lang.Object jkz.b() (PG:24)
05-16 15:46:28.969 29272 29272 I zygote  :   at java.lang.Object uis.b() (PG:1)
05-16 15:46:28.969 29272 29272 I zygote  :   at java.lang.Object jkz.b() (PG:17)
05-16 15:46:28.969 29272 29272 I zygote  :   at java.lang.Object uis.b() (PG:1)
05-16 15:46:28.969 29272 29272 I zygote  :   at java.lang.Object uir.b() (PG:2)
05-16 15:46:28.969 29272 29272 I zygote  :   at void kcl.a(java.lang.Object) (PG:12)
05-16 15:46:28.969 29272 29272 I zygote  :   at void ikd.onCreate() (PG:12)
05-16 15:46:28.969 29272 29272 I zygote  :   at void com.google.android.apps.play.movies.mobile.MobileVideosApplication.onCreate() (PG:2)
05-16 15:46:28.969 29272 29272 I zygote  :   at void android.app.Instrumentation.callApplicationOnCreate(android.app.Application) (Instrumentation.java:1118)
05-16 15:46:28.969 29272 29272 I zygote  :   at void android.app.ActivityThread.handleBindApplication(android.app.ActivityThread$AppBindData) (ActivityThread.java:5791)
05-16 15:46:28.969 29272 29272 I zygote  :   at void android.app.ActivityThread.-wrap1(android.app.ActivityThread, android.app.ActivityThread$AppBindData) (ActivityThread.java:-1)
05-16 15:46:28.969 29272 29272 I zygote  :   at void android.app.ActivityThread$H.handleMessage(android.os.Message) (ActivityThread.java:1661)
05-16 15:46:28.969 29272 29272 I zygote  :   at void android.os.Handler.dispatchMessage(android.os.Message) (Handler.java:105)
05-16 15:46:28.969 29272 29272 I zygote  :   at void android.os.Looper.loop() (Looper.java:164)
05-16 15:46:28.969 29272 29272 I zygote  :   at void android.app.ActivityThread.main(java.lang.String[]) (ActivityThread.java:6541)
05-16 15:46:28.969 29272 29272 I zygote  :   at java.lang.Object java.lang.reflect.Method.invoke(java.lang.Object, java.lang.Object[]) (Method.java:-2)
05-16 15:46:28.969 29272 29272 I zygote  :   at void com.android.internal.os.Zygote$MethodAndArgsCaller.run() (Zygote.java:240)
05-16 15:46:28.969 29272 29272 I zygote  :   at void com.android.internal.os.ZygoteInit.main(java.lang.String[]) (ZygoteInit.java:767)
05-16 15:46:28.969 29272 29272 I zygote  : Caused by: java.lang.ClassNotFoundException: Didn't find class "android.view.WindowInsetsAnimation$Callback" on path: DexPathList[[zip file "/data/app/com.google.android.videos-FyjDawlRxr1_Rr0Zvbjhhg==/base.apk"],nativeLibraryDirectories=[/data/app/com.google.android.videos-FyjDawlRxr1_Rr0Zvbjhhg==/lib/x86, /data/app/com.google.android.videos-FyjDawlRxr1_Rr0Zvbjhhg==/base.apk!/lib/x86, /system/lib, /vendor/lib]]
05-16 15:46:28.969 29272 29272 I zygote  :   at java.lang.Class dalvik.system.BaseDexClassLoader.findClass(java.lang.String) (BaseDexClassLoader.java:93)
05-16 15:46:28.969 29272 29272 I zygote  :   at java.lang.Class java.lang.ClassLoader.loadClass(java.lang.String, boolean) (ClassLoader.java:379)
05-16 15:46:28.969 29272 29272 I zygote  :   at java.lang.Class java.lang.ClassLoader.loadClass(java.lang.String) (ClassLoader.java:312)
05-16 15:46:28.969 29272 29272 I zygote  :   at java.lang.Object jkz.b() (PG:24)
05-16 15:46:28.969 29272 29272 I zygote  :   at java.lang.Object uis.b() (PG:1)
05-16 15:46:28.969 29272 29272 I zygote  :   at java.lang.Object jkz.b() (PG:17)
05-16 15:46:28.969 29272 29272 I zygote  :   at java.lang.Object uis.b() (PG:1)
05-16 15:46:28.969 29272 29272 I zygote  :   at java.lang.Object uir.b() (PG:2)
05-16 15:46:28.969 29272 29272 I zygote  :   at void kcl.a(java.lang.Object) (PG:12)
05-16 15:46:28.969 29272 29272 I zygote  :   at void ikd.onCreate() (PG:12)
05-16 15:46:28.969 29272 29272 I zygote  :   at void com.google.android.apps.play.movies.mobile.MobileVideosApplication.onCreate() (PG:2)
05-16 15:46:28.969 29272 29272 I zygote  :   at void android.app.Instrumentation.callApplicationOnCreate(android.app.Application) (Instrumentation.java:1118)
05-16 15:46:28.969 29272 29272 I zygote  :   at void android.app.ActivityThread.handleBindApplication(android.app.ActivityThread$AppBindData) (ActivityThread.java:5791)
05-16 15:46:28.969 29272 29272 I zygote  :   at void android.app.ActivityThread.-wrap1(android.app.ActivityThread, android.app.ActivityThread$AppBindData) (ActivityThread.java:-1)
05-16 15:46:28.970 29272 29272 I zygote  :   at void android.app.ActivityThread$H.handleMessage(android.os.Message) (ActivityThread.java:1661)
05-16 15:46:28.970 29272 29272 I zygote  :   at void android.os.Handler.dispatchMessage(android.os.Message) (Handler.java:105)
05-16 15:46:28.970 29272 29272 I zygote  :   at void android.os.Looper.loop() (Looper.java:164)
