05-16 16:21:41.894 31401 31444 W Bugle   : Bugle: SubscriptionMetadataUtils get: unexpected subId = -2, replacing with -1
05-16 16:21:41.894 31401 31458 I BugleRcsEngine: Scheduled provisioning task with 0 seconds delay, KEEP policy, trigger is APP_STARTUP, workerId is 29c829de-0a7e-40e0-9609-00ce5c09720a, simId is redacted-pii:sim_id[chars:20,last3:720] [CONTEXT log_prefix="provisioning" thread_id=2756 ]
05-16 16:21:41.896 31401 31444 I Bugle   : SubscriptionUtilsAsOfLMR1: getActiveSubscriptionInfo(): empty sub info for subscription{id:-1}
05-16 16:21:41.899 31401 31444 W Bugle   : subInfo is null [CONTEXT sub_id=-1 ]
05-16 16:21:41.901 31401 31460 I BugleRcsEngine: Scheduled provisioning task with 0 seconds delay, KEEP policy, trigger is UNDEFINED_TRIGGER_EVENT, workerId is 27ab9b56-dfe9-4982-9121-2c0134dba06c, simId is redacted-pii:sim_id[chars:20,last3:720] [CONTEXT log_prefix="provisioning" thread_id=2761 ]
05-16 16:21:41.902 31401 31444 W BugleAction: No default number, returning empty msisdn
05-16 16:21:41.907 31401 31444 I BugleRcsEngine: isRcsAvailableForSubId called with an invalid sub id: -2 [CONTEXT log_prefix="RcsProvisioningManager" thread_id=2744 ]
05-16 16:21:41.909 31401 31463 I BugleTransport: updateActiveTransport: refreshing chat transport
05-16 16:21:41.910 31401 31463 I BugleTransport: refreshChatTransport: isChatAvailable: false, enabledTransport: 1, configuration: <empty>
05-16 16:21:41.912 31401 31444 I RcsClientLib: Connecting RcsEngineLifecycleService
05-16 16:21:41.913 31401 31444 W RcsClientLib: No CS.apk RCS service found. Is RCS running in Bugle?
05-16 16:21:41.914 31401 31444 I RcsClientLib: shouldUseCarrierServicesJibeService: false, CarrierServices rcs service found: false
05-16 16:21:41.925 31401 31444 W RcsClientLib: Can't start Bugle JibeService in the background.
05-16 16:21:41.928 31401 31463 I RcsClientLib: com.google.android.rcs.client.lifecycle.RcsEngineLifecycleService connected
05-16 16:21:41.931 31464 31497 I BugleRcsEngine: triggerStopRcsStack for msisdn:redacted-pii:phone_number[chars:0,last2:] [CONTEXT log_prefix="RcsEngineImpl[DUAL_REG]:[206ee29e-4050]" thread_id=2740 ]
05-16 16:21:41.931 31464 31640 I BugleRcsEngine: handleMessage processing message:[STOP_RCS_STACK] with [non-null]:RcsEngineImpl reference [CONTEXT log_prefix="RcsEngineImpl[DUAL_REG]:[206ee29e-4050]>Handler" thread_id=2757 ]
05-16 16:21:41.931 31464 31640 I BugleRcsEngine: RCS engine STOP RCS stack [CONTEXT log_prefix="RcsEngineImpl[DUAL_REG]:[206ee29e-4050]>Handler" thread_id=2757 ]
05-16 16:21:41.932 31464 31640 W BugleRcsEngine: imsModule is null, shutdown not required [CONTEXT log_prefix="RcsEngineImpl[DUAL_REG]:[206ee29e-4050]" thread_id=2757 ]
05-16 16:21:41.932 31464 31640 I BugleRcsEngine: skipping imsModule.stop [CONTEXT log_prefix="RcsEngineImpl[DUAL_REG]:[206ee29e-4050]" thread_id=2757 ]
05-16 16:21:41.932 31464 31640 I BugleRcsEngine: resetting RcsEngine internal state [CONTEXT log_prefix="RcsEngineImpl[DUAL_REG]:[206ee29e-4050]" thread_id=2757 ]
05-16 16:21:41.933 31464 31640 I BugleRcsEngine: handleMessage processing message:[NOTIFY_UPTIME_IGNORE_STATE_CHANGED] with [non-null]:RcsEngineImpl reference [CONTEXT log_prefix="RcsEngineImpl[DUAL_REG]:[206ee29e-4050]>Handler" thread_id=2757 ]
05-16 16:21:41.935 31401 31447 I RcsClientLib: Disconnecting RcsEngineLifecycleService
05-16 16:21:41.943 31464 31640 I BugleRcsEngine: No RCS Configuration was found in Bugle for simID: redacted-pii:sim_id[chars:20,last3:720] [CONTEXT log_prefix="ProvisioningEngineDataRetriever" thread_id=2757 ]
05-16 16:21:42.016 31357 31556 I chatty  : uid=10085(u0_a85) expire 4 lines
05-16 16:21:42.049 31357 31562 I chatty  : uid=10085(u0_a85) expire 5 lines
05-16 16:21:42.144 31464 31475 I BugleRcsEngine: triggerStopRcsStack for msisdn:redacted-pii:phone_number[chars:0,last2:] [CONTEXT log_prefix="RcsEngineImpl[DUAL_REG]:[206ee29e-4050]" thread_id=2718 ]
05-16 16:21:42.145 31464 31640 I BugleRcsEngine: handleMessage processing message:[STOP_RCS_STACK] with [non-null]:RcsEngineImpl reference [CONTEXT log_prefix="RcsEngineImpl[DUAL_REG]:[206ee29e-4050]>Handler" thread_id=2757 ]
05-16 16:21:42.145 31401 31447 I RcsClientLib: Disconnecting RcsEngineLifecycleService
05-16 16:21:42.145 31464 31640 I BugleRcsEngine: RCS engine STOP RCS stack [CONTEXT log_prefix="RcsEngineImpl[DUAL_REG]:[206ee29e-4050]>Handler" thread_id=2757 ]
05-16 16:21:42.145 31464 31640 W BugleRcsEngine: imsModule is null, shutdown not required [CONTEXT log_prefix="RcsEngineImpl[DUAL_REG]:[206ee29e-4050]" thread_id=2757 ]
05-16 16:21:42.146 31464 31640 I BugleRcsEngine: skipping imsModule.stop [CONTEXT log_prefix="RcsEngineImpl[DUAL_REG]:[206ee29e-4050]" thread_id=2757 ]
05-16 16:21:42.146 31464 31464 I BugleRcsEngine: onDestroy: stopping service [CONTEXT log_prefix="JibeService" thread_id=2 ]
05-16 16:21:42.146 31464 31640 I BugleRcsEngine: resetting RcsEngine internal state [CONTEXT log_prefix="RcsEngineImpl[DUAL_REG]:[206ee29e-4050]" thread_id=2757 ]
05-16 16:21:42.146 31464 31464 I BugleRcsEngine: Destroy RCS Engine. [CONTEXT log_prefix="RcsEngineProxyImpl:[64e2a457-1cdc]" thread_id=2 ]
05-16 16:21:42.147 31464 31640 I BugleRcsEngine: handleMessage processing message:[NOTIFY_UPTIME_IGNORE_STATE_CHANGED] with [non-null]:RcsEngineImpl reference [CONTEXT log_prefix="RcsEngineImpl[DUAL_REG]:[206ee29e-4050]>Handler" thread_id=2757 ]
05-16 16:21:42.150  1701  1830 D ConnectivityService: releasing NetworkRequest [ TRACK_DEFAULT id=382, [ Capabilities: INTERNET&NOT_RESTRICTED&TRUSTED&NOT_VPN] ] (CALLBACK_RELEASED)
05-16 16:21:42.155 31464 31464 I BugleRcsEngine: resetting RcsEngine internal state [CONTEXT log_prefix="RcsEngineImpl[DUAL_REG]:[206ee29e-4050]" thread_id=2 ]
05-16 16:21:42.155 31464 31464 W BugleRcsEngine: setting active RCS engine to null [CONTEXT log_prefix="RcsEngineProxyImpl:[64e2a457-1cdc]" thread_id=2 ]
05-16 16:21:42.156 31464 31464 E BugleRcsEngine: TelephonyChangeReceiver is not registered. [CONTEXT thread_id=2 ]
05-16 16:21:42.157 31464 31464 E BugleRcsEngine: onDestroy() unregister factory exception [CONTEXT log_prefix="JibeService" thread_id=2 ]
05-16 16:21:42.157 31464 31464 E BugleRcsEngine: java.lang.IllegalArgumentException: Receiver not registered: com.google.android.ims.receiver.sip.DebugOptionsReceiver@9471e82
05-16 16:21:42.157 31464 31464 E BugleRcsEngine: 	at android.app.LoadedApk.forgetReceiverDispatcher(LoadedApk.java:1175)
05-16 16:21:42.157 31464 31464 E BugleRcsEngine: 	at android.app.ContextImpl.unregisterReceiver(ContextImpl.java:1433)
05-16 16:21:42.157 31464 31464 E BugleRcsEngine: 	at android.content.ContextWrapper.unregisterReceiver(ContextWrapper.java:639)
05-16 16:21:42.157 31464 31464 E BugleRcsEngine: 	at com.google.android.ims.receiver.sip.DebugOptionsReceiver.b(PG:10)
05-16 16:21:42.157 31464 31464 E BugleRcsEngine: 	at com.google.android.ims.service.JibeService.onDestroy(PG:62)
05-16 16:21:42.157 31464 31464 E BugleRcsEngine: 	at android.app.ActivityThread.handleStopService(ActivityThread.java:3569)
05-16 16:21:42.157 31464 31464 E BugleRcsEngine: 	at android.app.ActivityThread.-wrap26(Unknown Source:0)
05-16 16:21:42.157 31464 31464 E BugleRcsEngine: 	at android.app.ActivityThread$H.handleMessage(ActivityThread.java:1703)
05-16 16:21:42.157 31464 31464 E BugleRcsEngine: 	at android.os.Handler.dispatchMessage(Handler.java:105)
05-16 16:21:42.157 31464 31464 E BugleRcsEngine: 	at android.os.Looper.loop(Looper.java:164)
05-16 16:21:42.157 31464 31464 E BugleRcsEngine: 	at android.app.ActivityThread.main(ActivityThread.java:6541)
05-16 16:21:42.157 31464 31464 E BugleRcsEngine: 	at java.lang.reflect.Method.invoke(Native Method)
05-16 16:21:42.157 31464 31464 E BugleRcsEngine: 	at com.android.internal.os.Zygote$MethodAndArgsCaller.run(Zygote.java:240)
05-16 16:21:42.157 31464 31464 E BugleRcsEngine: 	at com.android.internal.os.ZygoteInit.main(ZygoteInit.java:767)
05-16 16:21:42.158 31464 31464 I BugleRcsEngine: Destroying JibeServiceComponent [CONTEXT thread_id=2 ]
05-16 16:21:42.162 31464 31640 I BugleRcsEngine: No RCS Configuration was found in Bugle for simID: redacted-pii:sim_id[chars:20,last3:720] [CONTEXT log_prefix="ProvisioningEngineDataRetriever" thread_id=2757 ]
05-16 16:21:42.211 31401 31463 I BugleWearable: Start syncing data to wearable devices [CONTEXT class_name="SyncDataToWearableAppHandler" ]
05-16 16:21:42.213 31401 31463 I BugleWearable: WATCH_VERSION_KEY is not saved to SharedPreferences. [CONTEXT class_name="SyncDataToWearableAppHandler" ]
05-16 16:21:42.214 31401 31463 I BugleDataModel: ActionExecutorImpl: Starting ActionService
05-16 16:21:42.214  1701  2037 W ActivityManager: Background start not allowed: service Intent { cmp=com.google.android.apps.messaging/.shared.datamodel.action.execution.ActionExecutorImpl$EmptyService } to com.google.android.apps.messaging/.shared.datamodel.action.execution.ActionExecutorImpl$EmptyService from pid=31401 uid=10066 pkg=com.google.android.apps.messaging
05-16 16:21:42.215 31401 31463 I BugleAction: ActionSchedulerImpl: class com.google.android.apps.messaging.wearable.action.CheckWearableAppVersionAction-CheckWearableAppVersionAction:141908938008 deferred since it was started from unsafe context
05-16 16:21:42.223 31357 31504 I chatty  : uid=10085(u0_a85) expire 12 lines
05-16 16:21:42.229  8138  8320 W WearableService: onGetService: Wear is not available on this device.
05-16 16:21:42.229 31401 31401 I BugleDataModel: ActionExecutorImpl: Starting ActionService
05-16 16:21:42.230  1701  1712 W ActivityManager: Background start not allowed: service Intent { cmp=com.google.android.apps.messaging/.shared.datamodel.action.execution.ActionExecutorImpl$EmptyService } to com.google.android.apps.messaging/.shared.datamodel.action.execution.ActionExecutorImpl$EmptyService from pid=31401 uid=10066 pkg=com.google.android.apps.messaging
05-16 16:21:42.230 31401 31401 I BugleDataModel: ActionExecutorImpl: ACTION_EXECUTE_QUEUED_CheckWearableAppVersionAction
05-16 16:21:42.232 31401 31463 I BugleDataModel: ExecuteActionRunnable: running action CheckWearableAppVersionAction
05-16 16:21:42.233 31401 31463 I BugleDataModel: ActionExecutorImpl: ACTION_BACKGROUND_QUEUED_CheckWearableAppVersionAction
05-16 16:21:42.235 31401 31444 I BugleDataModel: ActionExecutorImpl: ACTION_RESPONSE_QUEUED_CheckWearableAppVersionAction
05-16 16:21:42.235 31401 31625 I zygote  : Deoptimizing dloc dley.H(int) due to JIT inline cache
05-16 16:21:42.238 31401 31625 W BugleWearable: Not retrying sync: Failed to sync conversations to wearable with ApiException[status=API_NOT_CONNECTED] [CONTEXT class_name="SyncDataToWearableAppHandler" ]
05-16 16:21:42.238 31401 31625 W BugleWearable: cegy: 17:
05-16 16:21:42.238 31401 31625 W BugleWearable: 	at celh.a(PG:15)
05-16 16:21:42.238 31401 31625 W BugleWearable: 	at cemu.a(PG:31)
05-16 16:21:42.238 31401 31625 W BugleWearable: 	at com.google.android.gms.common.api.internal.BasePendingResult.q(PG:74)
05-16 16:21:42.238 31401 31625 W BugleWearable: 	at com.google.android.gms.common.api.internal.BasePendingResult.n(PG:35)
05-16 16:21:42.238 31401 31625 W BugleWearable: 	at ceif.k(PG:16)
05-16 16:21:42.238 31401 31625 W BugleWearable: 	at cehv.d(PG:3)
05-16 16:21:42.238 31401 31625 W BugleWearable: 	at cejb.q(PG:48)
05-16 16:21:42.238 31401 31625 W BugleWearable: 	at cejb.d(PG:10)
05-16 16:21:42.238 31401 31625 W BugleWearable: 	at cejb.g(PG:176)
05-16 16:21:42.238 31401 31625 W BugleWearable: 	at cejb.onConnectionFailed(PG:2)
05-16 16:21:42.238 31401 31625 W BugleWearable: 	at ceme.a(PG:3)
05-16 16:21:42.238 31401 31625 W BugleWearable: 	at celq.a(PG:7)
05-16 16:21:42.238 31401 31625 W BugleWearable: 	at celk.d(PG:54)
05-16 16:21:42.238 31401 31625 W BugleWearable: 	at cell.handleMessage(PG:280)
05-16 16:21:42.238 31401 31625 W BugleWearable: 	at android.os.Handler.dispatchMessage(Handler.java:105)
05-16 16:21:42.238 31401 31625 W BugleWearable: 	at cfko.b(PG:1)
05-16 16:21:42.238 31401 31625 W BugleWearable: 	at cfko.dispatchMessage(PG:1)
05-16 16:21:42.238 31401 31625 W BugleWearable: 	at android.os.Looper.loop(Looper.java:164)
05-16 16:21:42.238 31401 31625 W BugleWearable: 	at android.os.HandlerThread.run(HandlerThread.java:65)
05-16 16:21:42.241 31357 31509 I chatty  : uid=10085(u0_a85) expire 15 lines
05-16 16:21:42.241 31401 31439 W BugleWearable: Failed to sync phone config to data client with ApiException[status=API_NOT_CONNECTED] [CONTEXT class_name="SyncDataToWearableAppHandler" ]
05-16 16:21:42.241 31401 31439 W BugleWearable: cegy: 17: API: Wearable.API is not available on this device. Connection failed with: ConnectionResult{statusCode=API_UNAVAILABLE, resolution=null, message=null}
05-16 16:21:42.241 31401 31439 W BugleWearable: 	at celh.a(PG:15)
05-16 16:21:42.241 31401 31439 W BugleWearable: 	at cemu.a(PG:31)
05-16 16:21:42.241 31401 31439 W BugleWearable: 	at com.google.android.gms.common.api.internal.BasePendingResult.q(PG:74)
05-16 16:21:42.241 31401 31439 W BugleWearable: 	at com.google.android.gms.common.api.internal.BasePendingResult.n(PG:35)
05-16 16:21:42.241 31401 31439 W BugleWearable: 	at ceif.k(PG:16)
05-16 16:21:42.241 31401 31439 W BugleWearable: 	at cehv.d(PG:3)
05-16 16:21:42.241 31401 31439 W BugleWearable: 	at cejb.q(PG:48)
05-16 16:21:42.241 31401 31439 W BugleWearable: 	at cejb.d(PG:10)
05-16 16:21:42.241 31401 31439 W BugleWearable: 	at cejb.g(PG:176)
05-16 16:21:42.241 31401 31439 W BugleWearable: 	at cejb.onConnectionFailed(PG:2)
05-16 16:21:42.241 31401 31439 W BugleWearable: 	at ceme.a(PG:3)
05-16 16:21:42.241 31401 31439 W BugleWearable: 	at celq.a(PG:7)
05-16 16:21:42.241 31401 31439 W BugleWearable: 	at celk.d(PG:54)
05-16 16:21:42.241 31401 31439 W BugleWearable: 	at cell.handleMessage(PG:280)
05-16 16:21:42.241 31401 31439 W BugleWearable: 	at android.os.Handler.dispatchMessage(Handler.java:105)
05-16 16:21:42.241 31401 31439 W BugleWearable: 	at cfko.b(PG:1)
05-16 16:21:42.241 31401 31439 W BugleWearable: 	at cfko.dispatchMessage(PG:1)
05-16 16:21:42.241 31401 31439 W BugleWearable: 	at android.os.Looper.loop(Looper.java:164)
05-16 16:21:42.241 31401 31439 W BugleWearable: 	at android.os.HandlerThread.run(HandlerThread.java:65)
05-16 16:21:42.243 31401 31428 I zygote  : Deoptimizing void cenl.G(android.os.Parcel, android.os.Parcelable, int) due to JIT inline cache
05-16 16:21:42.248  8138  8149 W WearableService: onGetService: Wear is not available on this device.
05-16 16:21:42.260 31401 31463 I WM-WorkerWrapper: Worker result SUCCESS for Work [ id=aff03379-3d46-425b-9b17-6dc06c829697, tags={ com.google.android.apps.messaging.shared.datamodel.workqueue.WorkQueueWorkerShim,wear_sync_queue } ]
05-16 16:21:42.267 31357 31513 I chatty  : uid=10085(u0_a85) expire 12 lines
05-16 16:21:42.281 31357 31550 I chatty  : uid=10085(u0_a85) expire 15 lines
05-16 16:21:42.299 31357 31552 I chatty  : uid=10085(u0_a85) expire 12 lines
05-16 16:21:42.312 31357 31554 I chatty  : uid=10085(u0_a85) expire 13 lines
05-16 16:21:42.329 31357 31556 I chatty  : uid=10085(u0_a85) expire 12 lines
05-16 16:21:42.343 31357 31562 I chatty  : uid=10085(u0_a85) expire 15 lines
05-16 16:21:42.537 31357 31362 I chatty  : uid=10085(u0_a85) expire 3 lines
05-16 16:21:44.660  1701  6139 I ActivityManager: START u0 {cmp=com.sheygam.contactapp/.EditContactActivity} from uid 10083
05-16 16:21:44.690  1701  1716 E memtrack: Couldn't load memtrack module
05-16 16:21:44.690  1701  1716 W android.os.Debug: failed to get memory consumption info: -1
05-16 16:21:44.736 31531 31536 I zygote  : JIT allocated 56KB for compiled code of void android.view.View.<init>(android.content.Context, android.util.AttributeSet, int, int)
05-16 16:21:44.762  1435  1435 D gralloc_ranchu: gralloc_alloc: Creating ashmem region of size 10371072
05-16 16:21:44.765  1435  1435 I chatty  : uid=1000(system) allocator@2.0-s identical 1 line
05-16 16:21:44.767  1435  1435 D gralloc_ranchu: gralloc_alloc: Creating ashmem region of size 10371072
05-16 16:21:44.801 31531 31547 D EGL_emulation: eglMakeCurrent: 0x9d985120: ver 2 0 (tinfo 0x9d983250)
05-16 16:21:44.809 31531 31547 D EGL_emulation: eglMakeCurrent: 0x9d985120: ver 2 0 (tinfo 0x9d983250)
05-16 16:21:44.810  1701  1724 I ActivityManager: Displayed com.sheygam.contactapp/.EditContactActivity: +122ms
05-16 16:21:44.823 31531 31547 D EGL_emulation: eglMakeCurrent: 0x9d985120: ver 2 0 (tinfo 0x9d983250)
05-16 16:21:44.831 31531 31547 D EGL_emulation: eglMakeCurrent: 0x9d985120: ver 2 0 (tinfo 0x9d983250)
05-16 16:21:44.833 31531 31531 W View    : dispatchProvideAutofillStructure(): not laid out, ignoring
05-16 16:21:44.834 31531 31531 I chatty  : uid=10083(u0_a83) identical 1 line
05-16 16:21:44.834 31531 31531 W View    : dispatchProvideAutofillStructure(): not laid out, ignoring
05-16 16:21:44.835  1701  1712 W Binder  : Outgoing transactions from this process must be FLAG_ONEWAY
05-16 16:21:44.835  1701  1712 W Binder  : java.lang.Throwable
05-16 16:21:44.835  1701  1712 W Binder  : 	at android.os.BinderProxy.transact(Binder.java:736)
05-16 16:21:44.835  1701  1712 W Binder  : 	at android.app.assist.AssistStructure$ParcelTransferReader.fetchData(AssistStructure.java:407)
05-16 16:21:44.835  1701  1712 W Binder  : 	at android.app.assist.AssistStructure$ParcelTransferReader.go(AssistStructure.java:343)
05-16 16:21:44.835  1701  1712 W Binder  : 	at android.app.assist.AssistStructure.ensureData(AssistStructure.java:2096)
05-16 16:21:44.835  1701  1712 W Binder  : 	at com.android.server.autofill.Session$1.send(Session.java:200)
05-16 16:21:44.835  1701  1712 W Binder  : 	at com.android.server.am.ActivityManagerService.reportAssistContextExtras(ActivityManagerService.java:13137)
05-16 16:21:44.835  1701  1712 W Binder  : 	at android.app.IActivityManager$Stub.onTransact(IActivityManager.java:2466)
05-16 16:21:44.835  1701  1712 W Binder  : 	at com.android.server.am.ActivityManagerService.onTransact(ActivityManagerService.java:2935)
05-16 16:21:44.835  1701  1712 W Binder  : 	at android.os.Binder.execTransact(Binder.java:674)
05-16 16:21:44.837 31531 31531 I AssistStructure: Flattened final assist data: 4532 bytes, containing 1 windows, 16 views
05-16 16:21:44.845 31531 31547 D EGL_emulation: eglMakeCurrent: 0x9d985120: ver 2 0 (tinfo 0x9d983250)
05-16 16:21:44.847  1701  6139 I AssistStructure: Flattened final assist data: 3656 bytes, containing 1 windows, 16 views
05-16 16:21:44.850  8138  8138 W AutofillChimeraService: Pending fill request while another request in the same session was triggered. [CONTEXT service_id=177 ]
05-16 16:21:45.339 31531 31547 D EGL_emulation: eglMakeCurrent: 0x9d985120: ver 2 0 (tinfo 0x9d983250)
05-16 16:21:45.725  1701  1711 I ActivityManager: Force stopping com.sheygam.contactapp appid=10083 user=0: from pid 31680
05-16 16:21:45.725  1701  1711 I ActivityManager: Killing 31531:com.sheygam.contactapp/u0a83 (adj 0): stop com.sheygam.contactapp
05-16 16:21:45.726  1701  1711 W ActivityManager: Force removing ActivityRecord{8dcbd88 u0 com.sheygam.contactapp/.EditContactActivity t121}: app died, no saved state
05-16 16:21:45.728  1701  1711 I WindowManager: Failed to capture screenshot of Token{6ec5321 ActivityRecord{8dcbd88 u0 com.sheygam.contactapp/.EditContactActivity t121 f}} appWin=Window{a1a005d u0 com.sheygam.contactapp/com.sheygam.contactapp.EditContactActivity} drawState=4
05-16 16:21:45.735 31682 31682 I zygote  : Late-enabling -Xcheck:jni
05-16 16:21:45.740 31682 31682 W zygote  : Unexpected CPU variant for X86 using defaults: x86
05-16 16:21:45.742 31357 31385 I chatty  : uid=10085(u0_a85) expire 4 lines
05-16 16:21:45.742  1701  1711 I ActivityManager: Start proc 31682:com.sheygam.contactapp/u0a83 for activity com.sheygam.contactapp/.ContactList
05-16 16:21:45.744 31357 31357 I chatty  : uid=10085(u0_a85) expire 2 lines
05-16 16:21:45.746  1701  1711 E JavaBinder: !!! FAILED BINDER TRANSACTION !!!  (parcel size = 56)
05-16 16:21:45.752  1701  1711 I ActivityManager:   Force finishing activity ActivityRecord{8831962 u0 com.sheygam.contactapp/.ContactList t121}
05-16 16:21:45.755  1701  1711 E JavaBinder: !!! FAILED BINDER TRANSACTION !!!  (parcel size = 56)
05-16 16:21:45.756  1701  1711 I ActivityManager:   Force finishing activity ActivityRecord{8831962 u0 com.sheygam.contactapp/.ContactList t121 f}
05-16 16:21:45.756  1701  1711 W ActivityManager: Duplicate finish request for ActivityRecord{8831962 u0 com.sheygam.contactapp/.ContactList t121 f}
05-16 16:21:45.761  1435  1435 D gralloc_ranchu: gralloc_alloc: Creating ashmem region of size 10371072
05-16 16:21:45.764  1435  1435 D gralloc_ranchu: gralloc_alloc: Creating ashmem region of size 10371072
05-16 16:21:45.768  1701  1775 W InputDispatcher: channel 'ad334f com.sheygam.contactapp/com.sheygam.contactapp.ContactList (server)' ~ Consumer closed input channel or an error occurred.  events=0x9
05-16 16:21:45.768  1701  1775 E InputDispatcher: channel 'ad334f com.sheygam.contactapp/com.sheygam.contactapp.ContactList (server)' ~ Channel is unrecoverably broken and will be disposed!
05-16 16:21:45.771  1435  1435 D gralloc_ranchu: gralloc_alloc: Creating ashmem region of size 10371072
05-16 16:21:45.771  1701  2037 I WindowManager: WIN DEATH: Window{ad334f u0 com.sheygam.contactapp/com.sheygam.contactapp.ContactList}
05-16 16:21:45.771  1701  2037 W InputDispatcher: Attempted to unregister already unregistered input channel 'ad334f com.sheygam.contactapp/com.sheygam.contactapp.ContactList (server)'
05-16 16:21:45.782  1701  1724 E ViewRootImpl[contactapp]: Attempting to destroy the window while drawing!
05-16 16:21:45.782  1701  1724 E ViewRootImpl[contactapp]:   window=android.view.ViewRootImpl@b28d294, title=Splash Screen com.sheygam.contactapp
05-16 16:21:45.792  1701  1716 E memtrack: Couldn't load memtrack module
05-16 16:21:45.792  1701  1716 W android.os.Debug: failed to get memory consumption info: -1
05-16 16:21:45.795  1435  1435 D gralloc_ranchu: gralloc_alloc: Creating ashmem region of size 10371072
05-16 16:21:45.800  8138 27481 W Nearby  : Failed attempt #3 out of 3 for RestoreDeviceName [CONTEXT service_id=49 ]
05-16 16:21:45.800  8138 27481 W Nearby  : java.lang.IllegalStateException: BluetoothAdapter not ready yet!
05-16 16:21:45.800  8138 27481 W Nearby  : 	at bvxn.e(:com.google.android.gms@241616016@24.16.16 (040700-629452829):37)
05-16 16:21:45.800  8138 27481 W Nearby  : 	at bvxl.run(:com.google.android.gms@241616016@24.16.16 (040700-629452829):5)
05-16 16:21:45.800  8138 27481 W Nearby  : 	at eexz.call(:com.google.android.gms@241616016@24.16.16 (040700-629452829):3)
05-16 16:21:45.800  8138 27481 W Nearby  : 	at eeyd.a(:com.google.android.gms@241616016@24.16.16 (040700-629452829):20)
05-16 16:21:45.800  8138 27481 W Nearby  : 	at eeyd.b(:com.google.android.gms@241616016@24.16.16 (040700-629452829):6)
05-16 16:21:45.800  8138 27481 W Nearby  : 	at bvxm.run(:com.google.android.gms@241616016@24.16.16 (040700-629452829):33)
05-16 16:21:45.800  8138 27481 W Nearby  : 	at java.lang.Thread.run(Thread.java:764)
05-16 16:21:45.800  8138 27481 W Nearby  : 	at amhx.run(:com.google.android.gms@241616016@24.16.16 (040700-629452829):29)
05-16 16:21:45.800  8138 27481 W Nearby  : 	at java.util.concurrent.ThreadPoolExecutor.runWorker(ThreadPoolExecutor.java:1162)
05-16 16:21:45.800  8138 27481 W Nearby  : 	at java.util.concurrent.ThreadPoolExecutor$Worker.run(ThreadPoolExecutor.java:636)
05-16 16:21:45.800  8138 27481 W Nearby  : 	at amnn.run(:com.google.android.gms@241616016@24.16.16 (040700-629452829):8)
05-16 16:21:45.800  8138 27481 W Nearby  : 	at java.lang.Thread.run(Thread.java:764)
05-16 16:21:45.815  1701  1724 W ActivityManager: setHasOverlayUi called on unknown pid: 31531
05-16 16:21:45.822  1988  1988 D CarrierSvcBindHelper: No carrier app for: 0
05-16 16:21:45.832  6648 14242 D EGL_emulation: eglMakeCurrent: 0x9d986800: ver 2 0 (tinfo 0x7ed59ac0)
05-16 16:21:45.844  5974  5974 I GsaVoiceInteractionSrv: Handling ACTION_START_HOTWORD
05-16 16:21:45.844  5974  6026 I GsaVoiceInteractionSrv: (REDACTED) disregardHotwordSetting: %b
05-16 16:21:45.844  5974  6026 I GsaVoiceInteractionSrv: Cannot start hotword, hotword has been explicitly disabled.
05-16 16:21:45.845  1701  1716 E memtrack: Couldn't load memtrack module
05-16 16:21:45.845  1701  1716 W android.os.Debug: failed to get memory consumption info: -1
05-16 16:21:45.851  1444  1444 D SurfaceFlinger: duplicate layer name: changing com.google.android.apps.nexuslauncher/com.google.android.apps.nexuslauncher.NexusLauncherActivity to com.google.android.apps.nexuslauncher/com.google.android.apps.nexuslauncher.NexusLauncherActivity#1
05-16 16:21:45.859  1435  1435 D gralloc_ranchu: gralloc_alloc: Creating ashmem region of size 10371072
05-16 16:21:45.859  8125 31700 I Authzen : [DeviceStateSyncManager] The server is in sync with current state. Nothing to do
05-16 16:21:45.860  1701  1716 E memtrack: Couldn't load memtrack module
05-16 16:21:45.860  1701  1716 W android.os.Debug: failed to get memory consumption info: -1
05-16 16:21:45.862  1435  1435 D gralloc_ranchu: gralloc_alloc: Creating ashmem region of size 10371072
05-16 16:21:45.865  1435  1435 D gralloc_ranchu: gralloc_alloc: Creating ashmem region of size 10371072
05-16 16:21:45.907  2318  2556 D EGL_emulation: eglMakeCurrent: 0x9d985900: ver 2 0 (tinfo 0x9d983810)
05-16 16:21:45.920  1701  1716 E memtrack: Couldn't load memtrack module
05-16 16:21:45.920  1701  1716 W android.os.Debug: failed to get memory consumption info: -1
05-16 16:21:45.944  1701  1716 E memtrack: Couldn't load memtrack module
05-16 16:21:45.944  1701  1716 W android.os.Debug: failed to get memory consumption info: -1
05-16 16:21:45.951  1701  1709 I zygote  : Background concurrent copying GC freed 82709(5MB) AllocSpace objects, 14(296KB) LOS objects, 31% free, 12MB/18MB, paused 1.381ms total 167.047ms
05-16 16:21:45.959  1701  1716 E memtrack: Couldn't load memtrack module
05-16 16:21:45.959  1701  1716 W android.os.Debug: failed to get memory consumption info: -1
05-16 16:21:45.992  1701  2017 W WindowManager: removeWindowToken: Attempted to remove non-existing token: android.os.Binder@2b280b0
05-16 16:21:45.995  1701  1903 I ActivityManager: Force stopping io.appium.uiautomator2.server appid=10085 user=0: finished inst
05-16 16:21:45.995  1701  1903 I ActivityManager: Killing 31357:io.appium.uiautomator2.server/u0a85 (adj 0): stop io.appium.uiautomator2.server
05-16 16:21:45.996  5974  6021 I A11yListener: (REDACTED) #onAccessibilityStateChanged enabled: %s
05-16 16:21:45.996  1701 31703 W Binder  : Outgoing transactions from this process must be FLAG_ONEWAY
05-16 16:21:45.996  1701 31703 W Binder  : java.lang.Throwable
05-16 16:21:45.996  1701 31703 W Binder  : 	at android.os.BinderProxy.transact(Binder.java:736)
05-16 16:21:45.996  1701 31703 W Binder  : 	at android.app.IInstrumentationWatcher$Stub$Proxy.instrumentationFinished(IInstrumentationWatcher.java:160)
05-16 16:21:45.996  1701 31703 W Binder  : 	at com.android.server.am.InstrumentationReporter$MyThread.run(InstrumentationReporter.java:86)
05-16 16:21:45.996  6648  6754 I A       : NGA disabled due to not being eligible.
05-16 16:21:45.996  5974  6028 I A11yListener: #onChange
05-16 16:21:45.997 31327 31327 D AndroidRuntime: Shutting down VM
05-16 16:21:45.997  5974  6028 E TraceManager: Duplicate trace
05-16 16:21:45.997  5974  6028 E TraceManager: com.google.apps.tiktok.tracing.w: Starting new trace A11yEventListener_onChange when already associated with a trace: . For more help, see http://go/tiktok-tracing#fixing-duplicate-trace-issues
05-16 16:21:45.997  5974  6028 E TraceManager: 	at com.google.apps.tiktok.tracing.em.f(PG:6)
05-16 16:21:45.997  5974  6028 E TraceManager: 	at com.google.apps.tiktok.tracing.em.g(PG:2)
05-16 16:21:45.997  5974  6028 E TraceManager: 	at com.google.apps.tiktok.tracing.dv.d(PG:1)
05-16 16:21:45.997  5974  6028 E TraceManager: 	at com.google.android.libraries.search.assistant.a.g.a(PG:7)
05-16 16:21:45.997  5974  6028 E TraceManager: 	at com.google.android.libraries.search.assistant.a.b.b(PG:2)
05-16 16:21:45.997  5974  6028 E TraceManager: 	at j.c.b.a.a.h(PG:4)
05-16 16:21:45.997  5974  6028 E TraceManager: 	at kotlinx.coroutines.bk.run(PG:14)
05-16 16:21:45.997  5974  6028 E TraceManager: 	at com.google.apps.tiktok.coroutines.g.run(PG:1)
05-16 16:21:45.997  5974  6028 E TraceManager: 	at com.google.android.libraries.i.y.run(PG:1)
05-16 16:21:45.997  5974  6028 E TraceManager: 	at java.util.concurrent.ThreadPoolExecutor.runWorker(ThreadPoolExecutor.java:1162)
05-16 16:21:45.997  5974  6028 E TraceManager: 	at java.util.concurrent.ThreadPoolExecutor$Worker.run(ThreadPoolExecutor.java:636)
05-16 16:21:45.997  5974  6028 E TraceManager: 	at com.google.android.libraries.i.g.run(PG:2)
05-16 16:21:45.997  5974  6028 E TraceManager: 	at java.lang.Thread.run(Thread.java:764)
05-16 16:21:45.997  5974  6028 E TraceManager: 	at com.google.android.libraries.i.ah.run(PG:5)
05-16 16:21:45.997  5974  6028 E TraceManager: 	Suppressed: com.google.apps.tiktok.tracing.fx:
05-16 16:21:45.997  5974  6028 E TraceManager: 		at tk_trace.(Unknown Source:0)
05-16 16:21:45.997  5974  6028 E TraceManager: 		at tk_trace.Missing root trace(Unknown Source:0)
05-16 16:21:45.997  5974  6028 E TraceManager: Caused by: com.google.apps.tiktok.tracing.aa
05-16 16:21:45.997  5974  6028 I Ma-fcf-A11yChangeNotifier: #FCF: onChange
05-16 16:21:45.998  5974  6028 I Ma-fcf  : FCF A11y Checker - readyForTngMa
05-16 16:21:45.998  5974  6028 I Ma-fcf  : (REDACTED) #FCF: Continued Conversation Mode Enabled: %s
05-16 16:21:45.998  5974  6028 I Ma-fcf  : (REDACTED) #FCF: Headset Connected Status: %s
05-16 16:21:45.998  5974  6028 I Ma-fcf  : (REDACTED) #FCF: Assistant primary locale : %s
05-16 16:21:45.998  5974  6028 I Ma-fcf  : (REDACTED) #FCF: Assistant Primary locale check status : %s
05-16 16:21:45.999  5974  6028 W Ma-fcf  : Unable to check for productivity accounts. Assuming there are none.
05-16 16:21:45.999  5974  6028 W Ma-fcf  : com.google.android.libraries.geller.portable.GellerException: Code: INVALID_ARGUMENT, Message: Account name is null.
05-16 16:21:45.999  5974  6028 W Ma-fcf  : 	at com.google.android.libraries.search.j.l.a(PG:6)
05-16 16:21:45.999  5974  6028 W Ma-fcf  : 	at com.google.apps.tiktok.tracing.et.a(PG:3)
05-16 16:21:45.999  5974  6028 W Ma-fcf  : 	at com.google.common.util.concurrent.bc.a(PG:1)
05-16 16:21:45.999  5974  6028 W Ma-fcf  : 	at com.google.common.util.concurrent.cw.run(PG:4)
05-16 16:21:45.999  5974  6028 W Ma-fcf  : 	at com.google.android.libraries.i.y.run(PG:1)
05-16 16:21:45.999  5974  6028 W Ma-fcf  : 	at java.util.concurrent.ThreadPoolExecutor.runWorker(ThreadPoolExecutor.java:1162)
05-16 16:21:45.999  5974  6028 W Ma-fcf  : 	at java.util.concurrent.ThreadPoolExecutor$Worker.run(ThreadPoolExecutor.java:636)
05-16 16:21:45.999  5974  6028 W Ma-fcf  : 	at com.google.android.libraries.i.g.run(PG:2)
05-16 16:21:45.999  5974  6028 W Ma-fcf  : 	at java.lang.Thread.run(Thread.java:764)
05-16 16:21:45.999  5974  6028 W Ma-fcf  : 	at com.google.android.libraries.i.ah.run(PG:5)
05-16 16:21:46.002  8138  8138 W SystemServiceRegistry: No service published for: persistent_data_block
05-16 16:21:46.004  5974  6031 I Ma-fcf-tngMaStatus: (REDACTED) #FCF evaluate: %s
05-16 16:21:46.004  5974  6031 I Ma-fcf-tngMaStatus: (REDACTED) TngMaStatusChecker#evaluateInternal completed in %s millis
05-16 16:21:46.004  5974  6031 I Ma-Entry-Triggering: (REDACTED) TNG:MA status updated: %s
05-16 16:21:46.004  5974  6031 I Ma-Entry-Triggering: TNG:MA became ineligible, client should disconnect
05-16 16:21:46.005  5974  6031 I Ma-Entry-Triggering: #disconnectAndStop - preventing double stop
05-16 16:21:46.005  5974  6031 I Ma-fcf-tngMaStatus: #invalidationSource: adding saa update checker
05-16 16:21:46.005  5974  6031 I Ma-fcf-tngMaStatus: #invalidationSource: adding headset checker
05-16 16:21:46.412  2318  2556 W OpenGLRenderer: Incorrectly called buildLayer on View: ShortcutAndWidgetContainer, destroying layer...
05-16 16:21:47.207 31401 31401 I BugleDataModel: ActionExecutorImpl: Starting ActionService
05-16 16:21:47.208  1701  6139 W ActivityManager: Background start not allowed: service Intent { cmp=com.google.android.apps.messaging/.shared.datamodel.action.execution.ActionExecutorImpl$EmptyService } to com.google.android.apps.messaging/.shared.datamodel.action.execution.ActionExecutorImpl$EmptyService from pid=31401 uid=10066 pkg=com.google.android.apps.messaging
05-16 16:21:47.210 31401 31401 W BugleDataModel: ActionExecutorImpl: Action started execution, but we can't guarantee it will complete, the app may be killed. Action: class com.google.android.apps.messaging.shared.datamodel.action.FixupMessageStatusOnStartupAction-FixupMessageStatusOnStartupAction:141908938001
05-16 16:21:47.210 31401 31401 W BugleDataModel: java.lang.IllegalStateException: Not allowed to start service Intent { cmp=com.google.android.apps.messaging/.shared.datamodel.action.execution.ActionExecutorImpl$EmptyService }: app is in background uid UidRecord{dfb482 u0a66 LAST idle procs:2 seq(0,0,0)}
05-16 16:21:47.210 31401 31401 W BugleDataModel: 	at android.app.ContextImpl.startServiceCommon(ContextImpl.java:1505)
05-16 16:21:47.210 31401 31401 W BugleDataModel: 	at android.app.ContextImpl.startService(ContextImpl.java:1461)
05-16 16:21:47.210 31401 31401 W BugleDataModel: 	at android.content.ContextWrapper.startService(ContextWrapper.java:644)
05-16 16:21:47.210 31401 31401 W BugleDataModel: 	at com.google.android.apps.messaging.shared.datamodel.action.execution.ActionExecutorImpl.j(PG:20)
05-16 16:21:47.210 31401 31401 W BugleDataModel: 	at com.google.android.apps.messaging.shared.datamodel.action.execution.ActionExecutorImpl.a(PG:6)
05-16 16:21:47.210 31401 31401 W BugleDataModel: 	at assv.j(PG:24)
05-16 16:21:47.210 31401 31401 W BugleDataModel: 	at assq.run(PG:5)
05-16 16:21:47.210 31401 31401 W BugleDataModel: 	at djde.run(PG:21)
05-16 16:21:47.210 31401 31401 W BugleDataModel: 	at android.os.Handler.handleCallback(Handler.java:789)
05-16 16:21:47.210 31401 31401 W BugleDataModel: 	at android.os.Handler.dispatchMessage(Handler.java:98)
05-16 16:21:47.210 31401 31401 W BugleDataModel: 	at android.os.Looper.loop(Looper.java:164)
05-16 16:21:47.210 31401 31401 W BugleDataModel: 	at android.app.ActivityThread.main(ActivityThread.java:6541)
05-16 16:21:47.210 31401 31401 W BugleDataModel: 	at java.lang.reflect.Method.invoke(Native Method)
05-16 16:21:47.210 31401 31401 W BugleDataModel: 	at com.android.internal.os.Zygote$MethodAndArgsCaller.run(Zygote.java:240)
05-16 16:21:47.210 31401 31401 W BugleDataModel: 	at com.android.internal.os.ZygoteInit.main(ZygoteInit.java:767)
05-16 16:21:47.210 31401 31401 I BugleDataModel: ActionExecutorImpl: ACTION_EXECUTE_QUEUED_FixupMessageStatusOnStartupAction
05-16 16:21:47.210 31401 31401 I BugleDataModel: ActionExecutorImpl: Starting ActionService
05-16 16:21:47.211  1701  3845 W ActivityManager: Background start not allowed: service Intent { cmp=com.google.android.apps.messaging/.shared.datamodel.action.execution.ActionExecutorImpl$EmptyService } to com.google.android.apps.messaging/.shared.datamodel.action.execution.ActionExecutorImpl$EmptyService from pid=31401 uid=10066 pkg=com.google.android.apps.messaging
05-16 16:21:47.212 31401 31401 W BugleDataModel: ActionExecutorImpl: Action started execution, but we can't guarantee it will complete, the app may be killed. Action: class com.google.android.apps.messaging.shared.datamodel.action.ProcessPendingMessagesAction-ProcessPendingMessagesAction:141908938002
05-16 16:21:47.212 31401 31401 W BugleDataModel: java.lang.IllegalStateException: Not allowed to start service Intent { cmp=com.google.android.apps.messaging/.shared.datamodel.action.execution.ActionExecutorImpl$EmptyService }: app is in background uid UidRecord{dfb482 u0a66 LAST idle procs:2 seq(0,0,0)}
05-16 16:21:47.212 31401 31401 W BugleDataModel: 	at android.app.ContextImpl.startServiceCommon(ContextImpl.java:1505)
05-16 16:21:47.212 31401 31401 W BugleDataModel: 	at android.app.ContextImpl.startService(ContextImpl.java:1461)
05-16 16:21:47.212 31401 31401 W BugleDataModel: 	at android.content.ContextWrapper.startService(ContextWrapper.java:644)
05-16 16:21:47.212 31401 31401 W BugleDataModel: 	at com.google.android.apps.messaging.shared.datamodel.action.execution.ActionExecutorImpl.j(PG:20)
05-16 16:21:47.212 31401 31401 W BugleDataModel: 	at com.google.android.apps.messaging.shared.datamodel.action.execution.ActionExecutorImpl.a(PG:6)
05-16 16:21:47.212 31401 31401 W BugleDataModel: 	at assv.j(PG:24)
05-16 16:21:47.212 31401 31401 W BugleDataModel: 	at assq.run(PG:5)
05-16 16:21:47.212 31401 31401 W BugleDataModel: 	at djde.run(PG:21)
05-16 16:21:47.212 31401 31401 W BugleDataModel: 	at android.os.Handler.handleCallback(Handler.java:789)
05-16 16:21:47.212 31401 31401 W BugleDataModel: 	at android.os.Handler.dispatchMessage(Handler.java:98)
05-16 16:21:47.212 31401 31401 W BugleDataModel: 	at android.os.Looper.loop(Looper.java:164)
05-16 16:21:47.212 31401 31401 W BugleDataModel: 	at android.app.ActivityThread.main(ActivityThread.java:6541)
05-16 16:21:47.212 31401 31401 W BugleDataModel: 	at java.lang.reflect.Method.invoke(Native Method)
05-16 16:21:47.212 31401 31401 W BugleDataModel: 	at com.android.internal.os.Zygote$MethodAndArgsCaller.run(Zygote.java:240)
05-16 16:21:47.212 31401 31401 W BugleDataModel: 	at com.android.internal.os.ZygoteInit.main(ZygoteInit.java:767)
05-16 16:21:47.212 31401 31463 I BugleDataModel: ExecuteActionRunnable: running action FixupMessageStatusOnStartupAction
05-16 16:21:47.212 31401 31401 I BugleDataModel: ActionExecutorImpl: ACTION_EXECUTE_QUEUED_ProcessPendingMessagesAction
05-16 16:21:47.234 31401 31463 I BugleDataModel: FixupMessageStatusOnStartupAction: sendFailedCnt: 0, downloadFailedCnt: 0, partsProcessingFailedCnt: 0
05-16 16:21:47.254 31401 31463 I BugleConnectivity: removeConnectivityStateListener: ConnectivityStateListener not found for subId -1.
05-16 16:21:47.255 31401 31444 I BugleTransport: Tachygram is disabled because the RCS Configuration is empty [CONTEXT ratelimit_period="5 SECONDS" skipped=2 ]
05-16 16:21:47.256 31401 31444 I BugleTransport: Enabled chat transport is TRANSPORT_RCS [CONTEXT group_by="TRANSPORT_RCS" ratelimit_period="5 SECONDS" skipped=2 ]
05-16 16:21:47.258 31401 31463 I zygote  : Deoptimizing void cqtm.<init>(cqvf, android.database.Cursor, java.lang.String[], cqyp[], java.lang.String[], cqxx, cqvs, cqxy) due to JIT inline cache
05-16 16:21:47.258 31401 31463 I BugleDataModel: PendingMessagesProcessor process from FixupMessageStatusOnStartupAction due to connectivity changed  with delay 0s with queues smsMessagesToSend:0 mmsMessagesToSend:0 rcsMessagesToSend:0 rcsFTMessagesToSend:0 messagesToDownload:0
05-16 16:21:47.259 31401 31463 I BugleDataModel: ProcessPendingMessagesTimers: cleared next retry time for channel sms_send
05-16 16:21:47.260 31401 31463 I BugleDataModel: ProcessPendingMessagesTimers: cleared next retry time for channel mms_send
05-16 16:21:47.261 31401 31463 I BugleDataModel: ProcessPendingMessagesTimers: cleared next retry time for channel mms_download
05-16 16:21:47.261 31401 31463 I BugleDataModel: ProcessPendingMessagesTimers: cleared next retry time for channel rcs_send
05-16 16:21:47.261 31401 31463 I BugleDataModel: ProcessPendingMessagesTimers: cleared next retry time for channel rcs_ft_upload
05-16 16:21:47.262 31401 31463 I BugleDataModel: ProcessPendingMessagesTimers: cleared next retry time for channel rcs_ft_download
05-16 16:21:47.262 31401 31463 I BugleDataModel: ProcessPendingMessagesTimers: cleared next retry time for channel cloud_sync_send
05-16 16:21:47.262 31401 31463 I BugleDataModel: ProcessPendingMessagesTimers: cleared next retry time for channel cloud_sync_attachment_download
05-16 16:21:47.263 31401 31463 I BugleDataModel: ExecuteActionRunnable: running action ProcessPendingMessagesAction
05-16 16:21:47.264 31401 31463 I BugleConnectivity: removeConnectivityStateListener: ConnectivityStateListener not found for subId -1.
05-16 16:21:47.268 31401 31463 I BugleDataModel: PendingMessagesProcessor process from ProcessPendingMessagesAction due to scheduled processing  with delay 0s with queues smsMessagesToSend:0 mmsMessagesToSend:0 rcsMessagesToSend:0 rcsFTMessagesToSend:0 messagesToDownload:0
05-16 16:21:47.295 31401 31401 I BugleDataModel: ActionExecutorImpl: Starting ActionService
05-16 16:21:47.296  1701  2037 W ActivityManager: Background start not allowed: service Intent { cmp=com.google.android.apps.messaging/.shared.datamodel.action.execution.ActionExecutorImpl$EmptyService } to com.google.android.apps.messaging/.shared.datamodel.action.execution.ActionExecutorImpl$EmptyService from pid=31401 uid=10066 pkg=com.google.android.apps.messaging
05-16 16:21:47.297 31401 31401 W BugleDataModel: ActionExecutorImpl: Action started execution, but we can't guarantee it will complete, the app may be killed. Action: class com.google.android.apps.messaging.shared.datamodel.action.GenericWorkerQueueAction-GenericWorkerQueueAction:141908938006
05-16 16:21:47.297 31401 31401 W BugleDataModel: java.lang.IllegalStateException: Not allowed to start service Intent { cmp=com.google.android.apps.messaging/.shared.datamodel.action.execution.ActionExecutorImpl$EmptyService }: app is in background uid UidRecord{dfb482 u0a66 LAST idle procs:2 seq(0,0,0)}
05-16 16:21:47.297 31401 31401 W BugleDataModel: 	at android.app.ContextImpl.startServiceCommon(ContextImpl.java:1505)
05-16 16:21:47.297 31401 31401 W BugleDataModel: 	at android.app.ContextImpl.startService(ContextImpl.java:1461)
05-16 16:21:47.297 31401 31401 W BugleDataModel: 	at android.content.ContextWrapper.startService(ContextWrapper.java:644)
05-16 16:21:47.297 31401 31401 W BugleDataModel: 	at com.google.android.apps.messaging.shared.datamodel.action.execution.ActionExecutorImpl.j(PG:20)
05-16 16:21:47.297 31401 31401 W BugleDataModel: 	at com.google.android.apps.messaging.shared.datamodel.action.execution.ActionExecutorImpl.a(PG:6)
05-16 16:21:47.297 31401 31401 W BugleDataModel: 	at assv.j(PG:24)
05-16 16:21:47.297 31401 31401 W BugleDataModel: 	at assq.run(PG:5)
05-16 16:21:47.297 31401 31401 W BugleDataModel: 	at djde.run(PG:21)
05-16 16:21:47.297 31401 31401 W BugleDataModel: 	at android.os.Handler.handleCallback(Handler.java:789)
05-16 16:21:47.297 31401 31401 W BugleDataModel: 	at android.os.Handler.dispatchMessage(Handler.java:98)
05-16 16:21:47.297 31401 31401 W BugleDataModel: 	at android.os.Looper.loop(Looper.java:164)
05-16 16:21:47.297 31401 31401 W BugleDataModel: 	at android.app.ActivityThread.main(ActivityThread.java:6541)
05-16 16:21:47.297 31401 31401 W BugleDataModel: 	at java.lang.reflect.Method.invoke(Native Method)
05-16 16:21:47.297 31401 31401 W BugleDataModel: 	at com.android.internal.os.Zygote$MethodAndArgsCaller.run(Zygote.java:240)
05-16 16:21:47.297 31401 31401 W BugleDataModel: 	at com.android.internal.os.ZygoteInit.main(ZygoteInit.java:767)
05-16 16:21:47.297 31401 31401 I BugleDataModel: ActionExecutorImpl: ACTION_EXECUTE_QUEUED_GenericWorkerQueueAction
05-16 16:21:47.298 31401 31463 I BugleDataModel: ExecuteActionRunnable: running action GenericWorkerQueueAction
05-16 16:21:47.298 31401 31463 I BugleDataModel: ActionExecutorImpl: ACTION_BACKGROUND_QUEUED_GenericWorkerQueueAction
05-16 16:21:47.302 31401 31444 I BugleJobs: GenericWorkerQueueAction: Bailing early, no work found, no failed work found
05-16 16:21:47.302 31401 31444 I BugleDataModel: ActionExecutorImpl: ACTION_RESPONSE_QUEUED_GenericWorkerQueueAction
05-16 16:21:48.170  1701  1850 E TaskPersister: File error accessing recents directory (directory doesn't exist?).
05-16 16:21:48.747  1701  2408 D WificondControl: Scan result ready event
05-16 16:21:48.753  8138  8150 I ChimeraSrvcProxy: NullBinder for android.net.action.RECOMMEND_NETWORKS triggering remote TransactionTooLargeException due to Service without Chimera impl
05-16 16:21:49.439  1442  1442 I qemu-props: start adbd ...
05-16 16:21:49.864  1701  1722 W RemoteFillService: Not handling { when=-6ms what=3 target=com.android.internal.os.HandlerCaller$MyHandler } as service for ComponentInfo{com.google.android.gms/com.google.android.gms.autofill.service.AutofillService} is already destroyed
05-16 16:21:53.471  1701  1720 E BatteryStatsService: modem info is invalid: ModemActivityInfo{ mTimestamp=0 mSleepTimeMs=0 mIdleTimeMs=0 mTxTimeMs[]=[0, 0, 0, 0, 0] mRxTimeMs=0 mEnergyUsed=0}
05-16 16:21:56.344  1701  1716 E memtrack: Couldn't load memtrack module
05-16 16:21:56.344  1701  1716 W android.os.Debug: failed to get memory consumption info: -1
05-16 16:21:56.344  8138  8138 D BoundBrokerSvc: onUnbind: Intent { act=com.google.android.gms.pseudonymous.service.START pkg=com.google.android.gms }
05-16 16:21:56.350  1701  1716 E memtrack: Couldn't load memtrack module
05-16 16:21:56.350  1701  1716 W android.os.Debug: failed to get memory consumption info: -1
05-16 16:21:56.363  1701  1716 E memtrack: Couldn't load memtrack module
05-16 16:21:56.363  1701  1716 W android.os.Debug: failed to get memory consumption info: -1
05-16 16:21:56.370  1701  1716 E memtrack: Couldn't load memtrack module
05-16 16:21:56.370  1701  1716 W android.os.Debug: failed to get memory consumption info: -1
05-16 16:21:56.375  1701  1716 E memtrack: Couldn't load memtrack module
05-16 16:21:56.376  1701  1716 W android.os.Debug: failed to get memory consumption info: -1
05-16 16:21:56.383  1701  1716 E memtrack: Couldn't load memtrack module
05-16 16:21:56.383  1701  1716 W android.os.Debug: failed to get memory consumption info: -1
05-16 16:21:56.596  8138  8138 D BoundBrokerSvc: onUnbind: Intent { act=com.google.android.gms.phenotype.service.START pkg=com.google.android.gms }
05-16 16:22:24.644  1701  1716 E memtrack: Couldn't load memtrack module
05-16 16:22:24.644  1701  1716 W android.os.Debug: failed to get memory consumption info: -1
05-16 16:22:24.650  1701  1716 E memtrack: Couldn't load memtrack module
05-16 16:22:24.650  1701  1716 W android.os.Debug: failed to get memory consumption info: -1
05-16 16:22:24.660  1701  1716 E memtrack: Couldn't load memtrack module
05-16 16:22:24.660  1701  1716 W android.os.Debug: failed to get memory consumption info: -1
05-16 16:22:24.664  1701  1716 E memtrack: Couldn't load memtrack module
05-16 16:22:24.664  1701  1716 W android.os.Debug: failed to get memory consumption info: -1
05-16 16:22:24.672  1701  1716 E memtrack: Couldn't load memtrack module
05-16 16:22:24.672  1701  1716 W android.os.Debug: failed to get memory consumption info: -1
05-16 16:22:24.679  1701  1716 E memtrack: Couldn't load memtrack module
05-16 16:22:24.679  1701  1716 W android.os.Debug: failed to get memory consumption info: -1
05-16 16:22:28.977  1701  2448 D WificondControl: Scan result ready event
05-16 16:22:28.983  8138  8321 I ChimeraSrvcProxy: NullBinder for android.net.action.RECOMMEND_NETWORKS triggering remote TransactionTooLargeException due to Service without Chimera impl
05-16 16:22:37.528  1436  1459 D hwcomposer: hw_composer sent 156 syncs in 72s
05-16 16:22:35.749  1701  1720 E BatteryStatsService: modem info is invalid: ModemActivityInfo{ mTimestamp=0 mSleepTimeMs=0 mIdleTimeMs=0 mTxTimeMs[]=[0, 0, 0, 0, 0] mRxTimeMs=0 mEnergyUsed=0}
05-16 16:22:44.510  1701  1726 I PowerManagerService: Going to sleep due to screen timeout (uid 1000)...
05-16 16:22:44.511  1701  1726 I PowerManagerService: Sleeping (uid 1000)...
05-16 16:22:44.519  2318  2556 D EGL_emulation: eglMakeCurrent: 0x9d985900: ver 2 0 (tinfo 0x9d983810)
05-16 16:22:44.524  5974  5974 I GsaVoiceInteractionSrv: Handling ACTION_STOP_HOTWORD
05-16 16:22:44.524  5974  6026 I HwDetectorWithState: (REDACTED) a: %d
05-16 16:22:44.526  1435  1435 D gralloc_ranchu: gralloc_alloc: Creating ashmem region of size 10371072
05-16 16:22:44.531  1701  1726 D EGL_emulation: eglMakeCurrent: 0x9d987160: ver 2 0 (tinfo 0x899ecea0)
05-16 16:22:44.533  1701  1726 E EGL_emulation: eglQueryContext 32c0  EGL_BAD_ATTRIBUTE
05-16 16:22:44.533  1701  1726 E EGL_emulation: tid 1726: eglQueryContext(1772): error 0x3004 (EGL_BAD_ATTRIBUTE)
05-16 16:22:44.535  1435  1435 D gralloc_ranchu: gralloc_alloc: Creating ashmem region of size 10371072
05-16 16:22:44.544  1701  1726 D EGL_emulation: eglMakeCurrent: 0x9d987160: ver 2 0 (tinfo 0x899ecea0)
05-16 16:22:44.552  1701  1726 D EGL_emulation: eglMakeCurrent: 0x9d987160: ver 2 0 (tinfo 0x899ecea0)
05-16 16:22:44.555  1435  1435 D gralloc_ranchu: gralloc_alloc: Creating ashmem region of size 10371072
05-16 16:22:44.561  1701  1726 D EGL_emulation: eglMakeCurrent: 0x9d987160: ver 2 0 (tinfo 0x899ecea0)
05-16 16:22:44.563  1435  1435 D gralloc_ranchu: gralloc_alloc: Creating ashmem region of size 10371072
05-16 16:22:44.569  1701  1726 D EGL_emulation: eglMakeCurrent: 0x9d987160: ver 2 0 (tinfo 0x899ecea0)
05-16 16:22:44.997  1701  1726 I DisplayPowerController: Blocking screen off
05-16 16:22:44.995  1701  1726 I chatty  : uid=1000(system) PowerManagerSer identical 25 lines
05-16 16:22:44.998  1701  1726 D EGL_emulation: eglMakeCurrent: 0x9d987160: ver 2 0 (tinfo 0x899ecea0)
05-16 16:22:45.000  1701  1726 E Surface : getSlotFromBufferLocked: unknown buffer: 0x0
05-16 16:22:45.001  1701  1726 I DisplayPowerController: Unblocked screen off after 3 ms
05-16 16:22:45.003  1701  1726 E KernelCpuSpeedReader: Failed to read cpu-freq: /sys/devices/system/cpu/cpu0/cpufreq/stats/time_in_state (No such file or directory)
05-16 16:22:45.004  1701  1724 I DisplayManagerService: Display device changed state: "Built-in Screen", OFF
05-16 16:22:45.004  1444  1444 D SurfaceFlinger: Set power mode=0, type=0 flinger=0xa65c9000
05-16 16:22:45.007  1701  1760 W LocalDisplayAdapter: Unable to find color mode 0, ignoring request.
