05-16 15:46:27.405 28963 28993 I BugleBackup: Registering preference change listener for "buglesub_1".
05-16 15:46:27.411 29042 29042 W zygote  : Skipping duplicate class check due to unrecognized classloader
05-16 15:46:27.428 28963 29032 W Bugle   : Bugle: SubscriptionMetadataUtils get: unexpected subId = -2, replacing with -1
05-16 15:46:27.428 28963 28989 W Bugle   : Bugle: SubscriptionMetadataUtils get: unexpected subId = -2, replacing with -1
05-16 15:46:27.428 29042 29046 I zygote  : Do partial code cache collection, code=28KB, data=25KB
05-16 15:46:27.429 29042 29046 I zygote  : After code cache collection, code=22KB, data=22KB
05-16 15:46:27.429 29042 29046 I zygote  : Increasing code cache capacity to 128KB
05-16 15:46:27.430 28963 29032 W Bugle   : Bugle: SubscriptionMetadataUtils get: unexpected subId = -2, replacing with -1
05-16 15:46:27.430 28963 29108 I BugleTransport: isChatAvailable: RcsAvailability is DISABLED_SIM_ABSENT (RCS is disabled due to SIM absent)
05-16 15:46:27.431 28963 28989 W Bugle   : Bugle: SubscriptionMetadataUtils get: unexpected subId = -2, replacing with -1
05-16 15:46:27.432 28963 28993 W BugleAction: No default number, returning empty msisdn
05-16 15:46:27.432 28963 29032 W Bugle   : Bugle: SubscriptionMetadataUtils get: unexpected subId = -2, replacing with -1
05-16 15:46:27.433 28963 29032 I Bugle   : SubscriptionUtilsAsOfLMR1: getActiveSubscriptionInfo(): empty sub info for subscription{id:-1}
05-16 15:46:27.438 28963 29032 W Bugle   : subInfo is null [CONTEXT sub_id=-1 ]
05-16 15:46:27.444 28963 28993 I BugleRcsEngine: isRcsAvailableForSubId called with an invalid sub id: -2 [CONTEXT log_prefix="RcsProvisioningManager" thread_id=2616 ]
05-16 15:46:27.444 28963 28989 W Bugle   : Bugle: SubscriptionMetadataUtils get: unexpected subId = -2, replacing with -1
05-16 15:46:27.446 28963 29108 I BugleTransport: updateActiveTransport: refreshing chat transport
05-16 15:46:27.447 28963 28989 I Bugle   : SubscriptionUtilsAsOfLMR1: getActiveSubscriptionInfo(): empty sub info for subscription{id:-1}
05-16 15:46:27.448 28963 28989 W Bugle   : subInfo is null [CONTEXT sub_id=-1 ]
05-16 15:46:27.449 28963 29032 W BugleAction: No default number, returning empty msisdn
05-16 15:46:27.450 28963 28989 W BugleAction: No default number, returning empty msisdn
05-16 15:46:27.450 28963 29032 I BugleRcsEngine: isRcsAvailableForSubId called with an invalid sub id: -2 [CONTEXT log_prefix="RcsProvisioningManager" thread_id=2635 ]
05-16 15:46:27.451 28963 28993 I BugleTransport: updateActiveTransport: refreshing chat transport
05-16 15:46:27.456  1701  3843 D ConnectivityService: Returning blocked NetworkInfo to uid=10045
05-16 15:46:27.457 28963 28993 I BugleTransport: Tachygram is disabled because the RCS Configuration is empty [CONTEXT ratelimit_period="5 SECONDS" ]
05-16 15:46:27.458 28963 28993 I BugleTransport: Enabled chat transport is TRANSPORT_RCS [CONTEXT group_by="TRANSPORT_RCS" ratelimit_period="5 SECONDS" ]
05-16 15:46:27.458 28963 28989 I BugleRcsEngine: isRcsAvailableForSubId called with an invalid sub id: -2 [CONTEXT log_prefix="RcsProvisioningManager" thread_id=2612 ]
05-16 15:46:27.459 29042 29042 I cr_CronetLibraryLoader: Cronet version: 122.0.6238.4, arch: i686
05-16 15:46:27.459 28963 29108 I BugleTransport: Tachygram is disabled because the RCS Configuration is empty [CONTEXT ratelimit_period="5 SECONDS" ]
05-16 15:46:27.459 28963 29108 I BugleTransport: refreshChatTransport: isChatAvailable: false, enabledTransport: 1, configuration: <empty>
05-16 15:46:27.458 28963 28993 I BugleTransport: refreshChatTransport: isChatAvailable: false, enabledTransport: 1, configuration: <empty>
05-16 15:46:27.461 28963 29032 I BugleTransport: updateActiveTransport: refreshing chat transport
05-16 15:46:27.462 28963 29032 I BugleTransport: Tachygram is disabled because the RCS Configuration is empty [CONTEXT ratelimit_period="5 SECONDS" ]
05-16 15:46:27.462 28963 29032 I BugleTransport: refreshChatTransport: isChatAvailable: false, enabledTransport: 1, configuration: <empty>
05-16 15:46:27.495 28963 28989 I RcsClientLib: Connecting RcsEngineLifecycleService
05-16 15:46:27.496 29042 29090 D StrictMode: StrictMode policy violation: android.os.StrictMode$StrictModeDiskReadViolation: policy=65599 violation=2
05-16 15:46:27.496 29042 29090 D StrictMode: 	at android.os.StrictMode$AndroidBlockGuardPolicy.onReadFromDisk(StrictMode.java:1438)
05-16 15:46:27.496 29042 29090 D StrictMode: 	at java.io.UnixFileSystem.checkAccess(UnixFileSystem.java:251)
05-16 15:46:27.496 29042 29090 D StrictMode: 	at java.io.File.exists(File.java:807)
05-16 15:46:27.496 29042 29090 D StrictMode: 	at android.app.ContextImpl.ensurePrivateDirExists(ContextImpl.java:559)
05-16 15:46:27.496 29042 29090 D StrictMode: 	at android.app.ContextImpl.ensurePrivateDirExists(ContextImpl.java:550)
05-16 15:46:27.496 29042 29090 D StrictMode: 	at android.app.ContextImpl.getPreferencesDir(ContextImpl.java:506)
05-16 15:46:27.496 29042 29090 D StrictMode: 	at android.app.ContextImpl.getSharedPreferencesPath(ContextImpl.java:698)
05-16 15:46:27.496 29042 29090 D StrictMode: 	at android.app.ContextImpl.getSharedPreferences(ContextImpl.java:366)
05-16 15:46:27.496 29042 29090 D StrictMode: 	at android.content.ContextWrapper.getSharedPreferences(ContextWrapper.java:167)
05-16 15:46:27.496 29042 29090 D StrictMode: 	at goz.<init>(PG:5)
05-16 15:46:27.496 29042 29090 D StrictMode: 	at hal.a(PG:129)
05-16 15:46:27.496 29042 29090 D StrictMode: 	at aflx.a(PG:14)
05-16 15:46:27.496 29042 29090 D StrictMode: 	at hlf.a(PG:923)
05-16 15:46:27.496 29042 29090 D StrictMode: 	at aflx.a(PG:14)
05-16 15:46:27.496 29042 29090 D StrictMode: 	at gge.a(PG:681)
05-16 15:46:27.496 29042 29090 D StrictMode: 	at aflx.a(PG:14)
05-16 15:46:27.496 29042 29090 D StrictMode: 	at hkh.b(PG:36)
05-16 15:46:27.496 29042 29090 D StrictMode: 	at hal.a(PG:137)
05-16 15:46:27.496 29042 29090 D StrictMode: 	at afmf.c(PG:79)
05-16 15:46:27.496 29042 29090 D StrictMode: 	at fbw.a(PG:436)
05-16 15:46:27.496 29042 29090 D StrictMode: 	at afme.a(PG:3)
05-16 15:46:27.496 29042 29090 D StrictMode: 	at aflx.a(PG:14)
05-16 15:46:27.496 29042 29090 D StrictMode: 	at ews.call(PG:559)
05-16 15:46:27.496 29042 29090 D StrictMode: 	at abkw.a(PG:3)
05-16 15:46:27.496 29042 29090 D StrictMode: 	at abka.run(PG:21)
05-16 15:46:27.496 29042 29090 D StrictMode: 	at abkx.run(PG:5)
05-16 15:46:27.496 29042 29090 D StrictMode: 	at abdu.run(PG:50)
05-16 15:46:27.496 29042 29090 D StrictMode: 	at rpk.run(PG:377)
05-16 15:46:27.496 29042 29090 D StrictMode: 	at java.lang.Thread.run(Thread.java:764)
05-16 15:46:27.496 29042 29090 D StrictMode: 	at svh.run(PG:64)
05-16 15:46:27.509 28963 29108 I RcsClientLib: Connecting RcsEngineLifecycleService
05-16 15:46:27.509 28963 28989 W RcsClientLib: No CS.apk RCS service found. Is RCS running in Bugle?
05-16 15:46:27.511 28963 28989 I RcsClientLib: shouldUseCarrierServicesJibeService: false, CarrierServices rcs service found: false
05-16 15:46:27.511 28963 29108 W RcsClientLib: No CS.apk RCS service found. Is RCS running in Bugle?
05-16 15:46:27.512 28963 29108 I RcsClientLib: shouldUseCarrierServicesJibeService: false, CarrierServices rcs service found: false
05-16 15:46:27.512 28963 29032 I RcsClientLib: Connecting RcsEngineLifecycleService
05-16 15:46:27.530 28963 28966 I zygote  : Compiler allocated 4MB to compile int dvnd.c(java.lang.Object, byte[], int, int, int, dviz)
05-16 15:46:27.531 29042 29112 W chromium: [0516/154627.530713:WARNING:dns_config_service_android.cc(81)] Failed to read DnsConfig.
05-16 15:46:27.534 28963 29032 W RcsClientLib: No CS.apk RCS service found. Is RCS running in Bugle?
05-16 15:46:27.540 28963 29032 I RcsClientLib: shouldUseCarrierServicesJibeService: false, CarrierServices rcs service found: false
05-16 15:46:27.561 28963 28989 W RcsClientLib: Can't start Bugle JibeService in the background.
05-16 15:46:27.569 28963 29108 W RcsClientLib: Can't start Bugle JibeService in the background.
05-16 15:46:27.573 29120 29120 W zygote  : Unexpected CPU variant for X86 using defaults: x86
05-16 15:46:27.576 28963 29032 W RcsClientLib: Can't start Bugle JibeService in the background.
05-16 15:46:27.578  1701  2419 I ActivityManager: Start proc 29120:com.google.android.apps.messaging:rcs/u0a66 for service com.google.android.apps.messaging/com.google.android.ims.service.JibeService
05-16 15:46:27.589 29120 29120 W ResourceType: ResTable_typeSpec entry count inconsistent: given 1797, previously 1827
05-16 15:46:27.589 29120 29120 W ResourceType: ResTable_typeSpec entry count inconsistent: given 353, previously 2747
05-16 15:46:27.620 29042 29084 D EventBus: No subscribers registered for event class htu
05-16 15:46:27.620 29042 29084 D EventBus: No subscribers registered for event class aiup
05-16 15:46:27.621 29120 29120 I MultiDex: Installing application
05-16 15:46:27.622 29120 29120 I MultiDex: VM with version 2.1.0 has multidex support
05-16 15:46:27.622 29120 29120 I MultiDex: VM has multidex support, MultiDex support library is disabled.
05-16 15:46:27.625 29042 29093 W DynamiteModule: Local module descriptor class for com.google.android.gms.googlecertificates not found.
05-16 15:46:27.628 29042 29090 D StrictMode: StrictMode policy violation: android.os.StrictMode$StrictModeDiskReadViolation: policy=65599 violation=2
05-16 15:46:27.628 29042 29090 D StrictMode: 	at android.os.StrictMode$AndroidBlockGuardPolicy.onReadFromDisk(StrictMode.java:1438)
05-16 15:46:27.628 29042 29090 D StrictMode: 	at java.io.UnixFileSystem.checkAccess(UnixFileSystem.java:251)
05-16 15:46:27.628 29042 29090 D StrictMode: 	at java.io.File.exists(File.java:807)
05-16 15:46:27.628 29042 29090 D StrictMode: 	at android.app.ContextImpl.getDataDir(ContextImpl.java:2181)
05-16 15:46:27.628 29042 29090 D StrictMode: 	at android.app.ContextImpl.getDir(ContextImpl.java:2200)
05-16 15:46:27.628 29042 29090 D StrictMode: 	at android.content.ContextWrapper.getDir(ContextWrapper.java:281)
05-16 15:46:27.628 29042 29090 D StrictMode: 	at iwu.<init>(PG:46)
05-16 15:46:27.628 29042 29090 D StrictMode: 	at iwv.a(PG:601)
05-16 15:46:27.628 29042 29090 D StrictMode: 	at aflx.a(PG:14)
05-16 15:46:27.628 29042 29090 D StrictMode: 	at aflw.a(PG:5)
05-16 15:46:27.628 29042 29090 D StrictMode: 	at gna.b(PG:19)
05-16 15:46:27.628 29042 29090 D StrictMode: 	at gmu.c(PG:9)
05-16 15:46:27.628 29042 29090 D StrictMode: 	at fqj.a(PG:206)
05-16 15:46:27.628 29042 29090 D StrictMode: 	at aflx.a(PG:14)
05-16 15:46:27.628 29042 29090 D StrictMode: 	at hlj.b(PG:3)
05-16 15:46:27.628 29042 29090 D StrictMode: 	at hlf.a(PG:929)
05-16 15:46:27.628 29042 29090 D StrictMode: 	at aflx.a(PG:14)
05-16 15:46:27.628 29042 29090 D StrictMode: 	at gge.a(PG:681)
05-16 15:46:27.628 29042 29090 D StrictMode: 	at aflx.a(PG:14)
05-16 15:46:27.628 29042 29090 D StrictMode: 	at hkh.b(PG:36)
05-16 15:46:27.628 29042 29090 D StrictMode: 	at hal.a(PG:137)
05-16 15:46:27.628 29042 29090 D StrictMode: 	at afmf.c(PG:79)
05-16 15:46:27.628 29042 29090 D StrictMode: 	at fbw.a(PG:436)
05-16 15:46:27.628 29042 29090 D StrictMode: 	at afme.a(PG:3)
05-16 15:46:27.628 29042 29090 D StrictMode: 	at aflx.a(PG:14)
05-16 15:46:27.628 29042 29090 D StrictMode: 	at ews.call(PG:559)
05-16 15:46:27.628 29042 29090 D StrictMode: 	at abkw.a(PG:3)
05-16 15:46:27.628 29042 29090 D StrictMode: 	at abka.run(PG:21)
05-16 15:46:27.628 29042 29090 D StrictMode: 	at abkx.run(PG:5)
05-16 15:46:27.628 29042 29090 D StrictMode: 	at abdu.run(PG:50)
05-16 15:46:27.628 29042 29090 D StrictMode: 	at rpk.run(PG:377)
05-16 15:46:27.628 29042 29090 D StrictMode: 	at java.lang.Thread.run(Thread.java:764)
05-16 15:46:27.628 29042 29090 D StrictMode: 	at svh.run(PG:64)
05-16 15:46:27.628 29042 29090 D StrictMode: StrictMode policy violation: android.os.StrictMode$StrictModeDiskReadViolation: policy=65599 violation=2
05-16 15:46:27.628 29042 29090 D StrictMode: 	at android.os.StrictMode$AndroidBlockGuardPolicy.onReadFromDisk(StrictMode.java:1438)
05-16 15:46:27.628 29042 29090 D StrictMode: 	at java.io.UnixFileSystem.checkAccess(UnixFileSystem.java:251)
05-16 15:46:27.628 29042 29090 D StrictMode: 	at java.io.File.exists(File.java:807)
05-16 15:46:27.628 29042 29090 D StrictMode: 	at android.app.ContextImpl.getDir(ContextImpl.java:2201)
05-16 15:46:27.628 29042 29090 D StrictMode: 	at android.content.ContextWrapper.getDir(ContextWrapper.java:281)
05-16 15:46:27.628 29042 29090 D StrictMode: 	at iwu.<init>(PG:46)
05-16 15:46:27.628 29042 29090 D StrictMode: 	at iwv.a(PG:601)
05-16 15:46:27.628 29042 29090 D StrictMode: 	at aflx.a(PG:14)
05-16 15:46:27.628 29042 29090 D StrictMode: 	at aflw.a(PG:5)
05-16 15:46:27.628 29042 29090 D StrictMode: 	at gna.b(PG:19)
05-16 15:46:27.628 29042 29090 D StrictMode: 	at gmu.c(PG:9)
05-16 15:46:27.628 29042 29090 D StrictMode: 	at fqj.a(PG:206)
05-16 15:46:27.628 29042 29090 D StrictMode: 	at aflx.a(PG:14)
05-16 15:46:27.628 29042 29090 D StrictMode: 	at hlj.b(PG:3)
05-16 15:46:27.628 29042 29090 D StrictMode: 	at hlf.a(PG:929)
05-16 15:46:27.628 29042 29090 D StrictMode: 	at aflx.a(PG:14)
05-16 15:46:27.628 29042 29090 D StrictMode: 	at gge.a(PG:681)
05-16 15:46:27.628 29042 29090 D StrictMode: 	at aflx.a(PG:14)
05-16 15:46:27.628 29042 29090 D StrictMode: 	at hkh.b(PG:36)
05-16 15:46:27.628 29042 29090 D StrictMode: 	at hal.a(PG:137)
05-16 15:46:27.628 29042 29090 D StrictMode: 	at afmf.c(PG:79)
05-16 15:46:27.628 29042 29090 D StrictMode: 	at fbw.a(PG:436)
05-16 15:46:27.628 29042 29090 D StrictMode: 	at afme.a(PG:3)
05-16 15:46:27.628 29042 29090 D StrictMode: 	at aflx.a(PG:14)
05-16 15:46:27.628 29042 29090 D StrictMode: 	at ews.call(PG:559)
05-16 15:46:27.628 29042 29090 D StrictMode: 	at abkw.a(PG:3)
05-16 15:46:27.628 29042 29090 D StrictMode: 	at abka.run(PG:21)
05-16 15:46:27.628 29042 29090 D StrictMode: 	at abkx.run(PG:5)
05-16 15:46:27.628 29042 29090 D StrictMode: 	at abdu.run(PG:50)
05-16 15:46:27.628 29042 29090 D StrictMode: 	at rpk.run(PG:377)
05-16 15:46:27.628 29042 29090 D StrictMode: 	at java.lang.Thread.run(Thread.java:764)
05-16 15:46:27.628 29042 29090 D StrictMode: 	at svh.run(PG:64)
05-16 15:46:27.628 29042 29090 D StrictMode: StrictMode policy violation: android.os.StrictMode$StrictModeDiskReadViolation: policy=65599 violation=2
05-16 15:46:27.628 29042 29090 D StrictMode: 	at android.os.StrictMode$AndroidBlockGuardPolicy.onReadFromDisk(StrictMode.java:1438)
05-16 15:46:27.628 29042 29090 D StrictMode: 	at java.io.UnixFileSystem.checkAccess(UnixFileSystem.java:251)
05-16 15:46:27.628 29042 29090 D StrictMode: 	at java.io.File.exists(File.java:807)
05-16 15:46:27.628 29042 29090 D StrictMode: 	at iwu.<init>(PG:50)
05-16 15:46:27.628 29042 29090 D StrictMode: 	at iwv.a(PG:601)
05-16 15:46:27.628 29042 29090 D StrictMode: 	at aflx.a(PG:14)
05-16 15:46:27.628 29042 29090 D StrictMode: 	at aflw.a(PG:5)
05-16 15:46:27.628 29042 29090 D StrictMode: 	at gna.b(PG:19)
05-16 15:46:27.628 29042 29090 D StrictMode: 	at gmu.c(PG:9)
05-16 15:46:27.628 29042 29090 D StrictMode: 	at fqj.a(PG:206)
05-16 15:46:27.628 29042 29090 D StrictMode: 	at aflx.a(PG:14)
05-16 15:46:27.628 29042 29090 D StrictMode: 	at hlj.b(PG:3)
05-16 15:46:27.628 29042 29090 D StrictMode: 	at hlf.a(PG:929)
05-16 15:46:27.628 29042 29090 D StrictMode: 	at aflx.a(PG:14)
05-16 15:46:27.628 29042 29090 D StrictMode: 	at gge.a(PG:681)
05-16 15:46:27.628 29042 29090 D StrictMode: 	at aflx.a(PG:14)
05-16 15:46:27.628 29042 29090 D StrictMode: 	at hkh.b(PG:36)
05-16 15:46:27.628 29042 29090 D StrictMode: 	at hal.a(PG:137)
05-16 15:46:27.628 29042 29090 D StrictMode: 	at afmf.c(PG:79)
05-16 15:46:27.628 29042 29090 D StrictMode: 	at fbw.a(PG:436)
05-16 15:46:27.628 29042 29090 D StrictMode: 	at afme.a(PG:3)
05-16 15:46:27.628 29042 29090 D StrictMode: 	at aflx.a(PG:14)
05-16 15:46:27.628 29042 29090 D StrictMode: 	at ews.call(PG:559)
05-16 15:46:27.628 29042 29090 D StrictMode: 	at abkw.a(PG:3)
05-16 15:46:27.628 29042 29090 D StrictMode: 	at abka.run(PG:21)
05-16 15:46:27.628 29042 29090 D StrictMode: 	at abkx.run(PG:5)
05-16 15:46:27.628 29042 29090 D StrictMode: 	at abdu.run(PG:50)
05-16 15:46:27.628 29042 29090 D StrictMode: 	at rpk.run(PG:377)
05-16 15:46:27.628 29042 29090 D StrictMode: 	at java.lang.Thread.run(Thread.java:764)
05-16 15:46:27.628 29042 29090 D StrictMode: 	at svh.run(PG:64)
05-16 15:46:27.676 29042 29042 I zygote  : Deoptimizing java.util.Set afmf.c() due to JIT inline cache
05-16 15:46:27.676 29042 29093 W zygote  : Skipping duplicate class check due to unrecognized classloader
05-16 15:46:27.684 28963 28966 I zygote  : Do full code cache collection, code=252KB, data=179KB
05-16 15:46:27.685 28963 28966 I zygote  : After code cache collection, code=230KB, data=136KB
05-16 15:46:27.701 29120 29120 D PrimesLoggerHolder: Primes instant initialization
05-16 15:46:27.715 29042 29090 D StrictMode: StrictMode policy violation: android.os.StrictMode$StrictModeDiskReadViolation: policy=65599 violation=2
05-16 15:46:27.715 29042 29090 D StrictMode: 	at android.os.StrictMode$AndroidBlockGuardPolicy.onReadFromDisk(StrictMode.java:1438)
05-16 15:46:27.715 29042 29090 D StrictMode: 	at java.io.FileInputStream.<init>(FileInputStream.java:149)
05-16 15:46:27.715 29042 29090 D StrictMode: 	at abcb.h(PG:5)
05-16 15:46:27.715 29042 29090 D StrictMode: 	at abcb.b(PG:1)
05-16 15:46:27.715 29042 29090 D StrictMode: 	at abbn.a(PG:5)
05-16 15:46:27.715 29042 29090 D StrictMode: 	at abbt.c(PG:1)
05-16 15:46:27.715 29042 29090 D StrictMode: 	at abbt.d(PG:5)
05-16 15:46:27.715 29042 29090 D StrictMode: 	at ofr.d(PG:28)
05-16 15:46:27.715 29042 29090 D StrictMode: 	at ofr.a(PG:10)
05-16 15:46:27.715 29042 29090 D StrictMode: 	at edw.a(PG:678)
05-16 15:46:27.715 29042 29090 D StrictMode: 	at aafp.a(PG:14)
05-16 15:46:27.715 29042 29090 D StrictMode: 	at gaf.a(PG:1448)
05-16 15:46:27.715 29042 29090 D StrictMode: 	at aafp.a(PG:14)
05-16 15:46:27.715 29042 29090 D StrictMode: 	at omz.n(PG:3)
05-16 15:46:27.715 29042 29090 D StrictMode: 	at eyu.r(PG:5)
05-16 15:46:27.715 29042 29090 D StrictMode: 	at edw.a(PG:1226)
05-16 15:46:27.715 29042 29090 D StrictMode: 	at aafp.a(PG:14)
05-16 15:46:27.715 29042 29090 D StrictMode: 	at ecg.h(PG:422)
05-16 15:46:27.715 29042 29090 D StrictMode: 	at ecg.f(PG:17)
05-16 15:46:27.715 29042 29090 D StrictMode: 	at ecg.d(PG:3)
05-16 15:46:27.715 29042 29090 D StrictMode: 	at des.j(PG:19)
05-16 15:46:27.715 29042 29090 D StrictMode: 	at csi.run(PG:120)
05-16 15:46:27.715 29042 29090 D StrictMode: 	at java.util.concurrent.Executors$RunnableAdapter.call(Executors.java:457)
05-16 15:46:27.715 29042 29090 D StrictMode: 	at abkw.a(PG:3)
05-16 15:46:27.715 29042 29090 D StrictMode: 	at abka.run(PG:21)
05-16 15:46:27.715 29042 29090 D StrictMode: 	at abkx.run(PG:5)
05-16 15:46:27.715 29042 29090 D StrictMode: 	at abdu.run(PG:50)
05-16 15:46:27.715 29042 29090 D StrictMode: 	at rpk.run(PG:377)
05-16 15:46:27.715 29042 29090 D StrictMode: 	at java.lang.Thread.run(Thread.java:764)
05-16 15:46:27.715 29042 29090 D StrictMode: 	at svh.run(PG:64)
05-16 15:46:27.717 29042 29090 D StrictMode: StrictMode policy violation: android.os.StrictMode$StrictModeDiskReadViolation: policy=65599 violation=2
05-16 15:46:27.717 29042 29090 D StrictMode: 	at android.os.StrictMode$AndroidBlockGuardPolicy.onReadFromDisk(StrictMode.java:1438)
05-16 15:46:27.717 29042 29090 D StrictMode: 	at libcore.io.BlockGuardOs.read(BlockGuardOs.java:250)
05-16 15:46:27.717 29042 29090 D StrictMode: 	at libcore.io.IoBridge.read(IoBridge.java:528)
05-16 15:46:27.717 29042 29090 D StrictMode: 	at java.io.FileInputStream.read(FileInputStream.java:254)
05-16 15:46:27.717 29042 29090 D StrictMode: 	at sun.nio.cs.StreamDecoder.readBytes(StreamDecoder.java:288)
05-16 15:46:27.717 29042 29090 D StrictMode: 	at sun.nio.cs.StreamDecoder.implRead(StreamDecoder.java:351)
05-16 15:46:27.717 29042 29090 D StrictMode: 	at sun.nio.cs.StreamDecoder.read(StreamDecoder.java:180)
05-16 15:46:27.717 29042 29090 D StrictMode: 	at java.io.InputStreamReader.read(InputStreamReader.java:184)
05-16 15:46:27.717 29042 29090 D StrictMode: 	at java.io.BufferedReader.fill(BufferedReader.java:172)
05-16 15:46:27.717 29042 29090 D StrictMode: 	at java.io.BufferedReader.readLine(BufferedReader.java:335)
05-16 15:46:27.717 29042 29090 D StrictMode: 	at java.io.BufferedReader.readLine(BufferedReader.java:400)
05-16 15:46:27.717 29042 29090 D StrictMode: 	at abbt.d(PG:12)
05-16 15:46:27.717 29042 29090 D StrictMode: 	at ofr.d(PG:28)
05-16 15:46:27.717 29042 29090 D StrictMode: 	at ofr.a(PG:10)
05-16 15:46:27.717 29042 29090 D StrictMode: 	at edw.a(PG:678)
05-16 15:46:27.717 29042 29090 D StrictMode: 	at aafp.a(PG:14)
05-16 15:46:27.717 29042 29090 D StrictMode: 	at gaf.a(PG:1448)
05-16 15:46:27.717 29042 29090 D StrictMode: 	at aafp.a(PG:14)
05-16 15:46:27.717 29042 29090 D StrictMode: 	at omz.n(PG:3)
05-16 15:46:27.717 29042 29090 D StrictMode: 	at eyu.r(PG:5)
05-16 15:46:27.717 29042 29090 D StrictMode: 	at edw.a(PG:1226)
05-16 15:46:27.717 29042 29090 D StrictMode: 	at aafp.a(PG:14)
05-16 15:46:27.717 29042 29090 D StrictMode: 	at ecg.h(PG:422)
05-16 15:46:27.717 29042 29090 D StrictMode: 	at ecg.f(PG:17)
05-16 15:46:27.717 29042 29090 D StrictMode: 	at ecg.d(PG:3)
05-16 15:46:27.717 29042 29090 D StrictMode: 	at des.j(PG:19)
05-16 15:46:27.717 29042 29090 D StrictMode: 	at csi.run(PG:120)
05-16 15:46:27.717 29042 29090 D StrictMode: 	at java.util.concurrent.Executors$RunnableAdapter.call(Executors.java:457)
05-16 15:46:27.717 29042 29090 D StrictMode: 	at abkw.a(PG:3)
05-16 15:46:27.717 29042 29090 D StrictMode: 	at abka.run(PG:21)
05-16 15:46:27.717 29042 29090 D StrictMode: 	at abkx.run(PG:5)
05-16 15:46:27.717 29042 29090 D StrictMode: 	at abdu.run(PG:50)
05-16 15:46:27.717 29042 29090 D StrictMode: 	at rpk.run(PG:377)
05-16 15:46:27.717 29042 29090 D StrictMode: 	at java.lang.Thread.run(Thread.java:764)
05-16 15:46:27.717 29042 29090 D StrictMode: 	at svh.run(PG:64)
05-16 15:46:27.718 29042 29090 D StrictMode: StrictMode policy violation: android.os.StrictMode$StrictModeDiskReadViolation: policy=65599 violation=2
05-16 15:46:27.718 29042 29090 D StrictMode: 	at android.os.StrictMode$AndroidBlockGuardPolicy.onReadFromDisk(StrictMode.java:1438)
05-16 15:46:27.718 29042 29090 D StrictMode: 	at java.io.FileInputStream.<init>(FileInputStream.java:149)
05-16 15:46:27.718 29042 29090 D StrictMode: 	at abcb.h(PG:5)
05-16 15:46:27.718 29042 29090 D StrictMode: 	at abcb.b(PG:1)
05-16 15:46:27.718 29042 29090 D StrictMode: 	at abbn.a(PG:5)
05-16 15:46:27.718 29042 29090 D StrictMode: 	at abbt.c(PG:1)
05-16 15:46:27.718 29042 29090 D StrictMode: 	at abbt.d(PG:5)
05-16 15:46:27.718 29042 29090 D StrictMode: 	at ofr.d(PG:28)
05-16 15:46:27.718 29042 29090 D StrictMode: 	at ofr.b(PG:16)
05-16 15:46:27.718 29042 29090 D StrictMode: 	at ofq.d(PG:13)
05-16 15:46:27.718 29042 29090 D StrictMode: 	at edw.a(PG:698)
05-16 15:46:27.718 29042 29090 D StrictMode: 	at aafp.a(PG:14)
05-16 15:46:27.718 29042 29090 D StrictMode: 	at gaf.a(PG:1448)
05-16 15:46:27.718 29042 29090 D StrictMode: 	at aafp.a(PG:14)
05-16 15:46:27.718 29042 29090 D StrictMode: 	at omz.n(PG:3)
05-16 15:46:27.718 29042 29090 D StrictMode: 	at eyu.r(PG:5)
05-16 15:46:27.718 29042 29090 D StrictMode: 	at edw.a(PG:1226)
05-16 15:46:27.718 29042 29090 D StrictMode: 	at aafp.a(PG:14)
05-16 15:46:27.718 29042 29090 D StrictMode: 	at ecg.h(PG:422)
05-16 15:46:27.718 29042 29090 D StrictMode: 	at ecg.f(PG:17)
05-16 15:46:27.718 29042 29090 D StrictMode: 	at ecg.d(PG:3)
05-16 15:46:27.718 29042 29090 D StrictMode: 	at des.j(PG:19)
05-16 15:46:27.718 29042 29090 D StrictMode: 	at csi.run(PG:120)
05-16 15:46:27.718 29042 29090 D StrictMode: 	at java.util.concurrent.Executors$RunnableAdapter.call(Executors.java:457)
05-16 15:46:27.718 29042 29090 D StrictMode: 	at abkw.a(PG:3)
05-16 15:46:27.718 29042 29090 D StrictMode: 	at abka.run(PG:21)
05-16 15:46:27.718 29042 29090 D StrictMode: 	at abkx.run(PG:5)
05-16 15:46:27.718 29042 29090 D StrictMode: 	at abdu.run(PG:50)
05-16 15:46:27.718 29042 29090 D StrictMode: 	at rpk.run(PG:377)
05-16 15:46:27.718 29042 29090 D StrictMode: 	at java.lang.Thread.run(Thread.java:764)
05-16 15:46:27.718 29042 29090 D StrictMode: 	at svh.run(PG:64)
05-16 15:46:27.725 29042 29090 E TY_com.google.android.libraries.communications.conference.shared.device.info.FileBasedCpuInfo:[000:238][29090] error readline file: /sys/devices/system/cpu/cpu0/cpufreq/cpuinfo_max_freq
05-16 15:46:27.725 29042 29090 E TY_com.google.android.libraries.communications.conference.shared.device.info.FileBasedCpuInfo:[000:238][29090] java.io.FileNotFoundException: /sys/devices/system/cpu/cpu0/cpufreq/cpuinfo_max_freq (No such file or directory)
05-16 15:46:27.725 29042 29090 E TY_com.google.android.libraries.communications.conference.shared.device.info.FileBasedCpuInfo:[000:238][29090] java.io.FileNotFoundException: /sys/devices/system/cpu/cpu0/cpufreq/cpuinfo_max_freq (No such file or directory)
05-16 15:46:27.725 29042 29090 E TY_com.google.android.libraries.communications.conference.shared.device.info.FileBasedCpuInfo:	at java.io.FileInputStream.open0(Native Method)
05-16 15:46:27.725 29042 29090 E TY_com.google.android.libraries.communications.conference.shared.device.info.FileBasedCpuInfo:	at java.io.FileInputStream.open(FileInputStream.java:200)
05-16 15:46:27.725 29042 29090 E TY_com.google.android.libraries.communications.conference.shared.device.info.FileBasedCpuInfo:	at java.io.FileInputStream.<init>(FileInputStream.java:150)
05-16 15:46:27.725 29042 29090 E TY_com.google.android.libraries.communications.conference.shared.device.info.FileBasedCpuInfo:	at abcb.h(PG:5)
05-16 15:46:27.725 29042 29090 E TY_com.google.android.libraries.communications.conference.shared.device.info.FileBasedCpuInfo:	at abcb.b(PG:1)
05-16 15:46:27.725 29042 29090 E TY_com.google.android.libraries.communications.conference.shared.device.info.FileBasedCpuInfo:	at abbn.a(PG:5)
05-16 15:46:27.725 29042 29090 E TY_com.google.android.libraries.communications.conference.shared.device.info.FileBasedCpuInfo:	at abbt.c(PG:1)
05-16 15:46:27.725 29042 29090 E TY_com.google.android.libraries.communications.conference.shared.device.info.FileBasedCpuInfo:	at abbt.d(PG:5)
05-16 15:46:27.725 29042 29090 E TY_com.google.android.libraries.communications.conference.shared.device.info.FileBasedCpuInfo:	at ofr.d(PG:28)
05-16 15:46:27.725 29042 29090 E TY_com.google.android.libraries.communications.conference.shared.device.info.FileBasedCpuInfo:	at ofr.b(PG:16)
05-16 15:46:27.725 29042 29090 E TY_com.google.android.libraries.communications.conference.shared.device.info.FileBasedCpuInfo:	at ofq.d(PG:13)
05-16 15:46:27.725 29042 29090 E TY_com.google.android.libraries.communications.conference.shared.device.info.FileBasedCpuInfo:	at edw.a(PG:698)
05-16 15:46:27.725 29042 29090 E TY_com.google.android.libraries.communications.conference.shared.device.info.FileBasedCpuInfo:	at aafp.a(PG:14)
05-16 15:46:27.725 29042 29090 E TY_com.google.android.libraries.communications.conference.shared.device.info.FileBasedCpuInfo:	at gaf.a(PG:1448)
05-16 15:46:27.725 29042 29090 E TY_com.google.android.libraries.communications.conference.shared.device.info.FileBasedCpuInfo:	at aafp.a(PG:14)
05-16 15:46:27.725 29042 29090 E TY_com.google.android.libraries.communications.conference.shared.device.info.FileBasedCpuInfo:	at omz.n(PG:3)
05-16 15:46:27.725 29042 29090 E TY_com.google.android.libraries.communications.conference.shared.device.info.FileBasedCpuInfo:	at eyu.r(PG:5)
05-16 15:46:27.725 29042 29090 E TY_com.google.android.libraries.communications.conference.shared.device.info.FileBasedCpuInfo:	at edw.a(PG:1226)
05-16 15:46:27.725 29042 29090 E TY_com.google.android.libraries.communications.conference.shared.device.info.FileBasedCpuInfo:	at aafp.a(PG:14)
05-16 15:46:27.725 29042 29090 E TY_com.google.android.libraries.communications.conference.shared.device.info.FileBasedCpuInfo:	at ecg.h(PG:422)
05-16 15:46:27.725 29042 29090 E TY_com.google.android.libraries.communications.conference.shared.device.info.FileBasedCpuInfo:	at ecg.f(PG:17)
05-16 15:46:27.725 29042 29090 E TY_com.google.android.libraries.communications.conference.shared.device.info.FileBasedCpuInfo:	at ecg.d(PG:3)
05-16 15:46:27.725 29042 29090 E TY_com.google.android.libraries.communications.conference.shared.device.info.FileBasedCpuInfo:	at des.j(PG:19)
05-16 15:46:27.725 29042 29090 E TY_com.google.android.libraries.communications.conference.shared.device.info.FileBasedCpuInfo:	at csi.run(PG:120)
05-16 15:46:27.725 29042 29090 E TY_com.google.android.libraries.communications.conference.shared.device.info.FileBasedCpuInfo:	at java.util.concurrent.Executors$RunnableAdapter.call(Executors.java:457)
05-16 15:46:27.725 29042 29090 E TY_com.google.android.libraries.communications.conference.shared.device.info.FileBasedCpuInfo:	at abkw.a(PG:3)
05-16 15:46:27.725 29042 29090 E TY_com.google.android.libraries.communications.conference.shared.device.info.FileBasedCpuInfo:	at abka.run(PG:21)
05-16 15:46:27.725 29042 29090 E TY_com.google.android.libraries.communications.conference.shared.device.info.FileBasedCpuInfo:	at abkx.run(PG:5)
05-16 15:46:27.725 29042 29090 E TY_com.google.android.libraries.communications.conference.shared.device.info.FileBasedCpuInfo:	at abdu.run(PG:50)
05-16 15:46:27.725 29042 29090 E TY_com.google.android.libraries.communications.conference.shared.device.info.FileBasedCpuInfo:	at rpk.run(PG:377)
05-16 15:46:27.725 29042 29090 E TY_com.google.android.libraries.communications.conference.shared.device.info.FileBasedCpuInfo:	at java.lang.Thread.run(Thread.java:764)
05-16 15:46:27.725 29042 29090 E TY_com.google.android.libraries.communications.conference.shared.device.info.FileBasedCpuInfo:	at svh.run(PG:64)
05-16 15:46:27.725 29042 29090 E TY_com.google.android.libraries.communications.conference.shared.device.info.FileBasedCpuInfo:
05-16 15:46:27.726 29042 29090 E FileBasedCpuInfo: [000:238][29090] error readline file: /sys/devices/system/cpu/cpu0/cpufreq/cpuinfo_max_freq
05-16 15:46:27.726 29042 29090 E FileBasedCpuInfo: [000:238][29090] java.io.FileNotFoundException: /sys/devices/system/cpu/cpu0/cpufreq/cpuinfo_max_freq (No such file or directory)
05-16 15:46:27.726 29042 29090 E FileBasedCpuInfo: [000:238][29090] java.io.FileNotFoundException: /sys/devices/system/cpu/cpu0/cpufreq/cpuinfo_max_freq (No such file or directory)
05-16 15:46:27.726 29042 29090 E FileBasedCpuInfo: 	at java.io.FileInputStream.open0(Native Method)
05-16 15:46:27.726 29042 29090 E FileBasedCpuInfo: 	at java.io.FileInputStream.open(FileInputStream.java:200)
05-16 15:46:27.726 29042 29090 E FileBasedCpuInfo: 	at java.io.FileInputStream.<init>(FileInputStream.java:150)
05-16 15:46:27.726 29042 29090 E FileBasedCpuInfo: 	at abcb.h(PG:5)
05-16 15:46:27.726 29042 29090 E FileBasedCpuInfo: 	at abcb.b(PG:1)
05-16 15:46:27.726 29042 29090 E FileBasedCpuInfo: 	at abbn.a(PG:5)
05-16 15:46:27.726 29042 29090 E FileBasedCpuInfo: 	at abbt.c(PG:1)
05-16 15:46:27.726 29042 29090 E FileBasedCpuInfo: 	at abbt.d(PG:5)
05-16 15:46:27.726 29042 29090 E FileBasedCpuInfo: 	at ofr.d(PG:28)
05-16 15:46:27.726 29042 29090 E FileBasedCpuInfo: 	at ofr.b(PG:16)
05-16 15:46:27.726 29042 29090 E FileBasedCpuInfo: 	at ofq.d(PG:13)
05-16 15:46:27.726 29042 29090 E FileBasedCpuInfo: 	at edw.a(PG:698)
05-16 15:46:27.726 29042 29090 E FileBasedCpuInfo: 	at aafp.a(PG:14)
05-16 15:46:27.726 29042 29090 E FileBasedCpuInfo: 	at gaf.a(PG:1448)
05-16 15:46:27.726 29042 29090 E FileBasedCpuInfo: 	at aafp.a(PG:14)
05-16 15:46:27.726 29042 29090 E FileBasedCpuInfo: 	at omz.n(PG:3)
05-16 15:46:27.726 29042 29090 E FileBasedCpuInfo: 	at eyu.r(PG:5)
05-16 15:46:27.726 29042 29090 E FileBasedCpuInfo: 	at edw.a(PG:1226)
05-16 15:46:27.726 29042 29090 E FileBasedCpuInfo: 	at aafp.a(PG:14)
05-16 15:46:27.726 29042 29090 E FileBasedCpuInfo: 	at ecg.h(PG:422)
05-16 15:46:27.726 29042 29090 E FileBasedCpuInfo: 	at ecg.f(PG:17)
05-16 15:46:27.726 29042 29090 E FileBasedCpuInfo: 	at ecg.d(PG:3)
05-16 15:46:27.726 29042 29090 E FileBasedCpuInfo: 	at des.j(PG:19)
05-16 15:46:27.726 29042 29090 E FileBasedCpuInfo: 	at csi.run(PG:120)
05-16 15:46:27.726 29042 29090 E FileBasedCpuInfo: 	at java.util.concurrent.Executors$RunnableAdapter.call(Executors.java:457)
05-16 15:46:27.726 29042 29090 E FileBasedCpuInfo: 	at abkw.a(PG:3)
05-16 15:46:27.726 29042 29090 E FileBasedCpuInfo: 	at abka.run(PG:21)
05-16 15:46:27.726 29042 29090 E FileBasedCpuInfo: 	at abkx.run(PG:5)
05-16 15:46:27.726 29042 29090 E FileBasedCpuInfo: 	at abdu.run(PG:50)
05-16 15:46:27.726 29042 29090 E FileBasedCpuInfo: 	at rpk.run(PG:377)
05-16 15:46:27.726 29042 29090 E FileBasedCpuInfo: 	at java.lang.Thread.run(Thread.java:764)
05-16 15:46:27.726 29042 29090 E FileBasedCpuInfo: 	at svh.run(PG:64)
05-16 15:46:27.726 29042 29090 E FileBasedCpuInfo:
05-16 15:46:27.726 29042 29090 E TY_com.google.android.libraries.communications.conference.shared.device.info.FileBasedCpuInfo:[000:239][29090] error readline file: /sys/devices/system/cpu/cpu1/cpufreq/cpuinfo_max_freq
05-16 15:46:27.726 29042 29090 E TY_com.google.android.libraries.communications.conference.shared.device.info.FileBasedCpuInfo:[000:239][29090] java.io.FileNotFoundException: /sys/devices/system/cpu/cpu1/cpufreq/cpuinfo_max_freq (No such file or directory)
05-16 15:46:27.726 29042 29090 E TY_com.google.android.libraries.communications.conference.shared.device.info.FileBasedCpuInfo:[000:239][29090] java.io.FileNotFoundException: /sys/devices/system/cpu/cpu1/cpufreq/cpuinfo_max_freq (No such file or directory)
05-16 15:46:27.726 29042 29090 E TY_com.google.android.libraries.communications.conference.shared.device.info.FileBasedCpuInfo:	at java.io.FileInputStream.open0(Native Method)
05-16 15:46:27.726 29042 29090 E TY_com.google.android.libraries.communications.conference.shared.device.info.FileBasedCpuInfo:	at java.io.FileInputStream.open(FileInputStream.java:200)
05-16 15:46:27.726 29042 29090 E TY_com.google.android.libraries.communications.conference.shared.device.info.FileBasedCpuInfo:	at java.io.FileInputStream.<init>(FileInputStream.java:150)
05-16 15:46:27.726 29042 29090 E TY_com.google.android.libraries.communications.conference.shared.device.info.FileBasedCpuInfo:	at abcb.h(PG:5)
05-16 15:46:27.726 29042 29090 E TY_com.google.android.libraries.communications.conference.shared.device.info.FileBasedCpuInfo:	at abcb.b(PG:1)
05-16 15:46:27.726 29042 29090 E TY_com.google.android.libraries.communications.conference.shared.device.info.FileBasedCpuInfo:	at abbn.a(PG:5)
05-16 15:46:27.726 29042 29090 E TY_com.google.android.libraries.communications.conference.shared.device.info.FileBasedCpuInfo:	at abbt.c(PG:1)
05-16 15:46:27.726 29042 29090 E TY_com.google.android.libraries.communications.conference.shared.device.info.FileBasedCpuInfo:	at abbt.d(PG:5)
05-16 15:46:27.726 29042 29090 E TY_com.google.android.libraries.communications.conference.shared.device.info.FileBasedCpuInfo:	at ofr.d(PG:28)
05-16 15:46:27.726 29042 29090 E TY_com.google.android.libraries.communications.conference.shared.device.info.FileBasedCpuInfo:	at ofr.b(PG:16)
05-16 15:46:27.726 29042 29090 E TY_com.google.android.libraries.communications.conference.shared.device.info.FileBasedCpuInfo:	at ofq.d(PG:13)
05-16 15:46:27.726 29042 29090 E TY_com.google.android.libraries.communications.conference.shared.device.info.FileBasedCpuInfo:	at edw.a(PG:698)
05-16 15:46:27.726 29042 29090 E TY_com.google.android.libraries.communications.conference.shared.device.info.FileBasedCpuInfo:	at aafp.a(PG:14)
05-16 15:46:27.726 29042 29090 E TY_com.google.android.libraries.communications.conference.shared.device.info.FileBasedCpuInfo:	at gaf.a(PG:1448)
05-16 15:46:27.726 29042 29090 E TY_com.google.android.libraries.communications.conference.shared.device.info.FileBasedCpuInfo:	at aafp.a(PG:14)
05-16 15:46:27.726 29042 29090 E TY_com.google.android.libraries.communications.conference.shared.device.info.FileBasedCpuInfo:	at omz.n(PG:3)
05-16 15:46:27.726 29042 29090 E TY_com.google.android.libraries.communications.conference.shared.device.info.FileBasedCpuInfo:	at eyu.r(PG:5)
05-16 15:46:27.726 29042 29090 E TY_com.google.android.libraries.communications.conference.shared.device.info.FileBasedCpuInfo:	at edw.a(PG:1226)
05-16 15:46:27.726 29042 29090 E TY_com.google.android.libraries.communications.conference.shared.device.info.FileBasedCpuInfo:	at aafp.a(PG:14)
05-16 15:46:27.726 29042 29090 E TY_com.google.android.libraries.communications.conference.shared.device.info.FileBasedCpuInfo:	at ecg.h(PG:422)
05-16 15:46:27.726 29042 29090 E TY_com.google.android.libraries.communications.conference.shared.device.info.FileBasedCpuInfo:	at ecg.f(PG:17)
05-16 15:46:27.726 29042 29090 E TY_com.google.android.libraries.communications.conference.shared.device.info.FileBasedCpuInfo:	at ecg.d(PG:3)
05-16 15:46:27.726 29042 29090 E TY_com.google.android.libraries.communications.conference.shared.device.info.FileBasedCpuInfo:	at des.j(PG:19)
05-16 15:46:27.726 29042 29090 E TY_com.google.android.libraries.communications.conference.shared.device.info.FileBasedCpuInfo:	at csi.run(PG:120)
05-16 15:46:27.726 29042 29090 E TY_com.google.android.libraries.communications.conference.shared.device.info.FileBasedCpuInfo:	at java.util.concurrent.Executors$RunnableAdapter.call(Executors.java:457)
05-16 15:46:27.726 29042 29090 E TY_com.google.android.libraries.communications.conference.shared.device.info.FileBasedCpuInfo:	at abkw.a(PG:3)
05-16 15:46:27.726 29042 29090 E TY_com.google.android.libraries.communications.conference.shared.device.info.FileBasedCpuInfo:	at abka.run(PG:21)
05-16 15:46:27.726 29042 29090 E TY_com.google.android.libraries.communications.conference.shared.device.info.FileBasedCpuInfo:	at abkx.run(PG:5)
05-16 15:46:27.726 29042 29090 E TY_com.google.android.libraries.communications.conference.shared.device.info.FileBasedCpuInfo:	at abdu.run(PG:50)
05-16 15:46:27.726 29042 29090 E TY_com.google.android.libraries.communications.conference.shared.device.info.FileBasedCpuInfo:	at rpk.run(PG:377)
05-16 15:46:27.726 29042 29090 E TY_com.google.android.libraries.communications.conference.shared.device.info.FileBasedCpuInfo:	at java.lang.Thread.run(Thread.java:764)
05-16 15:46:27.726 29042 29090 E TY_com.google.android.libraries.communications.conference.shared.device.info.FileBasedCpuInfo:	at svh.run(PG:64)
05-16 15:46:27.726 29042 29090 E TY_com.google.android.libraries.communications.conference.shared.device.info.FileBasedCpuInfo:
05-16 15:46:27.726 29042 29090 E FileBasedCpuInfo: [000:239][29090] error readline file: /sys/devices/system/cpu/cpu1/cpufreq/cpuinfo_max_freq
05-16 15:46:27.727 29042 29090 E FileBasedCpuInfo: [000:239][29090] java.io.FileNotFoundException: /sys/devices/system/cpu/cpu1/cpufreq/cpuinfo_max_freq (No such file or directory)
05-16 15:46:27.727 29042 29090 E FileBasedCpuInfo: [000:239][29090] java.io.FileNotFoundException: /sys/devices/system/cpu/cpu1/cpufreq/cpuinfo_max_freq (No such file or directory)
05-16 15:46:27.727 29042 29090 E FileBasedCpuInfo: 	at java.io.FileInputStream.open0(Native Method)
05-16 15:46:27.727 29042 29090 E FileBasedCpuInfo: 	at java.io.FileInputStream.open(FileInputStream.java:200)
05-16 15:46:27.727 29042 29090 E FileBasedCpuInfo: 	at java.io.FileInputStream.<init>(FileInputStream.java:150)
05-16 15:46:27.727 29042 29090 E FileBasedCpuInfo: 	at abcb.h(PG:5)
05-16 15:46:27.727 29042 29090 E FileBasedCpuInfo: 	at abcb.b(PG:1)
05-16 15:46:27.727 29042 29090 E FileBasedCpuInfo: 	at abbn.a(PG:5)
05-16 15:46:27.727 29042 29090 E FileBasedCpuInfo: 	at abbt.c(PG:1)
05-16 15:46:27.727 29042 29090 E FileBasedCpuInfo: 	at abbt.d(PG:5)
05-16 15:46:27.727 29042 29090 E FileBasedCpuInfo: 	at ofr.d(PG:28)
05-16 15:46:27.727 29042 29090 E FileBasedCpuInfo: 	at ofr.b(PG:16)
05-16 15:46:27.727 29042 29090 E FileBasedCpuInfo: 	at ofq.d(PG:13)
05-16 15:46:27.727 29042 29090 E FileBasedCpuInfo: 	at edw.a(PG:698)
05-16 15:46:27.727 29042 29090 E FileBasedCpuInfo: 	at aafp.a(PG:14)
05-16 15:46:27.727 29042 29090 E FileBasedCpuInfo: 	at gaf.a(PG:1448)
05-16 15:46:27.727 29042 29090 E FileBasedCpuInfo: 	at aafp.a(PG:14)
05-16 15:46:27.727 29042 29090 E FileBasedCpuInfo: 	at omz.n(PG:3)
05-16 15:46:27.727 29042 29090 E FileBasedCpuInfo: 	at eyu.r(PG:5)
05-16 15:46:27.727 29042 29090 E FileBasedCpuInfo: 	at edw.a(PG:1226)
05-16 15:46:27.727 29042 29090 E FileBasedCpuInfo: 	at aafp.a(PG:14)
05-16 15:46:27.727 29042 29090 E FileBasedCpuInfo: 	at ecg.h(PG:422)
05-16 15:46:27.727 29042 29090 E FileBasedCpuInfo: 	at ecg.f(PG:17)
05-16 15:46:27.727 29042 29090 E FileBasedCpuInfo: 	at ecg.d(PG:3)
05-16 15:46:27.727 29042 29090 E FileBasedCpuInfo: 	at des.j(PG:19)
05-16 15:46:27.727 29042 29090 E FileBasedCpuInfo: 	at csi.run(PG:120)
05-16 15:46:27.727 29042 29090 E FileBasedCpuInfo: 	at java.util.concurrent.Executors$RunnableAdapter.call(Executors.java:457)
05-16 15:46:27.727 29042 29090 E FileBasedCpuInfo: 	at abkw.a(PG:3)
05-16 15:46:27.727 29042 29090 E FileBasedCpuInfo: 	at abka.run(PG:21)
05-16 15:46:27.727 29042 29090 E FileBasedCpuInfo: 	at abkx.run(PG:5)
05-16 15:46:27.727 29042 29090 E FileBasedCpuInfo: 	at abdu.run(PG:50)
05-16 15:46:27.727 29042 29090 E FileBasedCpuInfo: 	at rpk.run(PG:377)
05-16 15:46:27.727 29042 29090 E FileBasedCpuInfo: 	at java.lang.Thread.run(Thread.java:764)
05-16 15:46:27.727 29042 29090 E FileBasedCpuInfo: 	at svh.run(PG:64)
05-16 15:46:27.727 29042 29090 E FileBasedCpuInfo:
05-16 15:46:27.727 29042 29090 E TY_com.google.android.libraries.communications.conference.shared.device.info.FileBasedCpuInfo:[000:239][29090] error readline file: /sys/devices/system/cpu/cpu2/cpufreq/cpuinfo_max_freq
05-16 15:46:27.727 29042 29090 E TY_com.google.android.libraries.communications.conference.shared.device.info.FileBasedCpuInfo:[000:239][29090] java.io.FileNotFoundException: /sys/devices/system/cpu/cpu2/cpufreq/cpuinfo_max_freq (No such file or directory)
05-16 15:46:27.727 29042 29090 E TY_com.google.android.libraries.communications.conference.shared.device.info.FileBasedCpuInfo:[000:240][29090] java.io.FileNotFoundException: /sys/devices/system/cpu/cpu2/cpufreq/cpuinfo_max_freq (No such file or directory)
05-16 15:46:27.727 29042 29090 E TY_com.google.android.libraries.communications.conference.shared.device.info.FileBasedCpuInfo:	at java.io.FileInputStream.open0(Native Method)
05-16 15:46:27.727 29042 29090 E TY_com.google.android.libraries.communications.conference.shared.device.info.FileBasedCpuInfo:	at java.io.FileInputStream.open(FileInputStream.java:200)
05-16 15:46:27.727 29042 29090 E TY_com.google.android.libraries.communications.conference.shared.device.info.FileBasedCpuInfo:	at java.io.FileInputStream.<init>(FileInputStream.java:150)
05-16 15:46:27.727 29042 29090 E TY_com.google.android.libraries.communications.conference.shared.device.info.FileBasedCpuInfo:	at abcb.h(PG:5)
05-16 15:46:27.727 29042 29090 E TY_com.google.android.libraries.communications.conference.shared.device.info.FileBasedCpuInfo:	at abcb.b(PG:1)
05-16 15:46:27.727 29042 29090 E TY_com.google.android.libraries.communications.conference.shared.device.info.FileBasedCpuInfo:	at abbn.a(PG:5)
05-16 15:46:27.727 29042 29090 E TY_com.google.android.libraries.communications.conference.shared.device.info.FileBasedCpuInfo:	at abbt.c(PG:1)
05-16 15:46:27.727 29042 29090 E TY_com.google.android.libraries.communications.conference.shared.device.info.FileBasedCpuInfo:	at abbt.d(PG:5)
05-16 15:46:27.727 29042 29090 E TY_com.google.android.libraries.communications.conference.shared.device.info.FileBasedCpuInfo:	at ofr.d(PG:28)
05-16 15:46:27.727 29042 29090 E TY_com.google.android.libraries.communications.conference.shared.device.info.FileBasedCpuInfo:	at ofr.b(PG:16)
05-16 15:46:27.727 29042 29090 E TY_com.google.android.libraries.communications.conference.shared.device.info.FileBasedCpuInfo:	at ofq.d(PG:13)
05-16 15:46:27.727 29042 29090 E TY_com.google.android.libraries.communications.conference.shared.device.info.FileBasedCpuInfo:	at edw.a(PG:698)
05-16 15:46:27.727 29042 29090 E TY_com.google.android.libraries.communications.conference.shared.device.info.FileBasedCpuInfo:	at aafp.a(PG:14)
05-16 15:46:27.727 29042 29090 E TY_com.google.android.libraries.communications.conference.shared.device.info.FileBasedCpuInfo:	at gaf.a(PG:1448)
05-16 15:46:27.727 29042 29090 E TY_com.google.android.libraries.communications.conference.shared.device.info.FileBasedCpuInfo:	at aafp.a(PG:14)
05-16 15:46:27.727 29042 29090 E TY_com.google.android.libraries.communications.conference.shared.device.info.FileBasedCpuInfo:	at omz.n(PG:3)
05-16 15:46:27.727 29042 29090 E TY_com.google.android.libraries.communications.conference.shared.device.info.FileBasedCpuInfo:	at eyu.r(PG:5)
05-16 15:46:27.727 29042 29090 E TY_com.google.android.libraries.communications.conference.shared.device.info.FileBasedCpuInfo:	at edw.a(PG:1226)
05-16 15:46:27.727 29042 29090 E TY_com.google.android.libraries.communications.conference.shared.device.info.FileBasedCpuInfo:	at aafp.a(PG:14)
05-16 15:46:27.727 29042 29090 E TY_com.google.android.libraries.communications.conference.shared.device.info.FileBasedCpuInfo:	at ecg.h(PG:422)
05-16 15:46:27.727 29042 29090 E TY_com.google.android.libraries.communications.conference.shared.device.info.FileBasedCpuInfo:	at ecg.f(PG:17)
05-16 15:46:27.727 29042 29090 E TY_com.google.android.libraries.communications.conference.shared.device.info.FileBasedCpuInfo:	at ecg.d(PG:3)
05-16 15:46:27.727 29042 29090 E TY_com.google.android.libraries.communications.conference.shared.device.info.FileBasedCpuInfo:	at des.j(PG:19)
05-16 15:46:27.727 29042 29090 E TY_com.google.android.libraries.communications.conference.shared.device.info.FileBasedCpuInfo:	at csi.run(PG:120)
05-16 15:46:27.727 29042 29090 E TY_com.google.android.libraries.communications.conference.shared.device.info.FileBasedCpuInfo:	at java.util.concurrent.Executors$RunnableAdapter.call(Executors.java:457)
05-16 15:46:27.727 29042 29090 E TY_com.google.android.libraries.communications.conference.shared.device.info.FileBasedCpuInfo:	at abkw.a(PG:3)
05-16 15:46:27.727 29042 29090 E TY_com.google.android.libraries.communications.conference.shared.device.info.FileBasedCpuInfo:	at abka.run(PG:21)
05-16 15:46:27.727 29042 29090 E TY_com.google.android.libraries.communications.conference.shared.device.info.FileBasedCpuInfo:	at abkx.run(PG:5)
05-16 15:46:27.727 29042 29090 E TY_com.google.android.libraries.communications.conference.shared.device.info.FileBasedCpuInfo:	at abdu.run(PG:50)
05-16 15:46:27.727 29042 29090 E TY_com.google.android.libraries.communications.conference.shared.device.info.FileBasedCpuInfo:	at rpk.run(PG:377)
05-16 15:46:27.727 29042 29090 E TY_com.google.android.libraries.communications.conference.shared.device.info.FileBasedCpuInfo:	at java.lang.Thread.run(Thread.java:764)
05-16 15:46:27.727 29042 29090 E TY_com.google.android.libraries.communications.conference.shared.device.info.FileBasedCpuInfo:	at svh.run(PG:64)
05-16 15:46:27.727 29042 29090 E TY_com.google.android.libraries.communications.conference.shared.device.info.FileBasedCpuInfo:
05-16 15:46:27.727 29042 29090 E FileBasedCpuInfo: [000:240][29090] error readline file: /sys/devices/system/cpu/cpu2/cpufreq/cpuinfo_max_freq
05-16 15:46:27.728 29042 29090 E FileBasedCpuInfo: [000:241][29090] java.io.FileNotFoundException: /sys/devices/system/cpu/cpu2/cpufreq/cpuinfo_max_freq (No such file or directory)
05-16 15:46:27.728 29042 29090 E FileBasedCpuInfo: [000:241][29090] java.io.FileNotFoundException: /sys/devices/system/cpu/cpu2/cpufreq/cpuinfo_max_freq (No such file or directory)
05-16 15:46:27.728 29042 29090 E FileBasedCpuInfo: 	at java.io.FileInputStream.open0(Native Method)
05-16 15:46:27.728 29042 29090 E FileBasedCpuInfo: 	at java.io.FileInputStream.open(FileInputStream.java:200)
05-16 15:46:27.728 29042 29090 E FileBasedCpuInfo: 	at java.io.FileInputStream.<init>(FileInputStream.java:150)
05-16 15:46:27.728 29042 29090 E FileBasedCpuInfo: 	at abcb.h(PG:5)
05-16 15:46:27.728 29042 29090 E FileBasedCpuInfo: 	at abcb.b(PG:1)
05-16 15:46:27.728 29042 29090 E FileBasedCpuInfo: 	at abbn.a(PG:5)
05-16 15:46:27.728 29042 29090 E FileBasedCpuInfo: 	at abbt.c(PG:1)
05-16 15:46:27.728 29042 29090 E FileBasedCpuInfo: 	at abbt.d(PG:5)
05-16 15:46:27.728 29042 29090 E FileBasedCpuInfo: 	at ofr.d(PG:28)
05-16 15:46:27.728 29042 29090 E FileBasedCpuInfo: 	at ofr.b(PG:16)
05-16 15:46:27.728 29042 29090 E FileBasedCpuInfo: 	at ofq.d(PG:13)
05-16 15:46:27.728 29042 29090 E FileBasedCpuInfo: 	at edw.a(PG:698)
05-16 15:46:27.728 29042 29090 E FileBasedCpuInfo: 	at aafp.a(PG:14)
05-16 15:46:27.728 29042 29090 E FileBasedCpuInfo: 	at gaf.a(PG:1448)
05-16 15:46:27.728 29042 29090 E FileBasedCpuInfo: 	at aafp.a(PG:14)
05-16 15:46:27.728 29042 29090 E FileBasedCpuInfo: 	at omz.n(PG:3)
05-16 15:46:27.728 29042 29090 E FileBasedCpuInfo: 	at eyu.r(PG:5)
05-16 15:46:27.728 29042 29090 E FileBasedCpuInfo: 	at edw.a(PG:1226)
05-16 15:46:27.728 29042 29090 E FileBasedCpuInfo: 	at aafp.a(PG:14)
05-16 15:46:27.728 29042 29090 E FileBasedCpuInfo: 	at ecg.h(PG:422)
05-16 15:46:27.728 29042 29090 E FileBasedCpuInfo: 	at ecg.f(PG:17)
05-16 15:46:27.728 29042 29090 E FileBasedCpuInfo: 	at ecg.d(PG:3)
05-16 15:46:27.728 29042 29090 E FileBasedCpuInfo: 	at des.j(PG:19)
05-16 15:46:27.728 29042 29090 E FileBasedCpuInfo: 	at csi.run(PG:120)
05-16 15:46:27.728 29042 29090 E FileBasedCpuInfo: 	at java.util.concurrent.Executors$RunnableAdapter.call(Executors.java:457)
05-16 15:46:27.728 29042 29090 E FileBasedCpuInfo: 	at abkw.a(PG:3)
05-16 15:46:27.728 29042 29090 E FileBasedCpuInfo: 	at abka.run(PG:21)
05-16 15:46:27.728 29042 29090 E FileBasedCpuInfo: 	at abkx.run(PG:5)
05-16 15:46:27.728 29042 29090 E FileBasedCpuInfo: 	at abdu.run(PG:50)
