05-09 11:49:31.107  1701  2437 I WindowManager: Failed to capture screenshot of Token{46ff193 ActivityRecord{c9ee682 u0 com.sheygam.contactapp/.ContactList t116 f}} appWin=Window{e1e13ef u0 com.sheygam.contactapp/com.sheygam.contactapp.ContactList} drawState=4
05-09 11:49:31.163  1701  1724 W ActivityManager: setHasOverlayUi called on unknown pid: 25971
05-09 11:49:31.297  1701  3846 W WindowManager: removeWindowToken: Attempted to remove non-existing token: android.os.Binder@acec0d
05-09 11:49:31.302  1701  2437 I ActivityManager: Force stopping io.appium.uiautomator2.server appid=10085 user=0: finished inst
05-09 11:49:31.302  1701  2437 I ActivityManager: Killing 25932:io.appium.uiautomator2.server/u0a85 (adj 0): stop io.appium.uiautomator2.server
05-09 11:49:34.112  1701  1850 E TaskPersister: File error accessing recents directory (directory doesn't exist?).
05-09 11:50:29.407  1701  1726 I PowerManagerService: Going to sleep due to screen timeout (uid 1000)...
05-09 11:50:29.407  1701  1726 I PowerManagerService: Sleeping (uid 1000)...
05-09 11:50:29.912  1701  1726 I DisplayPowerController: Blocking screen off
05-09 11:50:29.916  1701  1726 I DisplayPowerController: Unblocked screen off after 4 ms
05-09 11:50:29.917  1701  1726 E KernelCpuSpeedReader: Failed to read cpu-freq: /sys/devices/system/cpu/cpu0/cpufreq/stats/time_in_state (No such file or directory)
05-09 11:50:29.918  1701  1724 I DisplayManagerService: Display device changed state: "Built-in Screen", OFF
05-09 11:50:29.919  1701  1760 W LocalDisplayAdapter: Unable to find color mode 0, ignoring request.
05-09 11:50:34.922  1701  1717 E KernelCpuSpeedReader: Failed to read cpu-freq: /sys/devices/system/cpu/cpu0/cpufreq/stats/time_in_state (No such file or directory)
05-09 11:50:40.305  1701  1717 E KernelCpuSpeedReader: Failed to read cpu-freq: /sys/devices/system/cpu/cpu0/cpufreq/stats/time_in_state (No such file or directory)
05-09 11:50:42.472  1701  1720 E BatteryStatsService: modem info is invalid: ModemActivityInfo{ mTimestamp=0 mSleepTimeMs=0 mIdleTimeMs=0 mTxTimeMs[]=[0, 0, 0, 0, 0] mRxTimeMs=0 mEnergyUsed=0}
05-09 11:50:46.307  1701  1717 E KernelCpuSpeedReader: Failed to read cpu-freq: /sys/devices/system/cpu/cpu0/cpufreq/stats/time_in_state (No such file or directory)
05-09 11:54:36.435  1701  1717 I chatty  : uid=1000(system) ActivityManager identical 39 lines
05-09 11:54:42.437  1701  1717 E KernelCpuSpeedReader: Failed to read cpu-freq: /sys/devices/system/cpu/cpu0/cpufreq/stats/time_in_state (No such file or directory)
05-09 11:54:45.352  1701  1720 E KernelCpuSpeedReader: Failed to read cpu-freq: /sys/devices/system/cpu/cpu0/cpufreq/stats/time_in_state (No such file or directory)
05-09 11:54:45.353  1701  1720 E BatteryStatsService: modem info is invalid: ModemActivityInfo{ mTimestamp=0 mSleepTimeMs=0 mIdleTimeMs=0 mTxTimeMs[]=[0, 0, 0, 0, 0] mRxTimeMs=0 mEnergyUsed=0}
05-09 11:54:48.440  1701  1717 E KernelCpuSpeedReader: Failed to read cpu-freq: /sys/devices/system/cpu/cpu0/cpufreq/stats/time_in_state (No such file or directory)
05-09 11:55:00.446  1701  1717 I chatty  : uid=1000(system) ActivityManager identical 2 lines
05-09 11:55:06.449  1701  1717 E KernelCpuSpeedReader: Failed to read cpu-freq: /sys/devices/system/cpu/cpu0/cpufreq/stats/time_in_state (No such file or directory)
05-09 11:55:07.979  1701  2364 I ActivityManager: Force stopping com.sheygam.contactapp appid=10083 user=0: from pid 26211
05-09 11:55:08.165  1701  2437 I ActivityManager: Force stopping com.sheygam.contactapp appid=10083 user=0: clear data
05-09 11:55:08.166  1701  1717 I ActivityManager: Force stopping com.sheygam.contactapp appid=10083 user=-1: clearApplicationUserData
05-09 11:55:08.167  1701  1850 E TaskPersister: File error accessing recents directory (directory doesn't exist?).
05-09 11:55:08.231  1701  2419 I ActivityManager: Force stopping io.appium.uiautomator2.server.test appid=10086 user=0: from pid 26240
05-09 11:55:08.423  1701  3428 I ActivityManager: Force stopping io.appium.uiautomator2.server appid=10085 user=0: start instr
05-09 11:55:08.436  1701  3428 I ActivityManager: Start proc 26252:io.appium.uiautomator2.server/u0a85 for added application io.appium.uiautomator2.server
05-09 11:55:09.724  1701  1901 I PowerManagerService: Waking up from sleep (uid 1000)...
05-09 11:55:09.726  1701  1726 E KernelCpuSpeedReader: Failed to read cpu-freq: /sys/devices/system/cpu/cpu0/cpufreq/stats/time_in_state (No such file or directory)
05-09 11:55:09.726  1701  1726 I DisplayPowerController: Blocking screen on until initial contents have been drawn.
05-09 11:55:09.727  1701  1717 W BroadcastQueue: Background execution not allowed: receiving Intent { act=android.intent.action.USER_PRESENT flg=0x24200010 } to com.android.chrome/org.chromium.chrome.browser.sharing.click_to_call.ClickToCallMessageHandler$PhoneUnlockedReceiver
05-09 11:55:09.727  1701  1717 W BroadcastQueue: Background execution not allowed: receiving Intent { act=android.intent.action.USER_PRESENT flg=0x24200010 } to com.google.android.gms/.auth.setup.devicesignals.LockScreenReceiver
05-09 11:55:09.730  1701  1726 W LocalDisplayAdapter: Unable to find color mode 0, ignoring request.
05-09 11:55:09.733  1701  1717 W BroadcastQueue: Background execution not allowed: receiving Intent { act=android.intent.action.USER_PRESENT flg=0x24200010 } to com.google.android.gms/.chimera.GmsIntentOperationService$PersistentTrustedReceiver
05-09 11:55:09.741  1701  1724 I DisplayManagerService: Display device changed state: "Built-in Screen", ON
05-09 11:55:09.743  1701  1760 W LocalDisplayAdapter: Unable to find color mode 0, ignoring request.
05-09 11:55:09.787  1701  1726 I DisplayPowerController: Unblocked screen on after 61 ms
05-09 11:55:11.436  1701  1711 I ActivityManager: Force stopping com.sheygam.contactapp appid=10083 user=0: from pid 26292
05-09 11:55:11.688  1701  1711 I ActivityManager: START u0 {flg=0x10000000 cmp=com.sheygam.contactapp/SplashActivity} from uid 2000
05-09 11:55:11.737  1701  3845 I ActivityManager: Force stopping com.sheygam.contactapp appid=10083 user=0: from pid 26296
05-09 11:55:11.990  1701  3845 I ActivityManager: START u0 {flg=0x10000000 cmp=com.sheygam.contactapp/.SplashActivity} from uid 2000
05-09 11:55:12.005  1701  2036 I ActivityManager: Start proc 26298:com.sheygam.contactapp/u0a83 for activity com.sheygam.contactapp/.SplashActivity
05-09 11:55:12.015  1701  2037 W LocalDisplayAdapter: Unable to find color mode 0, ignoring request.
05-09 11:55:12.448  1701  1717 E KernelCpuSpeedReader: Failed to read cpu-freq: /sys/devices/system/cpu/cpu0/cpufreq/stats/time_in_state (No such file or directory)
05-09 11:55:15.498  1701  1850 E TaskPersister: File error accessing recents directory (directory doesn't exist?).
05-09 11:55:17.138  1701  2037 I ActivityManager: START u0 {cmp=com.sheygam.contactapp/.MainActivity} from uid 10083
05-09 11:55:20.648  1701  1850 E TaskPersister: File error accessing recents directory (directory doesn't exist?).
05-09 11:55:21.239  1701  2448 I ActivityManager: START u0 {cmp=com.sheygam.contactapp/.ContactList} from uid 10083
05-09 11:55:22.335  1701  1722 W RemoteFillService: Not handling { when=-4ms what=3 target=com.android.internal.os.HandlerCaller$MyHandler } as service for ComponentInfo{com.google.android.gms/com.google.android.gms.autofill.service.AutofillService} is already destroyed
05-09 11:55:24.749  1701  1850 E TaskPersister: File error accessing recents directory (directory doesn't exist?).
05-09 11:55:26.058  1701  2448 I ActivityManager: START u0 {cmp=com.sheygam.contactapp/.AddContactActivity} from uid 10083
05-09 11:55:29.567  1701  1850 E TaskPersister: File error accessing recents directory (directory doesn't exist?).
05-09 11:55:31.267  1701  1722 W RemoteFillService: Not handling { when=-5ms what=3 target=com.android.internal.os.HandlerCaller$MyHandler } as service for ComponentInfo{com.google.android.gms/com.google.android.gms.autofill.service.AutofillService} is already destroyed
05-09 11:55:37.006  1701  1850 E TaskPersister: File error accessing recents directory (directory doesn't exist?).
05-09 11:55:37.129  1701  1701 W WindowManager: removeWindowToken: Attempted to remove non-existing token: android.os.Binder@a79a59c
05-09 11:55:37.452  1701  1720 E BatteryStatsService: modem info is invalid: ModemActivityInfo{ mTimestamp=0 mSleepTimeMs=0 mIdleTimeMs=0 mTxTimeMs[]=[0, 0, 0, 0, 0] mRxTimeMs=0 mEnergyUsed=0}
05-09 11:55:46.310  1701  2448 I ActivityManager: Force stopping com.sheygam.contactapp appid=10083 user=0: from pid 26518
05-09 11:55:46.310  1701  2448 I ActivityManager: Killing 26298:com.sheygam.contactapp/u0a83 (adj 0): stop com.sheygam.contactapp
05-09 11:55:46.311  1701  2448 W ActivityManager: Force removing ActivityRecord{4b9f9a4 u0 com.sheygam.contactapp/.ContactList t117}: app died, no saved state
05-09 11:55:46.319  1701  2448 I WindowManager: Failed to capture screenshot of Token{617730d ActivityRecord{4b9f9a4 u0 com.sheygam.contactapp/.ContactList t117 f}} appWin=Window{8553309 u0 com.sheygam.contactapp/com.sheygam.contactapp.ContactList} drawState=4
05-09 11:55:46.376  1701  1724 W ActivityManager: setHasOverlayUi called on unknown pid: 26298
05-09 11:55:46.911  1701  2448 W WindowManager: removeWindowToken: Attempted to remove non-existing token: android.os.Binder@602f86d
05-09 11:55:46.916  1701  6139 I ActivityManager: Force stopping io.appium.uiautomator2.server appid=10085 user=0: finished inst
05-09 11:55:46.916  1701  6139 I ActivityManager: Killing 26252:io.appium.uiautomator2.server/u0a85 (adj 0): stop io.appium.uiautomator2.server
05-09 11:55:49.325  1701  1850 E TaskPersister: File error accessing recents directory (directory doesn't exist?).
05-09 11:56:03.772  1701  1720 E BatteryStatsService: modem info is invalid: ModemActivityInfo{ mTimestamp=0 mSleepTimeMs=0 mIdleTimeMs=0 mTxTimeMs[]=[0, 0, 0, 0, 0] mRxTimeMs=0 mEnergyUsed=0}
05-09 11:56:45.252  1701  1726 I PowerManagerService: Going to sleep due to screen timeout (uid 1000)...
05-09 11:56:45.252  1701  1726 I PowerManagerService: Sleeping (uid 1000)...
05-09 11:56:45.781  1701  1726 I DisplayPowerController: Blocking screen off
05-09 11:56:45.785  1701  1726 I DisplayPowerController: Unblocked screen off after 4 ms
05-09 11:56:45.786  1701  1726 E KernelCpuSpeedReader: Failed to read cpu-freq: /sys/devices/system/cpu/cpu0/cpufreq/stats/time_in_state (No such file or directory)
05-09 11:56:45.788  1701  1724 I DisplayManagerService: Display device changed state: "Built-in Screen", OFF
05-09 11:56:45.790  1701  1760 W LocalDisplayAdapter: Unable to find color mode 0, ignoring request.
05-09 11:56:50.793  1701  1717 E KernelCpuSpeedReader: Failed to read cpu-freq: /sys/devices/system/cpu/cpu0/cpufreq/stats/time_in_state (No such file or directory)
05-09 11:56:56.518  1701  1717 I chatty  : uid=1000(system) ActivityManager identical 1 line
05-09 11:57:02.522  1701  1717 E KernelCpuSpeedReader: Failed to read cpu-freq: /sys/devices/system/cpu/cpu0/cpufreq/stats/time_in_state (No such file or directory)
05-09 11:57:04.815  1701  1776 I PowerManagerService: Waking up from sleep (uid 1000)...
05-09 11:57:04.817  1701  1717 W BroadcastQueue: Background execution not allowed: receiving Intent { act=android.intent.action.USER_PRESENT flg=0x24200010 } to com.android.chrome/org.chromium.chrome.browser.sharing.click_to_call.ClickToCallMessageHandler$PhoneUnlockedReceiver
05-09 11:57:04.818  1701  1717 W BroadcastQueue: Background execution not allowed: receiving Intent { act=android.intent.action.USER_PRESENT flg=0x24200010 } to com.google.android.gms/.auth.setup.devicesignals.LockScreenReceiver
05-09 11:57:04.818  1701  1717 W BroadcastQueue: Background execution not allowed: receiving Intent { act=android.intent.action.USER_PRESENT flg=0x24200010 } to com.google.android.gms/.chimera.GmsIntentOperationService$PersistentTrustedReceiver
05-09 11:57:04.818  1701  1726 E KernelCpuSpeedReader: Failed to read cpu-freq: /sys/devices/system/cpu/cpu0/cpufreq/stats/time_in_state (No such file or directory)
05-09 11:57:04.819  1701  1726 I DisplayPowerController: Blocking screen on until initial contents have been drawn.
05-09 11:57:04.821  1701  1726 W LocalDisplayAdapter: Unable to find color mode 0, ignoring request.
05-09 11:57:04.832  1701  1724 I DisplayManagerService: Display device changed state: "Built-in Screen", ON
05-09 11:57:04.833  1701  1760 W LocalDisplayAdapter: Unable to find color mode 0, ignoring request.
05-09 11:57:04.874  1701  1726 I DisplayPowerController: Unblocked screen on after 55 ms
05-09 11:57:08.520  1701  1717 E KernelCpuSpeedReader: Failed to read cpu-freq: /sys/devices/system/cpu/cpu0/cpufreq/stats/time_in_state (No such file or directory)
05-09 11:58:04.815  1701  1726 I PowerManagerService: Going to sleep due to screen timeout (uid 1000)...
05-09 11:58:04.815  1701  1726 I PowerManagerService: Sleeping (uid 1000)...
05-09 11:58:05.333  1701  1726 I DisplayPowerController: Blocking screen off
05-09 11:58:05.336  1701  1726 I DisplayPowerController: Unblocked screen off after 4 ms
05-09 11:58:05.337  1701  1726 E KernelCpuSpeedReader: Failed to read cpu-freq: /sys/devices/system/cpu/cpu0/cpufreq/stats/time_in_state (No such file or directory)
05-09 11:58:05.339  1701  1724 I DisplayManagerService: Display device changed state: "Built-in Screen", OFF
05-09 11:58:05.340  1701  1760 W LocalDisplayAdapter: Unable to find color mode 0, ignoring request.
05-09 11:58:10.343  1701  1717 E KernelCpuSpeedReader: Failed to read cpu-freq: /sys/devices/system/cpu/cpu0/cpufreq/stats/time_in_state (No such file or directory)
05-09 11:59:26.608  1701  1717 I chatty  : uid=1000(system) ActivityManager identical 13 lines
05-09 11:59:32.613  1701  1717 E KernelCpuSpeedReader: Failed to read cpu-freq: /sys/devices/system/cpu/cpu0/cpufreq/stats/time_in_state (No such file or directory)
05-09 11:59:33.573  1701  1720 E BatteryStatsService: modem info is invalid: ModemActivityInfo{ mTimestamp=0 mSleepTimeMs=0 mIdleTimeMs=0 mTxTimeMs[]=[0, 0, 0, 0, 0] mRxTimeMs=0 mEnergyUsed=0}
05-09 11:59:38.577  1701  1717 E KernelCpuSpeedReader: Failed to read cpu-freq: /sys/devices/system/cpu/cpu0/cpufreq/stats/time_in_state (No such file or directory)
05-09 12:00:06.630  1701  1717 I chatty  : uid=1000(system) ActivityManager identical 5 lines
05-09 12:00:12.638  1701  1717 E KernelCpuSpeedReader: Failed to read cpu-freq: /sys/devices/system/cpu/cpu0/cpufreq/stats/time_in_state (No such file or directory)
05-09 12:00:14.958  1701  1716 I ProcessStatsService: Pruning old procstats: /data/system/procstats/state-2024-05-03-17-48-53.bin
05-09 12:00:18.638  1701  1717 E KernelCpuSpeedReader: Failed to read cpu-freq: /sys/devices/system/cpu/cpu0/cpufreq/stats/time_in_state (No such file or directory)
05-09 12:05:58.846  1701  1717 I chatty  : uid=1000(system) ActivityManager identical 58 lines
05-09 12:06:04.850  1701  1717 E KernelCpuSpeedReader: Failed to read cpu-freq: /sys/devices/system/cpu/cpu0/cpufreq/stats/time_in_state (No such file or directory)
05-09 12:06:05.360  1701  1701 I ActivityManager: Start proc 26719:com.google.android.partnersetup/u0a16 for service com.google.android.partnersetup/.InstalledAppJobService
05-09 12:06:10.349  1701  1717 E KernelCpuSpeedReader: Failed to read cpu-freq: /sys/devices/system/cpu/cpu0/cpufreq/stats/time_in_state (No such file or directory)
05-09 12:06:20.859  1701  1717 I chatty  : uid=1000(system) ActivityManager identical 2 lines
05-09 12:06:26.862  1701  1717 E KernelCpuSpeedReader: Failed to read cpu-freq: /sys/devices/system/cpu/cpu0/cpufreq/stats/time_in_state (No such file or directory)
05-09 12:06:27.457  1701  6144 I ActivityManager: Killing 25221:com.google.android.dialer/u0a17 (adj 906): empty for 2115s
05-09 12:06:32.866  1701  1717 E KernelCpuSpeedReader: Failed to read cpu-freq: /sys/devices/system/cpu/cpu0/cpufreq/stats/time_in_state (No such file or directory)
05-09 12:07:20.893  1701  1717 I chatty  : uid=1000(system) ActivityManager identical 8 lines
05-09 12:07:26.900  1701  1717 E KernelCpuSpeedReader: Failed to read cpu-freq: /sys/devices/system/cpu/cpu0/cpufreq/stats/time_in_state (No such file or directory)
05-09 12:07:28.812  1701  1720 E BatteryStatsService: modem info is invalid: ModemActivityInfo{ mTimestamp=0 mSleepTimeMs=0 mIdleTimeMs=0 mTxTimeMs[]=[0, 0, 0, 0, 0] mRxTimeMs=0 mEnergyUsed=0}
05-09 12:07:32.901  1701  1717 E KernelCpuSpeedReader: Failed to read cpu-freq: /sys/devices/system/cpu/cpu0/cpufreq/stats/time_in_state (No such file or directory)
05-09 12:07:38.904  1701  1717 I chatty  : uid=1000(system) ActivityManager identical 1 line
05-09 12:07:44.908  1701  1717 E KernelCpuSpeedReader: Failed to read cpu-freq: /sys/devices/system/cpu/cpu0/cpufreq/stats/time_in_state (No such file or directory)
05-09 12:07:47.334  1701  1716 I UsageStatsService: User[0] Flushing usage stats to disk
05-09 12:07:50.911  1701  1717 E KernelCpuSpeedReader: Failed to read cpu-freq: /sys/devices/system/cpu/cpu0/cpufreq/stats/time_in_state (No such file or directory)
05-09 12:10:59.026  1701  1717 I chatty  : uid=1000(system) ActivityManager identical 32 lines
05-09 12:11:05.066  1701  1717 E KernelCpuSpeedReader: Failed to read cpu-freq: /sys/devices/system/cpu/cpu0/cpufreq/stats/time_in_state (No such file or directory)
05-09 12:11:06.573  1701  1720 E BatteryStatsService: modem info is invalid: ModemActivityInfo{ mTimestamp=0 mSleepTimeMs=0 mIdleTimeMs=0 mTxTimeMs[]=[0, 0, 0, 0, 0] mRxTimeMs=0 mEnergyUsed=0}
05-09 12:11:11.037  1701  1717 E KernelCpuSpeedReader: Failed to read cpu-freq: /sys/devices/system/cpu/cpu0/cpufreq/stats/time_in_state (No such file or directory)
05-09 12:17:19.265  1701  1717 I chatty  : uid=1000(system) ActivityManager identical 61 lines
05-09 12:17:25.269  1701  1717 E KernelCpuSpeedReader: Failed to read cpu-freq: /sys/devices/system/cpu/cpu0/cpufreq/stats/time_in_state (No such file or directory)
05-09 12:17:26.292  1701  1720 E BatteryStatsService: modem info is invalid: ModemActivityInfo{ mTimestamp=0 mSleepTimeMs=0 mIdleTimeMs=0 mTxTimeMs[]=[0, 0, 0, 0, 0] mRxTimeMs=0 mEnergyUsed=0}
05-09 12:17:31.273  1701  1717 E KernelCpuSpeedReader: Failed to read cpu-freq: /sys/devices/system/cpu/cpu0/cpufreq/stats/time_in_state (No such file or directory)
05-09 12:24:35.524  1701  1717 I chatty  : uid=1000(system) ActivityManager identical 71 lines
05-09 12:24:41.528  1701  1717 E KernelCpuSpeedReader: Failed to read cpu-freq: /sys/devices/system/cpu/cpu0/cpufreq/stats/time_in_state (No such file or directory)
05-09 12:24:45.351  1701  1720 E KernelCpuSpeedReader: Failed to read cpu-freq: /sys/devices/system/cpu/cpu0/cpufreq/stats/time_in_state (No such file or directory)
05-09 12:24:45.352  1701  1720 E BatteryStatsService: modem info is invalid: ModemActivityInfo{ mTimestamp=0 mSleepTimeMs=0 mIdleTimeMs=0 mTxTimeMs[]=[0, 0, 0, 0, 0] mRxTimeMs=0 mEnergyUsed=0}
05-09 12:24:47.530  1701  1717 E KernelCpuSpeedReader: Failed to read cpu-freq: /sys/devices/system/cpu/cpu0/cpufreq/stats/time_in_state (No such file or directory)
05-09 12:25:56.580  1701  1717 I chatty  : uid=1000(system) ActivityManager identical 12 lines
05-09 12:26:02.575  1701  1717 E KernelCpuSpeedReader: Failed to read cpu-freq: /sys/devices/system/cpu/cpu0/cpufreq/stats/time_in_state (No such file or directory)
05-09 12:26:06.332  1701  1720 E BatteryStatsService: modem info is invalid: ModemActivityInfo{ mTimestamp=0 mSleepTimeMs=0 mIdleTimeMs=0 mTxTimeMs[]=[0, 0, 0, 0, 0] mRxTimeMs=0 mEnergyUsed=0}
05-09 12:26:08.582  1701  1717 E KernelCpuSpeedReader: Failed to read cpu-freq: /sys/devices/system/cpu/cpu0/cpufreq/stats/time_in_state (No such file or directory)
05-09 12:27:25.630  1701  1717 I chatty  : uid=1000(system) ActivityManager identical 13 lines
05-09 12:27:30.642  1701  1717 E KernelCpuSpeedReader: Failed to read cpu-freq: /sys/devices/system/cpu/cpu0/cpufreq/stats/time_in_state (No such file or directory)
05-13 17:56:33.204  1701  1701 D ConditionProviders.SCP: onReceive android.intent.action.TIME_SET
05-13 17:56:33.351  1701  1701 D ConditionProviders.SCP: notifyCondition condition://android/schedule?days=6.7&start=23.30&end=10.0&exitAtAlarm=false STATE_FALSE reason=!meetsSchedule
05-13 17:56:33.367  1701  1701 D ConditionProviders.SCP: notifyCondition condition://android/schedule?days=1.2.3.4.5&start=22.0&end=7.0&exitAtAlarm=false STATE_FALSE reason=!meetsSchedule
05-13 17:56:33.387  1701  1701 D ConditionProviders.SCP: Scheduling evaluate for Mon May 13 22:00:00 GMT+00:00 2024 (1715637600000), in +4h3m26s795ms, now=Mon May 13 17:56:33 GMT+00:00 2024 (1715622993205)
05-13 17:56:33.387  1701  1701 D ConditionProviders.SCP: onReceive ScheduleConditionProvider.EVALUATE
05-13 17:56:33.387  1701  1701 D ConditionProviders.SCP: notifyCondition condition://android/schedule?days=6.7&start=23.30&end=10.0&exitAtAlarm=false STATE_FALSE reason=!meetsSchedule
05-13 17:56:33.388  1701  1701 D ConditionProviders.SCP: notifyCondition condition://android/schedule?days=1.2.3.4.5&start=22.0&end=7.0&exitAtAlarm=false STATE_FALSE reason=!meetsSchedule
05-13 17:56:33.389  1701  1701 D ConditionProviders.SCP: Scheduling evaluate for Mon May 13 22:00:00 GMT+00:00 2024 (1715637600000), in +4h3m26s613ms, now=Mon May 13 17:56:33 GMT+00:00 2024 (1715622993387)
05-13 17:56:33.695  1701  1836 W ActivityManager: Slow operation: 256ms so far, now at startProcess: returned from zygote!
05-13 17:56:33.696  1701  1836 W ActivityManager: Slow operation: 257ms so far, now at startProcess: done updating battery stats
05-13 17:56:33.697  1701  1836 W ActivityManager: Slow operation: 258ms so far, now at startProcess: building log message
05-13 17:56:33.697  1701  1836 I ActivityManager: Start proc 27177:com.android.providers.calendar/u0a3 for content provider com.android.providers.calendar/.CalendarProvider2
05-13 17:56:33.697  1701  1836 W ActivityManager: Slow operation: 258ms so far, now at startProcess: starting to update pids map
05-13 17:56:33.697  1701  1836 W ActivityManager: Slow operation: 258ms so far, now at startProcess: done updating pids map
05-13 17:56:33.697  1701  1836 W ActivityManager: Slow operation: 264ms so far, now at startProcess: done starting proc!
05-13 17:56:33.697  1701  1836 W ActivityManager: Slow operation: 270ms so far, now at getContentProviderImpl: after start process
05-13 17:56:33.697  1701  1836 W ActivityManager: Slow operation: 270ms so far, now at getContentProviderImpl: updating data structures
05-13 17:56:33.698  1701  1836 W ActivityManager: Slow operation: 271ms so far, now at getContentProviderImpl: done!
05-13 17:56:33.699  1701  1718 W Looper  : Dispatch took 261ms on android.ui, h=Handler (com.android.server.am.ActivityManagerService$UiHandler) {fe077a5} cb=null msg=53
05-13 17:56:33.865  1701  1716 I UsageStatsService: Time changed in UsageStats by 365341 seconds
05-13 17:56:33.892  1701  1716 I UsageStatsDatabase: Time changed by +4d5h29m1s461ms. files deleted: 0 files moved: 9
05-13 17:56:34.011  1701  1716 I UsageStatsService: User[0] Rollover scheduled @ 2024-05-14 03:54:15(1715658855442)
05-13 17:56:34.112  1701  1776 I PowerManagerService: Waking up from sleep (uid 1000)...
05-13 17:56:34.123  1701  1726 E KernelCpuSpeedReader: Failed to read cpu-freq: /sys/devices/system/cpu/cpu0/cpufreq/stats/time_in_state (No such file or directory)
05-13 17:56:34.136  1701  2448 W ActivityManager: Slow operation: 52ms so far, now at startProcess: returned from zygote!
05-13 17:56:34.150  1701  1726 I DisplayPowerController: Blocking screen on until initial contents have been drawn.
05-13 17:56:34.150  1701  2448 W ActivityManager: Slow operation: 66ms so far, now at startProcess: done updating battery stats
05-13 17:56:34.150  1701  2448 W ActivityManager: Slow operation: 66ms so far, now at startProcess: building log message
05-13 17:56:34.150  1701  2448 I ActivityManager: Start proc 27198:com.google.android.apps.maps/u0a59 for broadcast com.google.android.apps.maps/androidx.work.impl.background.systemalarm.RescheduleReceiver
05-13 17:56:34.150  1701  2448 W ActivityManager: Slow operation: 66ms so far, now at startProcess: starting to update pids map
05-13 17:56:34.150  1701  2448 W ActivityManager: Slow operation: 66ms so far, now at startProcess: done updating pids map
05-13 17:56:34.150  1701  2448 W ActivityManager: Slow operation: 68ms so far, now at startProcess: done starting proc!
05-13 17:56:34.243  1701  1724 I DisplayManagerService: Display device changed state: "Built-in Screen", ON
05-13 17:56:34.269  1701  1760 W LocalDisplayAdapter: Unable to find color mode 0, ignoring request.
05-13 17:56:34.366  1701  1718 W Looper  : Dispatch took 157ms on android.ui, h=Handler (com.android.server.am.ActivityManagerService$UiHandler) {fe077a5} cb=null msg=53
05-13 17:56:34.798  1701  1726 I DisplayPowerController: Unblocked screen on after 648 ms
05-13 17:56:34.844  1701  3844 W PowerManagerService: Screen on took 761 ms
05-13 17:56:36.464  1701  1712 D ConnectivityService: requestNetwork for uid/pid:10059/27198 NetworkRequest [ TRACK_DEFAULT id=346, [ Capabilities: INTERNET&NOT_RESTRICTED&TRUSTED&NOT_VPN] ]
05-13 17:56:36.551  1701  2037 I ActivityManager: Start proc 27243:com.google.android.apps.messaging/u0a66 for broadcast com.google.android.apps.messaging/androidx.work.impl.background.systemalarm.RescheduleReceiver
05-13 17:56:36.551  1701  2037 I ActivityManager: Killing 25255:com.google.android.youtube/u0a78 (adj 906): empty for 2516s
05-13 17:56:36.615  1701  2448 D ConnectivityService: ConnectivityService NetworkRequestInfo binderDied(NetworkRequest [ TRACK_DEFAULT id=339, [ Capabilities: INTERNET&NOT_RESTRICTED&TRUSTED&NOT_VPN] ], android.os.BinderProxy@2364cb2)
05-13 17:56:36.616  1701  6144 D ConnectivityService: ConnectivityService NetworkRequestInfo binderDied(NetworkRequest [ TRACK_DEFAULT id=340, [ Capabilities: INTERNET&NOT_RESTRICTED&TRUSTED&NOT_VPN] ], android.os.BinderProxy@291403)
05-13 17:56:36.616  1701  2448 D ConnectivityService: ConnectivityService NetworkRequestInfo binderDied(NetworkRequest [ LISTEN id=338, [ Capabilities: INTERNET&NOT_RESTRICTED&TRUSTED&FOREGROUND] ], android.os.BinderProxy@2e89f80)
05-13 17:56:36.617  1701  1830 D ConnectivityService: releasing NetworkRequest [ TRACK_DEFAULT id=339, [ Capabilities: INTERNET&NOT_RESTRICTED&TRUSTED&NOT_VPN] ] (CALLBACK_RELEASED)
05-13 17:56:36.622  1701  1830 E ConnectivityService: RemoteException caught trying to send a callback msg for NetworkRequest [ TRACK_DEFAULT id=339, [ Capabilities: INTERNET&NOT_RESTRICTED&TRUSTED&NOT_VPN] ]
05-13 17:56:36.624  1701  3844 D ConnectivityService: ConnectivityService NetworkRequestInfo binderDied(NetworkRequest [ TRACK_DEFAULT id=341, [ Capabilities: INTERNET&NOT_RESTRICTED&TRUSTED&NOT_VPN] ], android.os.BinderProxy@aa519b9)
05-13 17:56:36.624  1701  1830 D ConnectivityService: releasing NetworkRequest [ TRACK_DEFAULT id=340, [ Capabilities: INTERNET&NOT_RESTRICTED&TRUSTED&NOT_VPN] ] (CALLBACK_RELEASED)
05-13 17:56:36.625  1701  1830 E ConnectivityService: RemoteException caught trying to send a callback msg for NetworkRequest [ TRACK_DEFAULT id=340, [ Capabilities: INTERNET&NOT_RESTRICTED&TRUSTED&NOT_VPN] ]
05-13 17:56:36.627  1701  1830 E ConnectivityService: RemoteException caught trying to send a callback msg for NetworkRequest [ LISTEN id=338, [ Capabilities: INTERNET&NOT_RESTRICTED&TRUSTED&FOREGROUND] ]
05-13 17:56:36.628  1701  1830 D ConnectivityService: releasing NetworkRequest [ TRACK_DEFAULT id=341, [ Capabilities: INTERNET&NOT_RESTRICTED&TRUSTED&NOT_VPN] ] (CALLBACK_RELEASED)
05-13 17:56:36.629  1701  1830 E ConnectivityService: RemoteException caught trying to send a callback msg for NetworkRequest [ TRACK_DEFAULT id=341, [ Capabilities: INTERNET&NOT_RESTRICTED&TRUSTED&NOT_VPN] ]
05-13 17:56:37.689  1701  2017 I ActivityManager: Start proc 27287:com.google.android.apps.tachyon/u0a45 for broadcast com.google.android.apps.tachyon/androidx.work.impl.background.systemalarm.RescheduleReceiver
05-13 17:56:37.967  1701  1717 E KernelCpuSpeedReader: Failed to read cpu-freq: /sys/devices/system/cpu/cpu0/cpufreq/stats/time_in_state (No such file or directory)
05-13 17:56:38.119  1701  2419 D ConnectivityService: requestNetwork for uid/pid:10066/27243 NetworkRequest [ TRACK_DEFAULT id=347, [ Capabilities: INTERNET&NOT_RESTRICTED&TRUSTED&NOT_VPN] ]
05-13 17:56:38.711  1701  2419 W ActivityManager: Background start not allowed: service Intent { cmp=com.google.android.apps.messaging/com.google.apps.tiktok.concurrent.AndroidFuturesService (has extras) } to com.google.android.apps.messaging/com.google.apps.tiktok.concurrent.AndroidFuturesService from pid=27243 uid=10066 pkg=com.google.android.apps.messaging
05-13 17:56:39.139  1701  2364 I ActivityManager: Start proc 27374:com.google.android.apps.messaging:rcs/u0a66 for service com.google.android.apps.messaging/com.google.android.ims.service.JibeService
05-13 17:56:39.249  1701  2448 I ActivityManager: Start proc 27394:com.google.android.calendar/u0a46 for broadcast com.google.android.calendar/com.android.calendar.widget.CalendarAppWidgetProvider
05-13 17:56:39.363  1701  1711 D ConnectivityService: requestNetwork for uid/pid:10045/27287 NetworkRequest [ TRACK_DEFAULT id=350, [ Capabilities: INTERNET&NOT_RESTRICTED&TRUSTED&NOT_VPN] ]
05-13 17:56:39.665  1701  2448 I ActivityManager: Start proc 27451:com.google.android.deskclock/u0a65 for broadcast com.google.android.deskclock/com.android.deskclock.AlarmInitReceiver
05-13 17:56:39.966  1701  3846 I ActivityManager: Killing 25672:com.android.printspooler/u0a68 (adj 906): empty for 2375s
05-13 17:56:40.034 27451 27488 E ActivityThread: Failed to find provider info for com.google.android.apps.wellbeing.api
05-13 17:56:40.057  1701  2419 D ConnectivityService: requestNetwork for uid/pid:10066/27374 NetworkRequest [ TRACK_DEFAULT id=351, [ Capabilities: INTERNET&NOT_RESTRICTED&TRUSTED&NOT_VPN] ]
05-13 17:56:40.070  1701  1901 I ActivityManager: Killing 25477:com.android.defcontainer/u0a7 (adj 906): empty for 1950s
05-13 17:56:40.130  1701  2448 I ActivityManager: Start proc 27496:com.google.android.tts/u0a54 for broadcast com.google.android.tts/androidx.work.impl.background.systemalarm.RescheduleReceiver
05-13 17:56:40.203  1701  1830 D ConnectivityService: releasing NetworkRequest [ TRACK_DEFAULT id=351, [ Capabilities: INTERNET&NOT_RESTRICTED&TRUSTED&NOT_VPN] ] (CALLBACK_RELEASED)
05-13 17:56:40.212 27374 27374 E ActivityThread: Service com.google.android.ims.service.JibeService has leaked IntentReceiver com.google.android.ims.receiver.sip.DebugOptionsReceiver@67a05cd that was originally registered here. Are you missing a call to unregisterReceiver()?
05-13 17:56:40.212 27374 27374 E ActivityThread: android.app.IntentReceiverLeaked: Service com.google.android.ims.service.JibeService has leaked IntentReceiver com.google.android.ims.receiver.sip.DebugOptionsReceiver@67a05cd that was originally registered here. Are you missing a call to unregisterReceiver()?
05-13 17:56:40.212 27374 27374 E ActivityThread: 	at android.app.LoadedApk$ReceiverDispatcher.<init>(LoadedApk.java:1333)
05-13 17:56:40.212 27374 27374 E ActivityThread: 	at android.app.LoadedApk.getReceiverDispatcher(LoadedApk.java:1114)
05-13 17:56:40.212 27374 27374 E ActivityThread: 	at android.app.ContextImpl.registerReceiverInternal(ContextImpl.java:1405)
05-13 17:56:40.212 27374 27374 E ActivityThread: 	at android.app.ContextImpl.registerReceiver(ContextImpl.java:1385)
05-13 17:56:40.212 27374 27374 E ActivityThread: 	at android.content.ContextWrapper.registerReceiver(ContextWrapper.java:624)
05-13 17:56:40.212 27374 27374 E ActivityThread: 	at jmr.b(PG:53)
05-13 17:56:40.212 27374 27374 E ActivityThread: 	at jmv.g(PG:24)
05-13 17:56:40.212 27374 27374 E ActivityThread: 	at jmv.f(PG:2)
05-13 17:56:40.212 27374 27374 E ActivityThread: 	at com.google.android.ims.receiver.sip.DebugOptionsReceiver.a(PG:17)
05-13 17:56:40.212 27374 27374 E ActivityThread: 	at cgzq.a(PG:59)
05-13 17:56:40.212 27374 27374 E ActivityThread: 	at cjgr.run(PG:209)
05-13 17:56:40.212 27374 27374 E ActivityThread: 	at android.os.Handler.handleCallback(Handler.java:789)
05-13 17:56:40.212 27374 27374 E ActivityThread: 	at android.os.Handler.dispatchMessage(Handler.java:98)
05-13 17:56:40.212 27374 27374 E ActivityThread: 	at android.os.Looper.loop(Looper.java:164)
05-13 17:56:40.212 27374 27374 E ActivityThread: 	at android.os.HandlerThread.run(HandlerThread.java:65)
05-13 17:56:40.212  1701  3843 I ActivityManager: Killing 24295:com.android.chrome/u0a43 (adj 906): empty for 1950s
05-13 17:56:40.222 27374 27374 E ActivityThread: Service com.google.android.ims.service.JibeService has leaked IntentReceiver cjgk@9471e82 that was originally registered here. Are you missing a call to unregisterReceiver()?
05-13 17:56:40.222 27374 27374 E ActivityThread: android.app.IntentReceiverLeaked: Service com.google.android.ims.service.JibeService has leaked IntentReceiver cjgk@9471e82 that was originally registered here. Are you missing a call to unregisterReceiver()?
05-13 17:56:40.222 27374 27374 E ActivityThread: 	at android.app.LoadedApk$ReceiverDispatcher.<init>(LoadedApk.java:1333)
05-13 17:56:40.222 27374 27374 E ActivityThread: 	at android.app.LoadedApk.getReceiverDispatcher(LoadedApk.java:1114)
05-13 17:56:40.222 27374 27374 E ActivityThread: 	at android.app.ContextImpl.registerReceiverInternal(ContextImpl.java:1405)
05-13 17:56:40.222 27374 27374 E ActivityThread: 	at android.app.ContextImpl.registerReceiver(ContextImpl.java:1378)
05-13 17:56:40.222 27374 27374 E ActivityThread: 	at android.app.ContextImpl.registerReceiver(ContextImpl.java:1366)
05-13 17:56:40.222 27374 27374 E ActivityThread: 	at android.content.ContextWrapper.registerReceiver(ContextWrapper.java:603)
05-13 17:56:40.222 27374 27374 E ActivityThread: 	at cjgk.a(PG:22)
05-13 17:56:40.222 27374 27374 E ActivityThread: 	at cgzq.a(PG:62)
05-13 17:56:40.222 27374 27374 E ActivityThread: 	at cjgr.run(PG:209)
05-13 17:56:40.222 27374 27374 E ActivityThread: 	at android.os.Handler.handleCallback(Handler.java:789)
05-13 17:56:40.222 27374 27374 E ActivityThread: 	at android.os.Handler.dispatchMessage(Handler.java:98)
05-13 17:56:40.222 27374 27374 E ActivityThread: 	at android.os.Looper.loop(Looper.java:164)
05-13 17:56:40.222 27374 27374 E ActivityThread: 	at android.os.HandlerThread.run(HandlerThread.java:65)
05-13 17:56:40.500  1701  3843 I ActivityManager: Start proc 27538:com.google.android.videos/u0a72 for broadcast com.google.android.videos/androidx.work.impl.background.systemalarm.RescheduleReceiver
05-13 17:56:40.505  1701  1903 I ActivityManager: Killing 24644:com.android.documentsui/u0a11 (adj 906): empty for 1950s
05-13 17:56:40.657  1701  1830 D ConnectivityService: releasing NetworkRequest [ TRACK_DEFAULT id=350, [ Capabilities: INTERNET&NOT_RESTRICTED&TRUSTED&NOT_VPN] ] (CALLBACK_RELEASED)
05-13 17:56:40.816  1701  2017 D ConnectivityService: requestNetwork for uid/pid:10072/27538 NetworkRequest [ TRACK_DEFAULT id=352, [ Capabilities: INTERNET&NOT_RESTRICTED&TRUSTED&NOT_VPN] ]
05-13 17:56:40.912  1701  3845 D ConnectivityService: requestNetwork for uid/pid:10072/27538 NetworkRequest [ TRACK_DEFAULT id=353, [ Capabilities: INTERNET&NOT_RESTRICTED&TRUSTED&NOT_VPN] ]
05-13 17:56:40.937  1701  2419 I ActivityManager: Start proc 27579:com.google.android.youtube/u0a78 for broadcast com.google.android.youtube/androidx.work.impl.background.systemalarm.RescheduleReceiver
05-13 17:56:41.800  1701  3846 D ConnectivityService: requestNetwork for uid/pid:10078/27579 NetworkRequest [ TRACK_DEFAULT id=355, [ Capabilities: INTERNET&NOT_RESTRICTED&TRUSTED&NOT_VPN] ]
05-13 17:56:41.902  1701  3428 W ActivityManager: Background start not allowed: service Intent { cmp=com.google.android.apps.messaging/.shared.datamodel.action.execution.ActionExecutorImpl$EmptyService } to com.google.android.apps.messaging/.shared.datamodel.action.execution.ActionExecutorImpl$EmptyService from pid=27243 uid=10066 pkg=com.google.android.apps.messaging
05-13 17:56:41.908  1701  3845 W ActivityManager: Background start not allowed: service Intent { cmp=com.google.android.apps.messaging/.shared.datamodel.action.execution.ActionExecutorImpl$EmptyService } to com.google.android.apps.messaging/.shared.datamodel.action.execution.ActionExecutorImpl$EmptyService from pid=27243 uid=10066 pkg=com.google.android.apps.messaging
05-13 17:56:41.925  1701  6139 D ConnectivityService: requestNetwork for uid/pid:10078/27579 NetworkRequest [ TRACK_DEFAULT id=356, [ Capabilities: INTERNET&NOT_RESTRICTED&TRUSTED&NOT_VPN] ]
05-13 17:56:41.932  1701  2448 W ActivityManager: Background start not allowed: service Intent { cmp=com.google.android.apps.messaging/.shared.datamodel.action.execution.ActionExecutorImpl$EmptyService } to com.google.android.apps.messaging/.shared.datamodel.action.execution.ActionExecutorImpl$EmptyService from pid=27243 uid=10066 pkg=com.google.android.apps.messaging
05-13 17:56:41.943  1701  1711 I ActivityManager: Start proc 27671:com.google.android.apps.wallpaper/u0a73 for broadcast com.google.android.apps.wallpaper/.module.DailyLoggingAlarmReceiver
05-13 17:56:42.037  1701  2036 W BroadcastQueue: Background execution not allowed: receiving Intent { act=android.intent.action.USER_PRESENT flg=0x24200010 } to com.android.chrome/org.chromium.chrome.browser.sharing.click_to_call.ClickToCallMessageHandler$PhoneUnlockedReceiver
05-13 17:56:42.037  1701  1717 W BroadcastQueue: Background execution not allowed: receiving Intent { act=android.intent.action.USER_PRESENT flg=0x24200010 } to com.google.android.gms/.auth.setup.devicesignals.LockScreenReceiver
05-13 17:56:42.037  1701  1717 W BroadcastQueue: Background execution not allowed: receiving Intent { act=android.intent.action.USER_PRESENT flg=0x24200010 } to com.google.android.gms/.chimera.GmsIntentOperationService$PersistentTrustedReceiver
05-13 17:56:42.062  1701  1717 W BroadcastQueue: Permission Denial: broadcasting Intent { act=android.net.conn.CONNECTIVITY_CHANGE flg=0x4000010 (has extras) } from null (pid=-1, uid=-1) requires com.google.android.youtube.DYNAMIC_RECEIVER_NOT_EXPORTED_PERMISSION due to registered receiver BroadcastFilter{d78c283 u0 ReceiverList{255a532 27579 com.google.android.youtube/10078/u0 remote:408b93d}}
05-13 17:56:43.765  1701  3428 I ActivityManager: Start proc 27721:com.android.chrome/u0a43 for service com.android.chrome/org.chromium.chrome.browser.customtabs.CustomTabsConnectionService
05-13 17:56:44.004  1701  2036 D ConnectivityService: requestNetwork for uid/pid:10078/27579 NetworkRequest [ TRACK_DEFAULT id=357, [ Capabilities: INTERNET&NOT_RESTRICTED&TRUSTED&NOT_VPN] ]
05-13 17:56:52.376  1701  2037 W ActivityManager: Background start not allowed: service Intent { cmp=com.google.android.apps.messaging/.shared.datamodel.action.execution.ActionExecutorImpl$EmptyService } to com.google.android.apps.messaging/.shared.datamodel.action.execution.ActionExecutorImpl$EmptyService from pid=27243 uid=10066 pkg=com.google.android.apps.messaging
05-13 17:56:52.399  1701  8105 W ActivityManager: Background start not allowed: service Intent { cmp=com.google.android.apps.messaging/.shared.datamodel.action.execution.ActionExecutorImpl$EmptyService } to com.google.android.apps.messaging/.shared.datamodel.action.execution.ActionExecutorImpl$EmptyService from pid=27243 uid=10066 pkg=com.google.android.apps.messaging
05-13 17:56:52.931  1701  6144 D ConnectivityService: requestNetwork for uid/pid:10066/27374 NetworkRequest [ TRACK_DEFAULT id=358, [ Capabilities: INTERNET&NOT_RESTRICTED&TRUSTED&NOT_VPN] ]
05-13 17:56:53.320  1701  3843 W ActivityManager: Background start not allowed: service Intent { cmp=com.google.android.apps.messaging/.shared.datamodel.action.execution.ActionExecutorImpl$EmptyService } to com.google.android.apps.messaging/.shared.datamodel.action.execution.ActionExecutorImpl$EmptyService from pid=27243 uid=10066 pkg=com.google.android.apps.messaging
05-13 17:56:53.353  1701  3844 W ActivityManager: Background start not allowed: service Intent { cmp=com.google.android.apps.messaging/.shared.datamodel.action.execution.ActionExecutorImpl$EmptyService } to com.google.android.apps.messaging/.shared.datamodel.action.execution.ActionExecutorImpl$EmptyService from pid=27243 uid=10066 pkg=com.google.android.apps.messaging
05-13 17:56:53.425  1701  1830 D ConnectivityService: releasing NetworkRequest [ TRACK_DEFAULT id=358, [ Capabilities: INTERNET&NOT_RESTRICTED&TRUSTED&NOT_VPN] ] (CALLBACK_RELEASED)
05-13 17:56:53.655  1701  1720 E BatteryStatsService: modem info is invalid: ModemActivityInfo{ mTimestamp=0 mSleepTimeMs=0 mIdleTimeMs=0 mTxTimeMs[]=[0, 0, 0, 0, 0] mRxTimeMs=0 mEnergyUsed=0}
05-13 17:56:58.372  1701  2313 W ActivityManager: Background start not allowed: service Intent { cmp=com.google.android.apps.messaging/.shared.datamodel.action.execution.ActionExecutorImpl$EmptyService } to com.google.android.apps.messaging/.shared.datamodel.action.execution.ActionExecutorImpl$EmptyService from pid=27243 uid=10066 pkg=com.google.android.apps.messaging
05-13 17:56:58.374  1701  2448 W ActivityManager: Background start not allowed: service Intent { cmp=com.google.android.apps.messaging/.shared.datamodel.action.execution.ActionExecutorImpl$EmptyService } to com.google.android.apps.messaging/.shared.datamodel.action.execution.ActionExecutorImpl$EmptyService from pid=27243 uid=10066 pkg=com.google.android.apps.messaging
05-13 17:56:58.465  1701  6139 W ActivityManager: Background start not allowed: service Intent { cmp=com.google.android.apps.messaging/.shared.datamodel.action.execution.ActionExecutorImpl$EmptyService } to com.google.android.apps.messaging/.shared.datamodel.action.execution.ActionExecutorImpl$EmptyService from pid=27243 uid=10066 pkg=com.google.android.apps.messaging
05-13 17:57:34.084  1701  1726 I PowerManagerService: Going to sleep due to screen timeout (uid 1000)...
05-13 17:57:34.085  1701  1726 I PowerManagerService: Sleeping (uid 1000)...
05-13 17:57:34.755  1701  1726 I DisplayPowerController: Blocking screen off
05-13 17:57:34.762  1701  1726 I DisplayPowerController: Unblocked screen off after 7 ms
05-13 17:57:34.764  1701  1726 E KernelCpuSpeedReader: Failed to read cpu-freq: /sys/devices/system/cpu/cpu0/cpufreq/stats/time_in_state (No such file or directory)
05-13 17:57:34.767  1701  1724 I DisplayManagerService: Display device changed state: "Built-in Screen", OFF
05-13 17:57:34.769  1701  1760 W LocalDisplayAdapter: Unable to find color mode 0, ignoring request.
05-13 17:57:39.770  1701  1717 E KernelCpuSpeedReader: Failed to read cpu-freq: /sys/devices/system/cpu/cpu0/cpufreq/stats/time_in_state (No such file or directory)
05-13 17:58:46.061  1701  1717 I chatty  : uid=1000(system) ActivityManager identical 13 lines
05-13 17:58:51.131  1701  1717 E KernelCpuSpeedReader: Failed to read cpu-freq: /sys/devices/system/cpu/cpu0/cpufreq/stats/time_in_state (No such file or directory)
05-13 17:58:52.410  1701  2437 W ActivityManager: Background start not allowed: service Intent { cmp=com.google.android.apps.messaging/.shared.datamodel.action.execution.ActionExecutorImpl$EmptyService } to com.google.android.apps.messaging/.shared.datamodel.action.execution.ActionExecutorImpl$EmptyService from pid=27243 uid=10066 pkg=com.google.android.apps.messaging
05-13 17:58:52.566  1701  2419 I ActivityManager: Start proc 27840:android.process.acore/u0a1 for content provider com.android.providers.contacts/.ContactsProvider2
05-13 17:58:52.570  1701  3846 I ActivityManager: Killing 26719:com.google.android.partnersetup/u0a16 (adj 906): empty #17
05-13 17:58:52.768  1701  3846 D CountryDetector: The first listener is added
05-13 17:58:56.154  1701  1717 E KernelCpuSpeedReader: Failed to read cpu-freq: /sys/devices/system/cpu/cpu0/cpufreq/stats/time_in_state (No such file or directory)
05-13 17:59:01.196  1701  1717 I chatty  : uid=1000(system) ActivityManager identical 1 line
05-13 17:59:06.242  1701  1717 E KernelCpuSpeedReader: Failed to read cpu-freq: /sys/devices/system/cpu/cpu0/cpufreq/stats/time_in_state (No such file or directory)
05-13 17:59:10.029  1701  1720 E BatteryStatsService: modem info is invalid: ModemActivityInfo{ mTimestamp=0 mSleepTimeMs=0 mIdleTimeMs=0 mTxTimeMs[]=[0, 0, 0, 0, 0] mRxTimeMs=0 mEnergyUsed=0}
05-13 17:59:11.265  1701  1717 E KernelCpuSpeedReader: Failed to read cpu-freq: /sys/devices/system/cpu/cpu0/cpufreq/stats/time_in_state (No such file or directory)
05-13 17:59:16.304  1701  1717 E KernelCpuSpeedReader: Failed to read cpu-freq: /sys/devices/system/cpu/cpu0/cpufreq/stats/time_in_state (No such file or directory)
05-13 17:59:18.963  1701  1701 I ActivityManager: Start proc 27879:com.google.android.dialer/u0a17 for service com.google.android.dialer/com.google.android.apps.dialer.spam.impl.SpamJobService
05-13 17:59:19.057  1701  3428 D CryptdConnector: SND -> {36 cryptfs getpwtype}
05-13 17:59:19.057  1385  1389 D VoldCryptCmdListener: cryptfs getpwtype
05-13 17:59:19.059  1701  1779 D CryptdConnector: RCV <- {213 36 default}
05-13 17:59:21.347  1701  1717 E KernelCpuSpeedReader: Failed to read cpu-freq: /sys/devices/system/cpu/cpu0/cpufreq/stats/time_in_state (No such file or directory)
05-13 17:59:26.409  1701  1717 I chatty  : uid=1000(system) ActivityManager identical 1 line
05-13 17:59:31.445  1701  1717 E KernelCpuSpeedReader: Failed to read cpu-freq: /sys/devices/system/cpu/cpu0/cpufreq/stats/time_in_state (No such file or directory)
05-13 17:59:36.080  1701  1720 E BatteryStatsService: modem info is invalid: ModemActivityInfo{ mTimestamp=0 mSleepTimeMs=0 mIdleTimeMs=0 mTxTimeMs[]=[0, 0, 0, 0, 0] mRxTimeMs=0 mEnergyUsed=0}
05-13 17:59:36.485  1701  1717 E KernelCpuSpeedReader: Failed to read cpu-freq: /sys/devices/system/cpu/cpu0/cpufreq/stats/time_in_state (No such file or directory)
05-13 17:59:39.895  1701  3843 I ActivityManager: Killing 25498:com.google.android.apps.docs/u0a51 (adj 906): empty #17
05-13 17:59:39.942  1701  3844 D ConnectivityService: ConnectivityService NetworkRequestInfo binderDied(NetworkRequest [ TRACK_DEFAULT id=342, [ Capabilities: INTERNET&NOT_RESTRICTED&TRUSTED&NOT_VPN] ], android.os.BinderProxy@cd0e81e)
05-13 17:59:39.942  1701  1830 D ConnectivityService: releasing NetworkRequest [ TRACK_DEFAULT id=342, [ Capabilities: INTERNET&NOT_RESTRICTED&TRUSTED&NOT_VPN] ] (CALLBACK_RELEASED)
05-13 17:59:39.944  1701  1830 E ConnectivityService: RemoteException caught trying to send a callback msg for NetworkRequest [ TRACK_DEFAULT id=342, [ Capabilities: INTERNET&NOT_RESTRICTED&TRUSTED&NOT_VPN] ]
05-13 17:59:42.502  1701  1717 E KernelCpuSpeedReader: Failed to read cpu-freq: /sys/devices/system/cpu/cpu0/cpufreq/stats/time_in_state (No such file or directory)
05-13 18:00:48.971  1701  1717 I chatty  : uid=1000(system) ActivityManager identical 13 lines
05-13 18:00:53.999  1701  1717 E KernelCpuSpeedReader: Failed to read cpu-freq: /sys/devices/system/cpu/cpu0/cpufreq/stats/time_in_state (No such file or directory)
05-13 18:00:57.878  1701  1720 E BatteryStatsService: modem info is invalid: ModemActivityInfo{ mTimestamp=0 mSleepTimeMs=0 mIdleTimeMs=0 mTxTimeMs[]=[0, 0, 0, 0, 0] mRxTimeMs=0 mEnergyUsed=0}
05-13 18:00:59.036  1701  1717 E KernelCpuSpeedReader: Failed to read cpu-freq: /sys/devices/system/cpu/cpu0/cpufreq/stats/time_in_state (No such file or directory)
05-13 18:01:04.061  1701  1717 I chatty  : uid=1000(system) ActivityManager identical 1 line
05-13 18:01:09.101  1701  1717 E KernelCpuSpeedReader: Failed to read cpu-freq: /sys/devices/system/cpu/cpu0/cpufreq/stats/time_in_state (No such file or directory)
05-13 18:01:11.128  1701  1720 E BatteryStatsService: modem info is invalid: ModemActivityInfo{ mTimestamp=0 mSleepTimeMs=0 mIdleTimeMs=0 mTxTimeMs[]=[0, 0, 0, 0, 0] mRxTimeMs=0 mEnergyUsed=0}
05-13 18:01:14.171  1701  1717 E KernelCpuSpeedReader: Failed to read cpu-freq: /sys/devices/system/cpu/cpu0/cpufreq/stats/time_in_state (No such file or directory)
05-13 18:01:39.350  1701  1717 I chatty  : uid=1000(system) ActivityManager identical 5 lines
05-13 18:01:44.386  1701  1717 E KernelCpuSpeedReader: Failed to read cpu-freq: /sys/devices/system/cpu/cpu0/cpufreq/stats/time_in_state (No such file or directory)
05-13 18:01:47.826  1701  3843 D ConnectivityService: Returning blocked NetworkInfo to uid=10072
05-13 18:01:49.430  1701  1717 E KernelCpuSpeedReader: Failed to read cpu-freq: /sys/devices/system/cpu/cpu0/cpufreq/stats/time_in_state (No such file or directory)
05-13 18:01:59.534  1701  1717 I chatty  : uid=1000(system) ActivityManager identical 2 lines
05-13 18:02:04.564  1701  1717 E KernelCpuSpeedReader: Failed to read cpu-freq: /sys/devices/system/cpu/cpu0/cpufreq/stats/time_in_state (No such file or directory)
05-13 18:02:04.883  1701  1720 E BatteryStatsService: modem info is invalid: ModemActivityInfo{ mTimestamp=0 mSleepTimeMs=0 mIdleTimeMs=0 mTxTimeMs[]=[0, 0, 0, 0, 0] mRxTimeMs=0 mEnergyUsed=0}
05-13 18:02:09.591  1701  1717 E KernelCpuSpeedReader: Failed to read cpu-freq: /sys/devices/system/cpu/cpu0/cpufreq/stats/time_in_state (No such file or directory)
05-13 18:02:19.667  1701  1717 I chatty  : uid=1000(system) ActivityManager identical 2 lines
05-13 18:02:24.695  1701  1717 E KernelCpuSpeedReader: Failed to read cpu-freq: /sys/devices/system/cpu/cpu0/cpufreq/stats/time_in_state (No such file or directory)
05-13 18:02:25.538  1701  2036 D ConnectivityService: reportNetworkConnectivity(101, false) by 10012
05-13 18:02:25.625  1701  1830 D ConnectivityService: NetworkAgentInfo [WIFI () - 101] validation passed
05-13 18:02:30.530  1701  1717 E KernelCpuSpeedReader: Failed to read cpu-freq: /sys/devices/system/cpu/cpu0/cpufreq/stats/time_in_state (No such file or directory)
