05-08 13:27:47.922  1701  1836 I ActivityManager: Start proc 14207:com.android.providers.calendar/u0a3 for content provider com.android.providers.calendar/.CalendarProvider2
05-08 13:27:47.922  1701  1836 W ActivityManager: Slow operation: 133ms so far, now at startProcess: starting to update pids map
05-08 13:27:47.922  1701  1836 W ActivityManager: Slow operation: 134ms so far, now at startProcess: done updating pids map
05-08 13:27:47.922  1701  1836 W ActivityManager: Slow operation: 135ms so far, now at startProcess: done starting proc!
05-08 13:27:47.922  1701  1836 W ActivityManager: Slow operation: 140ms so far, now at getContentProviderImpl: after start process
05-08 13:27:47.923  1701  1836 W ActivityManager: Slow operation: 140ms so far, now at getContentProviderImpl: updating data structures
05-08 13:27:47.924  1701  1836 W ActivityManager: Slow operation: 142ms so far, now at getContentProviderImpl: done!
05-08 13:27:47.926  1701  1718 W Looper  : Dispatch took 137ms on android.ui, h=Handler (com.android.server.am.ActivityManagerService$UiHandler) {fe077a5} cb=null msg=53
05-08 13:27:48.003  1701  3845 W ActivityManager: Slow operation: 73ms so far, now at attachApplicationLocked: immediately after bindApplication
05-08 13:27:48.003  1701  3845 W ActivityManager: Slow operation: 74ms so far, now at attachApplicationLocked: after updateLruProcessLocked
05-08 13:27:48.016  1701  3845 W ActivityManager: Slow operation: 87ms so far, now at attachApplicationLocked: after mServices.attachApplicationLocked
05-08 13:27:48.021  1701  3845 W ActivityManager: Slow operation: 92ms so far, now at attachApplicationLocked: after sendPendingBroadcastsLocked
05-08 13:27:48.076  1701  1716 I UsageStatsService: Time changed in UsageStats by 71853 seconds
05-08 13:27:48.077  1701  1716 I UsageStatsService: User[0] Flushing usage stats to disk
05-08 13:27:48.358  1701  1776 I PowerManagerService: Waking up from sleep (uid 1000)...
05-08 13:27:48.422  1701  1726 E KernelCpuSpeedReader: Failed to read cpu-freq: /sys/devices/system/cpu/cpu0/cpufreq/stats/time_in_state (No such file or directory)
05-08 13:27:48.448  1701  1716 I UsageStatsDatabase: Time changed by +19h57m33s440ms. files deleted: 0 files moved: 9
05-08 13:27:48.449  1701  1726 I DisplayPowerController: Blocking screen on until initial contents have been drawn.
05-08 13:27:48.525  1701  1716 I UsageStatsService: User[0] Rollover scheduled @ 2024-05-09 06:56:15(1715237775645)
05-08 13:27:48.640  1701  1726 W LocalDisplayAdapter: Unable to find color mode 0, ignoring request.
05-08 13:27:48.846  1701  1718 W Looper  : Dispatch took 126ms on android.ui, h=Handler (com.android.server.am.ActivityManagerService$UiHandler) {fe077a5} cb=null msg=30
05-08 13:27:48.848  1701  1724 I DisplayManagerService: Display device changed state: "Built-in Screen", ON
05-08 13:27:48.886  1701  1760 W LocalDisplayAdapter: Unable to find color mode 0, ignoring request.
05-08 13:27:49.929  1701  1726 I DisplayPowerController: Unblocked screen on after 1480 ms
05-08 13:27:49.935  1701  1726 W PowerManagerService: Screen on took 1650 ms
05-08 13:27:50.155  1701  1776 I PowerManagerService: Going to sleep due to power button (uid 1000)...
05-08 13:27:50.166  1701  1726 I PowerManagerService: Sleeping (uid 1000)...
05-08 13:27:50.693  1701  1720 E BatteryStatsService: modem info is invalid: ModemActivityInfo{ mTimestamp=0 mSleepTimeMs=0 mIdleTimeMs=0 mTxTimeMs[]=[0, 0, 0, 0, 0] mRxTimeMs=0 mEnergyUsed=0}
05-08 13:27:51.269  1701  1726 I DisplayPowerController: Blocking screen off
05-08 13:27:51.278  1701  1726 I DisplayPowerController: Unblocked screen off after 8 ms
05-08 13:27:51.282  1701  1726 E KernelCpuSpeedReader: Failed to read cpu-freq: /sys/devices/system/cpu/cpu0/cpufreq/stats/time_in_state (No such file or directory)
05-08 13:27:51.289  1701  1724 I DisplayManagerService: Display device changed state: "Built-in Screen", OFF
05-08 13:27:51.299  1701  1760 W LocalDisplayAdapter: Unable to find color mode 0, ignoring request.
05-08 13:27:51.869  1701  1717 E KernelCpuSpeedReader: Failed to read cpu-freq: /sys/devices/system/cpu/cpu0/cpufreq/stats/time_in_state (No such file or directory)
05-08 13:27:51.976  1701  1776 I PowerManagerService: Waking up from sleep (uid 1000)...
05-08 13:27:52.007  1701  1726 E KernelCpuSpeedReader: Failed to read cpu-freq: /sys/devices/system/cpu/cpu0/cpufreq/stats/time_in_state (No such file or directory)
05-08 13:27:52.008  1701  1726 I DisplayPowerController: Blocking screen on until initial contents have been drawn.
05-08 13:27:52.037  1701  1724 I DisplayManagerService: Display device changed state: "Built-in Screen", ON
05-08 13:27:52.045  1701  1760 W LocalDisplayAdapter: Unable to find color mode 0, ignoring request.
05-08 13:27:52.259  1701  3844 D ConnectivityService: requestNetwork for uid/pid:10051/14193 NetworkRequest [ TRACK_DEFAULT id=263, [ Capabilities: INTERNET&NOT_RESTRICTED&TRUSTED&NOT_VPN] ]
05-08 13:27:52.544  1701  3844 I ActivityManager: Start proc 14281:com.google.android.apps.maps/u0a59 for broadcast com.google.android.apps.maps/androidx.work.impl.background.systemalarm.RescheduleReceiver
05-08 13:27:53.056  1701  1724 W WindowManager: Timeout waiting for drawn: undrawn=[Window{7d615b8 u0 com.google.android.apps.nexuslauncher/com.google.android.apps.nexuslauncher.NexusLauncherActivity}]
05-08 13:27:53.057  1701  1726 I DisplayPowerController: Unblocked screen on after 1049 ms
05-08 13:27:53.061  1701  1726 W PowerManagerService: Screen on took 1092 ms
05-08 13:27:56.396  1701  2036 D ConnectivityService: requestNetwork for uid/pid:10059/14281 NetworkRequest [ TRACK_DEFAULT id=264, [ Capabilities: INTERNET&NOT_RESTRICTED&TRUSTED&NOT_VPN] ]
05-08 13:27:56.704  1701  3845 I ActivityManager: Start proc 14327:com.google.android.googlequicksearchbox:train/u0a30 for service com.google.android.googlequicksearchbox/com.google.frameworks.client.data.android.server.tiktok.TrainProcessEndpointService
05-08 13:27:56.905  1701  1717 E KernelCpuSpeedReader: Failed to read cpu-freq: /sys/devices/system/cpu/cpu0/cpufreq/stats/time_in_state (No such file or directory)
05-08 13:27:57.483  1701  1711 W ActivityManager: Slow operation: 62ms so far, now at startProcess: returned from zygote!
05-08 13:27:57.483  1701  1711 W ActivityManager: Slow operation: 62ms so far, now at startProcess: done updating battery stats
05-08 13:27:57.483  1701  1711 W ActivityManager: Slow operation: 62ms so far, now at startProcess: building log message
05-08 13:27:57.483  1701  1711 I ActivityManager: Start proc 14348:com.google.android.apps.tachyon/u0a45 for broadcast com.google.android.apps.tachyon/androidx.work.impl.background.systemalarm.RescheduleReceiver
05-08 13:27:57.483  1701  1711 W ActivityManager: Slow operation: 62ms so far, now at startProcess: starting to update pids map
05-08 13:27:57.483  1701  1711 W ActivityManager: Slow operation: 62ms so far, now at startProcess: done updating pids map
05-08 13:27:57.484  1701  1711 W ActivityManager: Slow operation: 63ms so far, now at startProcess: done starting proc!
05-08 13:27:58.004  1701  2448 I ActivityManager: Start proc 14367:android.process.media/u0a10 for content provider com.android.providers.media/.MediaProvider
05-08 13:27:58.506  1701  2313 W ActivityManager: No permission grants found for com.google.android.apps.photos
05-08 13:27:58.508  1701  3843 W ActivityManager: No permission grants found for com.google.android.apps.photos
05-08 13:27:58.682  1701  2419 W ActivityManager: No permission grants found for com.google.android.apps.photos
05-08 13:27:58.682  1701  3845 W ActivityManager: No permission grants found for com.google.android.apps.photos
05-08 13:27:58.747  1701  2419 W ActivityManager: No permission grants found for com.google.android.apps.photos
05-08 13:27:58.747  1701  3845 W ActivityManager: No permission grants found for com.google.android.apps.photos
05-08 13:27:58.768  1701  3843 I ActivityManager: Killing 10707:com.google.android.apps.messaging:rcs/u0a66 (adj 906): empty for 5986s
05-08 13:28:00.573  1701  3428 I ActivityManager: Start proc 14448:com.google.android.calendar/u0a46 for broadcast com.google.android.calendar/com.android.calendar.widget.CalendarAppWidgetProvider
05-08 13:28:00.576  1701  3428 I ActivityManager: Killing 12940:com.google.android.partnersetup/u0a16 (adj 906): empty for 3178s
05-08 13:28:01.044  1701  6144 I ActivityManager: Start proc 14474:com.google.android.deskclock/u0a65 for broadcast com.google.android.deskclock/com.android.deskclock.AlarmInitReceiver
05-08 13:28:01.519  1701  8105 I ActivityManager: START u0 {act=android.intent.action.MAIN cat=[android.intent.category.LAUNCHER] flg=0x10200000 cmp=com.sheygam.contactapp/.SplashActivity bnds=[437,1038][643,1412]} from uid 10020
05-08 13:28:01.637  1701  1901 W ActivityManager: Slow operation: 77ms so far, now at startProcess: returned from zygote!
05-08 13:28:01.637  1701  1901 W ActivityManager: Slow operation: 77ms so far, now at startProcess: done updating battery stats
05-08 13:28:01.637  1701  1901 W ActivityManager: Slow operation: 77ms so far, now at startProcess: building log message
05-08 13:28:01.637  1701  1901 I ActivityManager: Start proc 14497:com.sheygam.contactapp/u0a83 for activity com.sheygam.contactapp/.SplashActivity
05-08 13:28:01.637  1701  1901 W ActivityManager: Slow operation: 77ms so far, now at startProcess: starting to update pids map
05-08 13:28:01.638  1701  1901 W ActivityManager: Slow operation: 77ms so far, now at startProcess: done updating pids map
05-08 13:28:01.638  1701  1901 W ActivityManager: Slow operation: 78ms so far, now at startProcess: done starting proc!
05-08 13:28:01.666  1701  1718 W Looper  : Dispatch took 104ms on android.ui, h=Handler (com.android.server.am.ActivityManagerService$UiHandler) {fe077a5} cb=null msg=53
05-08 13:28:02.108 14474 14518 E ActivityThread: Failed to find provider info for com.google.android.apps.wellbeing.api
05-08 13:28:02.179  1701  8105 W ActivityManager: Slow operation: 52ms so far, now at attachApplicationLocked: before bindApplication
05-08 13:28:02.184  1701  8105 W ActivityManager: Slow operation: 58ms so far, now at attachApplicationLocked: immediately before bindApplication
05-08 13:28:02.222  1701  8105 W ActivityManager: Slow operation: 96ms so far, now at attachApplicationLocked: immediately after bindApplication
05-08 13:28:02.222  1701  8105 W ActivityManager: Slow operation: 96ms so far, now at attachApplicationLocked: after updateLruProcessLocked
05-08 13:28:02.226  1701  8105 W LocalDisplayAdapter: Unable to find color mode 0, ignoring request.
05-08 13:28:02.246  1701  8105 W ActivityManager: Slow operation: 120ms so far, now at attachApplicationLocked: after mServices.attachApplicationLocked
05-08 13:28:02.442  1701  3846 I ActivityManager: Start proc 14529:com.google.android.tts/u0a54 for broadcast com.google.android.tts/androidx.work.impl.background.systemalarm.RescheduleReceiver
05-08 13:28:02.644  1701  1701 I Telecom : DefaultDialerCache: Refreshing default dialer for user 0: now com.google.android.dialer: DDC.oR@AVE
05-08 13:28:02.841  1701  1716 I ActivityManager: Start proc 14545:com.android.printspooler/u0a68 for service com.android.printspooler/.model.PrintSpoolerService
05-08 13:28:03.440  1701  3428 I ActivityManager: Start proc 14576:com.google.android.videos/u0a72 for broadcast com.google.android.videos/androidx.work.impl.background.systemalarm.RescheduleReceiver
05-08 13:28:04.673  1701  3845 D ConnectivityService: Returning unblocked NetworkInfo to uid=10072
05-08 13:28:04.678  1701  2437 D ConnectivityService: requestNetwork for uid/pid:10072/14576 NetworkRequest [ TRACK_DEFAULT id=267, [ Capabilities: INTERNET&NOT_RESTRICTED&TRUSTED&NOT_VPN] ]
05-08 13:28:04.724  1701  1903 D ConnectivityService: requestNetwork for uid/pid:10072/14576 NetworkRequest [ TRACK_DEFAULT id=268, [ Capabilities: INTERNET&NOT_RESTRICTED&TRUSTED&NOT_VPN] ]
05-08 13:28:04.981  1701  3428 I ActivityManager: Start proc 14617:com.google.android.apps.wallpaper/u0a73 for broadcast com.google.android.apps.wallpaper/.module.DailyLoggingAlarmReceiver
05-08 13:28:05.304  1701  3844 W BroadcastQueue: Background execution not allowed: receiving Intent { act=android.intent.action.USER_PRESENT flg=0x24200010 } to com.android.chrome/org.chromium.chrome.browser.sharing.click_to_call.ClickToCallMessageHandler$PhoneUnlockedReceiver
05-08 13:28:05.305  1701  1717 W BroadcastQueue: Background execution not allowed: receiving Intent { act=android.intent.action.USER_PRESENT flg=0x24200010 } to com.google.android.gms/.auth.setup.devicesignals.LockScreenReceiver
05-08 13:28:05.305  1701  1717 W BroadcastQueue: Background execution not allowed: receiving Intent { act=android.intent.action.USER_PRESENT flg=0x24200010 } to com.google.android.gms/.chimera.GmsIntentOperationService$PersistentTrustedReceiver
05-08 13:28:05.563  1701  1850 E TaskPersister: File error accessing recents directory (directory doesn't exist?).
05-08 13:28:10.009  1701  3845 I ActivityManager: START u0 {cmp=com.sheygam.contactapp/.MainActivity} from uid 10083
05-08 13:28:13.520  1701  1850 E TaskPersister: File error accessing recents directory (directory doesn't exist?).
05-08 13:28:15.440  1701  1720 E BatteryStatsService: modem info is invalid: ModemActivityInfo{ mTimestamp=0 mSleepTimeMs=0 mIdleTimeMs=0 mTxTimeMs[]=[0, 0, 0, 0, 0] mRxTimeMs=0 mEnergyUsed=0}
05-08 13:28:15.914  1701  1722 W RemoteFillService: Not handling { when=-1ms what=3 target=com.android.internal.os.HandlerCaller$MyHandler } as service for ComponentInfo{com.google.android.gms/com.google.android.gms.autofill.service.AutofillService} is already destroyed
05-08 13:28:21.178  1701  2037 I ActivityManager: Killing 13485:android.process.acore/u0a1 (adj 906): empty #17
05-08 13:28:25.417  1701  1901 I ActivityManager: START u0 {cmp=com.sheygam.contactapp/.ContactList} from uid 10083
05-08 13:28:25.577  1701  2448 I ActivityManager: START u0 {cmp=com.sheygam.contactapp/.ContactList} from uid 10083
05-08 13:28:28.924  1701  1850 E TaskPersister: File error accessing recents directory (directory doesn't exist?).
05-08 13:28:41.600  1701  1720 E BatteryStatsService: modem info is invalid: ModemActivityInfo{ mTimestamp=0 mSleepTimeMs=0 mIdleTimeMs=0 mTxTimeMs[]=[0, 0, 0, 0, 0] mRxTimeMs=0 mEnergyUsed=0}
05-08 13:28:52.651  1701  2437 I ActivityManager: Killing 12218:com.google.android.dialer/u0a17 (adj 906): empty #17
05-08 13:28:59.996  1701  1775 I ActivityManager: START u0 {act=android.intent.action.MAIN cat=[android.intent.category.HOME] flg=0x10200000 cmp=com.google.android.apps.nexuslauncher/.NexusLauncherActivity (has extras)} from uid 1000
05-08 13:29:00.955  1701  2017 I ActivityManager: START u0 {flg=0x10804000 cmp=com.android.systemui/.recents.RecentsActivity} from uid 10028
05-08 13:29:02.735  1701  1850 E TaskPersister: File error accessing recents directory (directory doesn't exist?).
05-08 13:29:15.590  1701  2437 I ActivityManager: Killing 14193:com.google.android.apps.docs/u0a51 (adj 906): empty #17
05-08 13:29:15.646  1701  2408 D ConnectivityService: ConnectivityService NetworkRequestInfo binderDied(NetworkRequest [ TRACK_DEFAULT id=263, [ Capabilities: INTERNET&NOT_RESTRICTED&TRUSTED&NOT_VPN] ], android.os.BinderProxy@86dfa12)
05-08 13:29:15.646  1701  1830 D ConnectivityService: releasing NetworkRequest [ TRACK_DEFAULT id=263, [ Capabilities: INTERNET&NOT_RESTRICTED&TRUSTED&NOT_VPN] ] (CALLBACK_RELEASED)
05-08 13:29:15.650  1701  1830 E ConnectivityService: RemoteException caught trying to send a callback msg for NetworkRequest [ TRACK_DEFAULT id=263, [ Capabilities: INTERNET&NOT_RESTRICTED&TRUSTED&NOT_VPN] ]
05-08 13:29:35.368  1701  2017 I ActivityManager: START u0 {flg=0x10804000 cmp=com.android.systemui/.recents.RecentsActivity} from uid 10028
05-08 13:29:37.989  1701  3845 I ActivityManager: START u0 {act=android.intent.action.MAIN cat=[android.intent.category.HOME] flg=0x10200000 cmp=com.google.android.apps.nexuslauncher/.NexusLauncherActivity} from uid 10028
05-08 13:29:37.995  1701  2437 I ActivityManager: Killing 14497:com.sheygam.contactapp/u0a83 (adj 900): remove task
05-08 13:29:37.999  1701  1850 E TaskPersister: File error accessing recents directory (directory doesn't exist?).
05-08 13:29:38.056  1701  3845 I WindowManager: WIN DEATH: Window{bbd0087 u0 com.sheygam.contactapp/com.sheygam.contactapp.ContactList}
05-08 13:29:38.065  1701  1724 W ActivityManager: setHasOverlayUi called on unknown pid: 14497
05-08 13:29:39.389  1701  3428 I ActivityManager: START u0 {act=android.intent.action.MAIN cat=[android.intent.category.LAUNCHER] flg=0x10200000 cmp=com.sheygam.contactapp/.SplashActivity bnds=[437,1038][643,1412]} from uid 10020
05-08 13:29:39.405  1701  2364 I ActivityManager: Start proc 14733:com.sheygam.contactapp/u0a83 for activity com.sheygam.contactapp/.SplashActivity
05-08 13:29:39.506  1701  3843 I ActivityManager: START u0 {act=android.intent.action.MAIN cat=[android.intent.category.LAUNCHER] flg=0x10200000 cmp=com.sheygam.contactapp/.SplashActivity bnds=[437,1038][643,1412]} from uid 10020
05-08 13:29:41.563  1701  1850 E TaskPersister: File error accessing recents directory (directory doesn't exist?).
05-08 13:29:42.200  1701  1720 E BatteryStatsService: modem info is invalid: ModemActivityInfo{ mTimestamp=0 mSleepTimeMs=0 mIdleTimeMs=0 mTxTimeMs[]=[0, 0, 0, 0, 0] mRxTimeMs=0 mEnergyUsed=0}
05-08 13:29:44.576  1701  3846 I ActivityManager: START u0 {cmp=com.sheygam.contactapp/.MainActivity} from uid 10083
05-08 13:29:44.637  1701  3845 I ActivityManager: START u0 {cmp=com.sheygam.contactapp/.ContactList} from uid 10083
05-08 13:29:48.084  1701  1850 E TaskPersister: File error accessing recents directory (directory doesn't exist?).
05-08 13:30:06.838  1701  1720 E BatteryStatsService: modem info is invalid: ModemActivityInfo{ mTimestamp=0 mSleepTimeMs=0 mIdleTimeMs=0 mTxTimeMs[]=[0, 0, 0, 0, 0] mRxTimeMs=0 mEnergyUsed=0}
05-08 13:31:03.486  1701  1712 D ConnectivityService: reportNetworkConnectivity(101, false) by 10012
05-08 13:31:03.587  1701  1830 D ConnectivityService: NetworkAgentInfo [WIFI () - 101] validation passed
05-08 13:31:07.297  1701  1726 I PowerManagerService: Going to sleep due to screen timeout (uid 1000)...
05-08 13:31:07.297  1701  1726 I PowerManagerService: Sleeping (uid 1000)...
05-08 13:31:07.788  1701  1726 I DisplayPowerController: Blocking screen off
05-08 13:31:07.816  1701  1726 I DisplayPowerController: Unblocked screen off after 29 ms
05-08 13:31:07.818  1701  1726 E KernelCpuSpeedReader: Failed to read cpu-freq: /sys/devices/system/cpu/cpu0/cpufreq/stats/time_in_state (No such file or directory)
05-08 13:31:07.820  1701  1724 I DisplayManagerService: Display device changed state: "Built-in Screen", OFF
05-08 13:31:07.821  1701  2419 W LocalDisplayAdapter: Unable to find color mode 0, ignoring request.
05-08 13:31:12.831  1701  1717 E KernelCpuSpeedReader: Failed to read cpu-freq: /sys/devices/system/cpu/cpu0/cpufreq/stats/time_in_state (No such file or directory)
05-08 13:31:17.995  1701  1717 E KernelCpuSpeedReader: Failed to read cpu-freq: /sys/devices/system/cpu/cpu0/cpufreq/stats/time_in_state (No such file or directory)
05-08 13:31:20.517  1701  1720 E BatteryStatsService: modem info is invalid: ModemActivityInfo{ mTimestamp=0 mSleepTimeMs=0 mIdleTimeMs=0 mTxTimeMs[]=[0, 0, 0, 0, 0] mRxTimeMs=0 mEnergyUsed=0}
05-08 13:31:23.999  1701  1717 E KernelCpuSpeedReader: Failed to read cpu-freq: /sys/devices/system/cpu/cpu0/cpufreq/stats/time_in_state (No such file or directory)
05-08 13:31:26.837  1701  3846 I ActivityManager: Force stopping com.sheygam.contactapp appid=10083 user=0: from pid 14865
05-08 13:31:26.838  1701  3846 I ActivityManager: Killing 14733:com.sheygam.contactapp/u0a83 (adj 0): stop com.sheygam.contactapp
05-08 13:31:26.850  1701  3846 I ActivityManager: Start proc 14867:com.sheygam.contactapp/u0a83 for activity com.sheygam.contactapp/.ContactList
05-08 13:31:26.853  1701  3846 I ActivityManager:   Force finishing activity ActivityRecord{d9bc69c u0 com.sheygam.contactapp/.ContactList t111}
05-08 13:31:26.859  1701  3846 I ActivityManager:   Force finishing activity ActivityRecord{d9bc69c u0 com.sheygam.contactapp/.ContactList t111 f}
05-08 13:31:26.859  1701  3846 W ActivityManager: Duplicate finish request for ActivityRecord{d9bc69c u0 com.sheygam.contactapp/.ContactList t111 f}
05-08 13:31:26.874  1701  3844 I ActivityManager: Killing 14281:com.google.android.apps.maps/u0a59 (adj 906): empty #17
05-08 13:31:26.897  1701  1724 W ActivityManager: setHasOverlayUi called on unknown pid: 14733
05-08 13:31:26.987  1701  8105 D ConnectivityService: ConnectivityService NetworkRequestInfo binderDied(NetworkRequest [ TRACK_DEFAULT id=264, [ Capabilities: INTERNET&NOT_RESTRICTED&TRUSTED&NOT_VPN] ], android.os.BinderProxy@55e1b3a)
05-08 13:31:26.988  1701  1830 D ConnectivityService: releasing NetworkRequest [ TRACK_DEFAULT id=264, [ Capabilities: INTERNET&NOT_RESTRICTED&TRUSTED&NOT_VPN] ] (CALLBACK_RELEASED)
05-08 13:31:26.999  1701  1830 E ConnectivityService: RemoteException caught trying to send a callback msg for NetworkRequest [ TRACK_DEFAULT id=264, [ Capabilities: INTERNET&NOT_RESTRICTED&TRUSTED&NOT_VPN] ]
05-08 13:31:27.150  1701  6144 I ActivityManager: Force stopping com.sheygam.contactapp appid=10083 user=0: clear data
05-08 13:31:27.150  1701  6144 I ActivityManager: Killing 14867:com.sheygam.contactapp/u0a83 (adj 900): stop com.sheygam.contactapp
05-08 13:31:27.154  1701  1850 E TaskPersister: File error accessing recents directory (directory doesn't exist?).
05-08 13:31:27.160  1701  1717 I ActivityManager: Force stopping com.sheygam.contactapp appid=10083 user=-1: clearApplicationUserData
05-08 13:31:27.205  1701  1729 I ActivityManager: Start proc 14896:com.android.defcontainer/u0a7 for service com.android.defcontainer/.DefaultContainerService
05-08 13:31:27.272  1701  3846 I PowerManagerService: Waking up from sleep (uid 1000)...
05-08 13:31:27.274  1701  1726 E KernelCpuSpeedReader: Failed to read cpu-freq: /sys/devices/system/cpu/cpu0/cpufreq/stats/time_in_state (No such file or directory)
05-08 13:31:27.275  1701  1726 I DisplayPowerController: Blocking screen on until initial contents have been drawn.
05-08 13:31:27.280  1701  1726 W LocalDisplayAdapter: Unable to find color mode 0, ignoring request.
05-08 13:31:27.302  1701  1724 I DisplayManagerService: Display device changed state: "Built-in Screen", ON
05-08 13:31:27.304  1701  1760 W LocalDisplayAdapter: Unable to find color mode 0, ignoring request.
05-08 13:31:27.321  1701  2419 I ActivityManager: Start proc 14928:com.android.documentsui/u0a11 for broadcast com.android.documentsui/.PackageReceiver
05-08 13:31:27.321  1701  3844 I ActivityManager: Force stopping io.appium.uiautomator2.server.test appid=10086 user=0: from pid 14926
05-08 13:31:27.356  1701  1726 I DisplayPowerController: Unblocked screen on after 81 ms
05-08 13:31:27.408  1701  2313 I ActivityManager: Killing 11476:com.google.android.apps.messaging/u0a66 (adj 906): empty #17
05-08 13:31:27.420  1701  1711 W BroadcastQueue: Background execution not allowed: receiving Intent { act=android.intent.action.USER_PRESENT flg=0x24200010 } to com.android.chrome/org.chromium.chrome.browser.sharing.click_to_call.ClickToCallMessageHandler$PhoneUnlockedReceiver
05-08 13:31:27.420  1701  1717 W BroadcastQueue: Background execution not allowed: receiving Intent { act=android.intent.action.USER_PRESENT flg=0x24200010 } to com.google.android.gms/.auth.setup.devicesignals.LockScreenReceiver
05-08 13:31:27.420  1701  1717 W BroadcastQueue: Background execution not allowed: receiving Intent { act=android.intent.action.USER_PRESENT flg=0x24200010 } to com.google.android.gms/.chimera.GmsIntentOperationService$PersistentTrustedReceiver
05-08 13:31:27.604  1701  3843 I ActivityManager: Start proc 14964:com.google.android.apps.docs/u0a51 for content provider com.google.android.apps.docs/.common.storagebackend.StorageBackendContentProvider
05-08 13:31:27.636  1701  6139 D ConnectivityService: ConnectivityService NetworkRequestInfo binderDied(NetworkRequest [ LISTEN id=253, [ Capabilities: INTERNET&NOT_RESTRICTED&TRUSTED] ], android.os.BinderProxy@523be9a)
05-08 13:31:27.636  1701  2448 D ConnectivityService: ConnectivityService NetworkRequestInfo binderDied(NetworkRequest [ TRACK_DEFAULT id=254, [ Capabilities: INTERNET&NOT_RESTRICTED&TRUSTED&NOT_VPN] ], android.os.BinderProxy@96743cb)
05-08 13:31:27.636  1701  6139 D ConnectivityService: ConnectivityService NetworkRequestInfo binderDied(NetworkRequest [ LISTEN id=256, [ Capabilities: IMS&TRUSTED&NOT_VPN] ], android.os.BinderProxy@1a1e7a8)
05-08 13:31:27.636  1701  6144 D ConnectivityService: ConnectivityService NetworkRequestInfo binderDied(NetworkRequest [ TRACK_DEFAULT id=251, [ Capabilities: INTERNET&NOT_RESTRICTED&TRUSTED&NOT_VPN] ], android.os.BinderProxy@a7502c1)
05-08 13:31:27.639  1701  1830 E ConnectivityService: RemoteException caught trying to send a callback msg for NetworkRequest [ LISTEN id=253, [ Capabilities: INTERNET&NOT_RESTRICTED&TRUSTED] ]
05-08 13:31:27.640  1701  1830 D ConnectivityService: releasing NetworkRequest [ TRACK_DEFAULT id=254, [ Capabilities: INTERNET&NOT_RESTRICTED&TRUSTED&NOT_VPN] ] (CALLBACK_RELEASED)
05-08 13:31:27.642  1701  1830 E ConnectivityService: RemoteException caught trying to send a callback msg for NetworkRequest [ TRACK_DEFAULT id=254, [ Capabilities: INTERNET&NOT_RESTRICTED&TRUSTED&NOT_VPN] ]
05-08 13:31:27.646  1701  1830 E ConnectivityService: RemoteException caught trying to send a callback msg for NetworkRequest [ LISTEN id=256, [ Capabilities: IMS&TRUSTED&NOT_VPN] ]
05-08 13:31:27.646  1701  1830 D ConnectivityService: releasing NetworkRequest [ TRACK_DEFAULT id=251, [ Capabilities: INTERNET&NOT_RESTRICTED&TRUSTED&NOT_VPN] ] (CALLBACK_RELEASED)
05-08 13:31:27.655  1701  1830 E ConnectivityService: RemoteException caught trying to send a callback msg for NetworkRequest [ TRACK_DEFAULT id=251, [ Capabilities: INTERNET&NOT_RESTRICTED&TRUSTED&NOT_VPN] ]
05-08 13:31:27.667  1701  6139 I ActivityManager: Killing 14367:android.process.media/u0a10 (adj 906): empty #17
05-08 13:31:27.963  1701  2313 I ActivityManager: Force stopping io.appium.uiautomator2.server appid=10085 user=0: start instr
05-08 13:31:27.976  1701  2313 I ActivityManager: Start proc 14992:io.appium.uiautomator2.server/u0a85 for added application io.appium.uiautomator2.server
05-08 13:31:28.252  1701  1901 D ConnectivityService: requestNetwork for uid/pid:10051/14964 NetworkRequest [ TRACK_DEFAULT id=269, [ Capabilities: INTERNET&NOT_RESTRICTED&TRUSTED&NOT_VPN] ]
05-08 13:31:30.001  1701  1717 E KernelCpuSpeedReader: Failed to read cpu-freq: /sys/devices/system/cpu/cpu0/cpufreq/stats/time_in_state (No such file or directory)
05-08 13:31:30.628  1701  3844 I ActivityManager: Force stopping com.sheygam.contactapp appid=10083 user=0: from pid 15060
05-08 13:31:30.881  1701  3844 I ActivityManager: START u0 {flg=0x10000000 cmp=com.sheygam.contactapp/.SplashActivity} from uid 2000
05-08 13:31:30.896  1701  2017 I ActivityManager: Start proc 15062:com.sheygam.contactapp/u0a83 for activity com.sheygam.contactapp/.SplashActivity
05-08 13:31:30.954  1701  3428 W LocalDisplayAdapter: Unable to find color mode 0, ignoring request.
05-08 13:31:34.389  1701  1850 E TaskPersister: File error accessing recents directory (directory doesn't exist?).
05-08 13:31:36.189  1701  2017 I ActivityManager: START u0 {cmp=com.sheygam.contactapp/.MainActivity} from uid 10083
05-08 13:31:38.068  1701  1701 I Telecom : DefaultDialerCache: Refreshing default dialer for user 0: now com.google.android.dialer: DDC.oR@AVM
05-08 13:31:39.697  1701  1850 E TaskPersister: File error accessing recents directory (directory doesn't exist?).
05-08 13:31:41.455  1701  1722 W RemoteFillService: Not handling { when=-6ms what=3 target=com.android.internal.os.HandlerCaller$MyHandler } as service for ComponentInfo{com.google.android.gms/com.google.android.gms.autofill.service.AutofillService} is already destroyed
05-08 13:33:28.777  1701  1720 E BatteryStatsService: modem info is invalid: ModemActivityInfo{ mTimestamp=0 mSleepTimeMs=0 mIdleTimeMs=0 mTxTimeMs[]=[0, 0, 0, 0, 0] mRxTimeMs=0 mEnergyUsed=0}
05-08 13:35:02.022  1701  1701 I ActivityManager: Start proc 15186:com.google.android.partnersetup/u0a16 for service com.google.android.partnersetup/.InstalledAppJobService
05-08 13:35:24.136  1701  6139 I ActivityManager: Killing 14348:com.google.android.apps.tachyon/u0a45 (adj 906): empty #17
05-08 13:35:24.187  1701  2017 D ConnectivityService: ConnectivityService NetworkRequestInfo binderDied(NetworkRequest [ LISTEN id=266, [ Capabilities: INTERNET&NOT_RESTRICTED&TRUSTED] ], android.os.BinderProxy@e7b65fc)
05-08 13:35:24.188  1701  1830 E ConnectivityService: RemoteException caught trying to send a callback msg for NetworkRequest [ LISTEN id=266, [ Capabilities: INTERNET&NOT_RESTRICTED&TRUSTED] ]
05-08 13:37:00.758  1701  1720 E BatteryStatsService: modem info is invalid: ModemActivityInfo{ mTimestamp=0 mSleepTimeMs=0 mIdleTimeMs=0 mTxTimeMs[]=[0, 0, 0, 0, 0] mRxTimeMs=0 mEnergyUsed=0}
05-08 13:37:37.407  1701  1701 I ActivityManager: Start proc 15267:com.google.android.apps.messaging/u0a66 for service com.google.android.apps.messaging/androidx.work.impl.background.systemjob.SystemJobService
05-08 13:37:38.723  1701  1903 D ConnectivityService: Returning unblocked NetworkInfo to uid=10066
05-08 13:37:39.489  1701  2448 I ActivityManager: Start proc 15326:com.google.android.apps.messaging:rcs/u0a66 for service com.google.android.apps.messaging/com.google.android.ims.service.JibeService
05-08 13:37:39.624  1701  2313 W ActivityManager: Background start not allowed: service Intent { cmp=com.google.android.apps.messaging/com.google.apps.tiktok.concurrent.AndroidFuturesService (has extras) } to com.google.android.apps.messaging/com.google.apps.tiktok.concurrent.AndroidFuturesService from pid=15267 uid=10066 pkg=com.google.android.apps.messaging
05-08 13:37:39.766  1701  3843 D ConnectivityService: requestNetwork for uid/pid:10066/15267 NetworkRequest [ TRACK_DEFAULT id=271, [ Capabilities: INTERNET&NOT_RESTRICTED&TRUSTED&NOT_VPN] ]
05-08 13:37:40.097  1701  6144 D ConnectivityService: requestNetwork for uid/pid:10066/15326 NetworkRequest [ TRACK_DEFAULT id=272, [ Capabilities: INTERNET&NOT_RESTRICTED&TRUSTED&NOT_VPN] ]
05-08 13:37:40.357  1701  1830 D ConnectivityService: releasing NetworkRequest [ TRACK_DEFAULT id=272, [ Capabilities: INTERNET&NOT_RESTRICTED&TRUSTED&NOT_VPN] ] (CALLBACK_RELEASED)
05-08 13:37:40.368 15326 15326 E ActivityThread: Service com.google.android.ims.service.JibeService has leaked IntentReceiver cjgk@91fc993 that was originally registered here. Are you missing a call to unregisterReceiver()?
05-08 13:37:40.368 15326 15326 E ActivityThread: android.app.IntentReceiverLeaked: Service com.google.android.ims.service.JibeService has leaked IntentReceiver cjgk@91fc993 that was originally registered here. Are you missing a call to unregisterReceiver()?
05-08 13:37:40.368 15326 15326 E ActivityThread: 	at android.app.LoadedApk$ReceiverDispatcher.<init>(LoadedApk.java:1333)
05-08 13:37:40.368 15326 15326 E ActivityThread: 	at android.app.LoadedApk.getReceiverDispatcher(LoadedApk.java:1114)
05-08 13:37:40.368 15326 15326 E ActivityThread: 	at android.app.ContextImpl.registerReceiverInternal(ContextImpl.java:1405)
05-08 13:37:40.368 15326 15326 E ActivityThread: 	at android.app.ContextImpl.registerReceiver(ContextImpl.java:1378)
05-08 13:37:40.368 15326 15326 E ActivityThread: 	at android.app.ContextImpl.registerReceiver(ContextImpl.java:1366)
05-08 13:37:40.368 15326 15326 E ActivityThread: 	at android.content.ContextWrapper.registerReceiver(ContextWrapper.java:603)
05-08 13:37:40.368 15326 15326 E ActivityThread: 	at cjgk.a(PG:22)
05-08 13:37:40.368 15326 15326 E ActivityThread: 	at cgzq.a(PG:62)
05-08 13:37:40.368 15326 15326 E ActivityThread: 	at cjgr.run(PG:209)
05-08 13:37:40.368 15326 15326 E ActivityThread: 	at android.os.Handler.handleCallback(Handler.java:789)
05-08 13:37:40.368 15326 15326 E ActivityThread: 	at android.os.Handler.dispatchMessage(Handler.java:98)
05-08 13:37:40.368 15326 15326 E ActivityThread: 	at android.os.Looper.loop(Looper.java:164)
05-08 13:37:40.368 15326 15326 E ActivityThread: 	at android.os.HandlerThread.run(HandlerThread.java:65)
05-08 13:37:40.369 15326 15326 E ActivityThread: Service com.google.android.ims.service.JibeService has leaked IntentReceiver com.google.android.ims.receiver.sip.DebugOptionsReceiver@9471e82 that was originally registered here. Are you missing a call to unregisterReceiver()?
05-08 13:37:40.369 15326 15326 E ActivityThread: android.app.IntentReceiverLeaked: Service com.google.android.ims.service.JibeService has leaked IntentReceiver com.google.android.ims.receiver.sip.DebugOptionsReceiver@9471e82 that was originally registered here. Are you missing a call to unregisterReceiver()?
05-08 13:37:40.369 15326 15326 E ActivityThread: 	at android.app.LoadedApk$ReceiverDispatcher.<init>(LoadedApk.java:1333)
05-08 13:37:40.369 15326 15326 E ActivityThread: 	at android.app.LoadedApk.getReceiverDispatcher(LoadedApk.java:1114)
05-08 13:37:40.369 15326 15326 E ActivityThread: 	at android.app.ContextImpl.registerReceiverInternal(ContextImpl.java:1405)
05-08 13:37:40.369 15326 15326 E ActivityThread: 	at android.app.ContextImpl.registerReceiver(ContextImpl.java:1385)
05-08 13:37:40.369 15326 15326 E ActivityThread: 	at android.content.ContextWrapper.registerReceiver(ContextWrapper.java:624)
05-08 13:37:40.369 15326 15326 E ActivityThread: 	at jmr.b(PG:53)
05-08 13:37:40.369 15326 15326 E ActivityThread: 	at jmv.g(PG:24)
05-08 13:37:40.369 15326 15326 E ActivityThread: 	at jmv.f(PG:2)
05-08 13:37:40.369 15326 15326 E ActivityThread: 	at com.google.android.ims.receiver.sip.DebugOptionsReceiver.a(PG:17)
05-08 13:37:40.369 15326 15326 E ActivityThread: 	at cgzq.a(PG:59)
05-08 13:37:40.369 15326 15326 E ActivityThread: 	at cjgr.run(PG:209)
05-08 13:37:40.369 15326 15326 E ActivityThread: 	at android.os.Handler.handleCallback(Handler.java:789)
05-08 13:37:40.369 15326 15326 E ActivityThread: 	at android.os.Handler.dispatchMessage(Handler.java:98)
05-08 13:37:40.369 15326 15326 E ActivityThread: 	at android.os.Looper.loop(Looper.java:164)
05-08 13:37:40.369 15326 15326 E ActivityThread: 	at android.os.HandlerThread.run(HandlerThread.java:65)
05-08 13:37:53.328  1701  2419 W ActivityManager: Background start not allowed: service Intent { cmp=com.google.android.apps.messaging/.shared.datamodel.action.execution.ActionExecutorImpl$EmptyService } to com.google.android.apps.messaging/.shared.datamodel.action.execution.ActionExecutorImpl$EmptyService from pid=15267 uid=10066 pkg=com.google.android.apps.messaging
05-08 13:37:53.353  1701  1901 W ActivityManager: Background start not allowed: service Intent { cmp=com.google.android.apps.messaging/.shared.datamodel.action.execution.ActionExecutorImpl$EmptyService } to com.google.android.apps.messaging/.shared.datamodel.action.execution.ActionExecutorImpl$EmptyService from pid=15267 uid=10066 pkg=com.google.android.apps.messaging
05-08 13:37:53.865  1701  2448 D ConnectivityService: requestNetwork for uid/pid:10066/15326 NetworkRequest [ TRACK_DEFAULT id=273, [ Capabilities: INTERNET&NOT_RESTRICTED&TRUSTED&NOT_VPN] ]
05-08 13:37:54.352  1701  1830 D ConnectivityService: releasing NetworkRequest [ TRACK_DEFAULT id=273, [ Capabilities: INTERNET&NOT_RESTRICTED&TRUSTED&NOT_VPN] ] (CALLBACK_RELEASED)
05-08 13:37:54.456  1701  2408 W ActivityManager: Background start not allowed: service Intent { cmp=com.google.android.apps.messaging/.shared.datamodel.action.execution.ActionExecutorImpl$EmptyService } to com.google.android.apps.messaging/.shared.datamodel.action.execution.ActionExecutorImpl$EmptyService from pid=15267 uid=10066 pkg=com.google.android.apps.messaging
05-08 13:37:54.468  1701  2036 W ActivityManager: Background start not allowed: service Intent { cmp=com.google.android.apps.messaging/.shared.datamodel.action.execution.ActionExecutorImpl$EmptyService } to com.google.android.apps.messaging/.shared.datamodel.action.execution.ActionExecutorImpl$EmptyService from pid=15267 uid=10066 pkg=com.google.android.apps.messaging
05-08 13:37:56.758  1701  1720 E BatteryStatsService: modem info is invalid: ModemActivityInfo{ mTimestamp=0 mSleepTimeMs=0 mIdleTimeMs=0 mTxTimeMs[]=[0, 0, 0, 0, 0] mRxTimeMs=0 mEnergyUsed=0}
05-08 13:37:59.321  1701  2448 W ActivityManager: Background start not allowed: service Intent { cmp=com.google.android.apps.messaging/.shared.datamodel.action.execution.ActionExecutorImpl$EmptyService } to com.google.android.apps.messaging/.shared.datamodel.action.execution.ActionExecutorImpl$EmptyService from pid=15267 uid=10066 pkg=com.google.android.apps.messaging
05-08 13:37:59.325  1701  3846 W ActivityManager: Background start not allowed: service Intent { cmp=com.google.android.apps.messaging/.shared.datamodel.action.execution.ActionExecutorImpl$EmptyService } to com.google.android.apps.messaging/.shared.datamodel.action.execution.ActionExecutorImpl$EmptyService from pid=15267 uid=10066 pkg=com.google.android.apps.messaging
05-08 13:37:59.438  1701  2448 W ActivityManager: Background start not allowed: service Intent { cmp=com.google.android.apps.messaging/.shared.datamodel.action.execution.ActionExecutorImpl$EmptyService } to com.google.android.apps.messaging/.shared.datamodel.action.execution.ActionExecutorImpl$EmptyService from pid=15267 uid=10066 pkg=com.google.android.apps.messaging
05-08 13:38:11.637  1701  1720 E BatteryStatsService: modem info is invalid: ModemActivityInfo{ mTimestamp=0 mSleepTimeMs=0 mIdleTimeMs=0 mTxTimeMs[]=[0, 0, 0, 0, 0] mRxTimeMs=0 mEnergyUsed=0}
05-08 13:38:14.342  1701  3428 I ActivityManager: Killing 14474:com.google.android.deskclock/u0a65 (adj 906): empty #17
05-08 13:38:14.342  1701  3428 I ActivityManager: Killing 14207:com.android.providers.calendar/u0a3 (adj 906): empty #18
05-08 13:39:22.288  1701  1716 I UsageStatsService: User[0] Flushing usage stats to disk
05-08 13:39:53.354  1701  3843 W ActivityManager: Background start not allowed: service Intent { cmp=com.google.android.apps.messaging/.shared.datamodel.action.execution.ActionExecutorImpl$EmptyService } to com.google.android.apps.messaging/.shared.datamodel.action.execution.ActionExecutorImpl$EmptyService from pid=15267 uid=10066 pkg=com.google.android.apps.messaging
05-08 13:39:53.531  1701  6144 I ActivityManager: Start proc 15472:android.process.acore/u0a1 for content provider com.android.providers.contacts/.ContactsProvider2
05-08 13:39:53.534  1701  2419 I ActivityManager: Killing 14529:com.google.android.tts/u0a54 (adj 906): empty #17
05-08 13:39:53.762  1701  2364 D CountryDetector: The first listener is added
05-08 13:41:30.718  1701  1720 E BatteryStatsService: modem info is invalid: ModemActivityInfo{ mTimestamp=0 mSleepTimeMs=0 mIdleTimeMs=0 mTxTimeMs[]=[0, 0, 0, 0, 0] mRxTimeMs=0 mEnergyUsed=0}
05-08 13:41:56.958  1701  1720 E BatteryStatsService: modem info is invalid: ModemActivityInfo{ mTimestamp=0 mSleepTimeMs=0 mIdleTimeMs=0 mTxTimeMs[]=[0, 0, 0, 0, 0] mRxTimeMs=0 mEnergyUsed=0}
05-08 13:49:32.437  1701  1720 E BatteryStatsService: modem info is invalid: ModemActivityInfo{ mTimestamp=0 mSleepTimeMs=0 mIdleTimeMs=0 mTxTimeMs[]=[0, 0, 0, 0, 0] mRxTimeMs=0 mEnergyUsed=0}
05-08 13:55:46.996  1701  1720 E KernelCpuSpeedReader: Failed to read cpu-freq: /sys/devices/system/cpu/cpu0/cpufreq/stats/time_in_state (No such file or directory)
05-08 13:55:46.997  1701  1720 E BatteryStatsService: modem info is invalid: ModemActivityInfo{ mTimestamp=0 mSleepTimeMs=0 mIdleTimeMs=0 mTxTimeMs[]=[0, 0, 0, 0, 0] mRxTimeMs=0 mEnergyUsed=0}
05-08 13:58:06.988  1701  1901 I ActivityManager: Killing 14576:com.google.android.videos/u0a72 (adj 904): empty for 1801s
05-08 13:58:06.988  1701  1901 I ActivityManager: Killing 14617:com.google.android.apps.wallpaper/u0a73 (adj 904): empty for 1801s
05-08 13:58:06.988  1701  1901 I ActivityManager: Killing 14448:com.google.android.calendar/u0a46 (adj 906): empty for 1802s
05-08 13:58:06.989  1701  1901 I ActivityManager: Killing 13465:com.google.android.youtube/u0a78 (adj 906): empty for 1802s
05-08 13:58:07.036  1701  6144 D ConnectivityService: ConnectivityService NetworkRequestInfo binderDied(NetworkRequest [ TRACK_DEFAULT id=267, [ Capabilities: INTERNET&NOT_RESTRICTED&TRUSTED&NOT_VPN] ], android.os.BinderProxy@a99b18b)
05-08 13:58:07.036  1701  6144 D ConnectivityService: ConnectivityService NetworkRequestInfo binderDied(NetworkRequest [ TRACK_DEFAULT id=268, [ Capabilities: INTERNET&NOT_RESTRICTED&TRUSTED&NOT_VPN] ], android.os.BinderProxy@40b2268)
05-08 13:58:07.037  1701  1830 D ConnectivityService: releasing NetworkRequest [ TRACK_DEFAULT id=267, [ Capabilities: INTERNET&NOT_RESTRICTED&TRUSTED&NOT_VPN] ] (CALLBACK_RELEASED)
05-08 13:58:07.038  1701  1830 E ConnectivityService: RemoteException caught trying to send a callback msg for NetworkRequest [ TRACK_DEFAULT id=267, [ Capabilities: INTERNET&NOT_RESTRICTED&TRUSTED&NOT_VPN] ]
05-08 13:58:07.038  1701  1830 D ConnectivityService: releasing NetworkRequest [ TRACK_DEFAULT id=268, [ Capabilities: INTERNET&NOT_RESTRICTED&TRUSTED&NOT_VPN] ] (CALLBACK_RELEASED)
05-08 13:58:07.038  1701  1830 E ConnectivityService: RemoteException caught trying to send a callback msg for NetworkRequest [ TRACK_DEFAULT id=268, [ Capabilities: INTERNET&NOT_RESTRICTED&TRUSTED&NOT_VPN] ]
05-08 13:58:07.040  1701  3428 D ConnectivityService: ConnectivityService NetworkRequestInfo binderDied(NetworkRequest [ TRACK_DEFAULT id=261, [ Capabilities: INTERNET&NOT_RESTRICTED&TRUSTED&NOT_VPN] ], android.os.BinderProxy@1a98681)
05-08 13:58:07.040  1701  1711 D ConnectivityService: ConnectivityService NetworkRequestInfo binderDied(NetworkRequest [ TRACK_DEFAULT id=260, [ Capabilities: INTERNET&NOT_RESTRICTED&TRUSTED&NOT_VPN] ], android.os.BinderProxy@4efc326)
05-08 13:58:07.040  1701  3428 D ConnectivityService: ConnectivityService NetworkRequestInfo binderDied(NetworkRequest [ LISTEN id=258, [ Capabilities: INTERNET&NOT_RESTRICTED&TRUSTED&FOREGROUND] ], android.os.BinderProxy@cefdb67)
05-08 13:58:07.040  1701  1711 D ConnectivityService: ConnectivityService NetworkRequestInfo binderDied(NetworkRequest [ TRACK_DEFAULT id=259, [ Capabilities: INTERNET&NOT_RESTRICTED&TRUSTED&NOT_VPN] ], android.os.BinderProxy@fa3fd14)
05-08 13:58:07.041  1701  1830 D ConnectivityService: releasing NetworkRequest [ TRACK_DEFAULT id=261, [ Capabilities: INTERNET&NOT_RESTRICTED&TRUSTED&NOT_VPN] ] (CALLBACK_RELEASED)
05-08 13:58:07.042  1701  1830 E ConnectivityService: RemoteException caught trying to send a callback msg for NetworkRequest [ TRACK_DEFAULT id=261, [ Capabilities: INTERNET&NOT_RESTRICTED&TRUSTED&NOT_VPN] ]
05-08 13:58:07.042  1701  1830 D ConnectivityService: releasing NetworkRequest [ TRACK_DEFAULT id=260, [ Capabilities: INTERNET&NOT_RESTRICTED&TRUSTED&NOT_VPN] ] (CALLBACK_RELEASED)
05-08 13:58:07.043  1701  1830 E ConnectivityService: RemoteException caught trying to send a callback msg for NetworkRequest [ TRACK_DEFAULT id=260, [ Capabilities: INTERNET&NOT_RESTRICTED&TRUSTED&NOT_VPN] ]
05-08 13:58:07.044  1701  1830 E ConnectivityService: RemoteException caught trying to send a callback msg for NetworkRequest [ LISTEN id=258, [ Capabilities: INTERNET&NOT_RESTRICTED&TRUSTED&FOREGROUND] ]
05-08 13:58:07.044  1701  1830 D ConnectivityService: releasing NetworkRequest [ TRACK_DEFAULT id=259, [ Capabilities: INTERNET&NOT_RESTRICTED&TRUSTED&NOT_VPN] ] (CALLBACK_RELEASED)
05-08 13:58:07.045  1701  1830 E ConnectivityService: RemoteException caught trying to send a callback msg for NetworkRequest [ TRACK_DEFAULT id=259, [ Capabilities: INTERNET&NOT_RESTRICTED&TRUSTED&NOT_VPN] ]
05-08 13:59:07.082  1701  1712 I ActivityManager: Killing 14327:com.google.android.googlequicksearchbox:train/u0a30 (adj 906): empty for 1804s
05-08 13:59:07.438  1701  1720 E BatteryStatsService: modem info is invalid: ModemActivityInfo{ mTimestamp=0 mSleepTimeMs=0 mIdleTimeMs=0 mTxTimeMs[]=[0, 0, 0, 0, 0] mRxTimeMs=0 mEnergyUsed=0}
05-08 13:59:44.077  1701  1720 E BatteryStatsService: modem info is invalid: ModemActivityInfo{ mTimestamp=0 mSleepTimeMs=0 mIdleTimeMs=0 mTxTimeMs[]=[0, 0, 0, 0, 0] mRxTimeMs=0 mEnergyUsed=0}
05-08 14:01:37.198  1701  2037 I ActivityManager: Killing 8996:com.android.chrome/u0a43 (adj 906): empty for 1809s
05-08 14:01:37.198  1701  2037 I ActivityManager: Killing 14896:com.android.defcontainer/u0a7 (adj 906): empty for 1809s
05-08 14:01:37.246  1701  8105 D ConnectivityService: ConnectivityService NetworkRequestInfo binderDied(NetworkRequest [ LISTEN id=221, [ Capabilities: INTERNET&NOT_RESTRICTED&TRUSTED&FOREGROUND] ], android.os.BinderProxy@4ffea3f)
05-08 14:01:37.246  1701  1901 D ConnectivityService: ConnectivityService NetworkRequestInfo binderDied(NetworkRequest [ LISTEN id=223, [ Capabilities: INTERNET&NOT_RESTRICTED&TRUSTED&FOREGROUND] ], android.os.BinderProxy@6101f0c)
05-08 14:01:37.249  1701  1830 E ConnectivityService: RemoteException caught trying to send a callback msg for NetworkRequest [ LISTEN id=221, [ Capabilities: INTERNET&NOT_RESTRICTED&TRUSTED&FOREGROUND] ]
05-08 14:01:37.250  1701  1830 E ConnectivityService: RemoteException caught trying to send a callback msg for NetworkRequest [ LISTEN id=223, [ Capabilities: INTERNET&NOT_RESTRICTED&TRUSTED&FOREGROUND] ]
05-08 14:01:37.252  1701  3846 W ActivityManager: Scheduling restart of crashed service com.android.chrome/org.chromium.chrome.browser.customtabs.CustomTabsConnectionService in 1000ms
05-08 14:02:03.870  1701  1701 I ActivityManager: Start proc 15939:com.google.android.dialer/u0a17 for service com.google.android.dialer/com.google.android.apps.dialer.spam.impl.SpamJobService
05-08 14:02:04.049  1701  1903 D CryptdConnector: SND -> {31 cryptfs getpwtype}
05-08 14:02:04.051  1385  1389 D VoldCryptCmdListener: cryptfs getpwtype
05-08 14:02:04.055  1701  1779 D CryptdConnector: RCV <- {213 31 default}
05-08 14:02:21.098  1701  1720 E BatteryStatsService: modem info is invalid: ModemActivityInfo{ mTimestamp=0 mSleepTimeMs=0 mIdleTimeMs=0 mTxTimeMs[]=[0, 0, 0, 0, 0] mRxTimeMs=0 mEnergyUsed=0}
05-08 14:02:24.068  1701  3844 I ActivityManager: Killing 14928:com.android.documentsui/u0a11 (adj 906): empty for 1856s
05-08 14:06:21.497  1701  1720 E BatteryStatsService: modem info is invalid: ModemActivityInfo{ mTimestamp=0 mSleepTimeMs=0 mIdleTimeMs=0 mTxTimeMs[]=[0, 0, 0, 0, 0] mRxTimeMs=0 mEnergyUsed=0}
05-08 14:06:52.837  1701  1720 E BatteryStatsService: modem info is invalid: ModemActivityInfo{ mTimestamp=0 mSleepTimeMs=0 mIdleTimeMs=0 mTxTimeMs[]=[0, 0, 0, 0, 0] mRxTimeMs=0 mEnergyUsed=0}
05-08 14:10:34.477  1701  1720 E BatteryStatsService: modem info is invalid: ModemActivityInfo{ mTimestamp=0 mSleepTimeMs=0 mIdleTimeMs=0 mTxTimeMs[]=[0, 0, 0, 0, 0] mRxTimeMs=0 mEnergyUsed=0}
05-08 14:15:00.578  1701  1720 E BatteryStatsService: modem info is invalid: ModemActivityInfo{ mTimestamp=0 mSleepTimeMs=0 mIdleTimeMs=0 mTxTimeMs[]=[0, 0, 0, 0, 0] mRxTimeMs=0 mEnergyUsed=0}
05-08 14:19:26.301  1701  1701 I ActivityManager: Start proc 16335:com.google.android.youtube/u0a78 for service com.google.android.youtube/androidx.work.impl.background.systemjob.SystemJobService
05-08 14:19:27.882  1701  2448 D ConnectivityService: Returning unblocked NetworkInfo to uid=10078
05-08 14:19:28.215  1701  2036 D ConnectivityService: requestNetwork for uid/pid:10078/16335 NetworkRequest [ TRACK_DEFAULT id=275, [ Capabilities: INTERNET&NOT_RESTRICTED&TRUSTED&NOT_VPN] ]
05-08 14:19:28.308  1701  2408 D ConnectivityService: requestNetwork for uid/pid:10078/16335 NetworkRequest [ TRACK_DEFAULT id=276, [ Capabilities: INTERNET&NOT_RESTRICTED&TRUSTED&NOT_VPN] ]
05-08 14:19:28.478  1701  1717 W BroadcastQueue: Permission Denial: broadcasting Intent { act=android.net.conn.CONNECTIVITY_CHANGE flg=0x4000010 (has extras) } from null (pid=-1, uid=-1) requires com.google.android.youtube.DYNAMIC_RECEIVER_NOT_EXPORTED_PERMISSION due to registered receiver BroadcastFilter{11e22e2 u0 ReceiverList{8b2dfad 16335 com.google.android.youtube/10078/u0 remote:862b4c4}}
05-08 14:19:28.780  1701  3846 D ConnectivityService: requestNetwork for uid/pid:10078/16335 NetworkRequest [ TRACK_DEFAULT id=277, [ Capabilities: INTERNET&NOT_RESTRICTED&TRUSTED&NOT_VPN] ]
05-08 14:19:28.783  1701  1830 D ConnectivityService: releasing NetworkRequest [ TRACK_DEFAULT id=277, [ Capabilities: INTERNET&NOT_RESTRICTED&TRUSTED&NOT_VPN] ] (CALLBACK_RELEASED)
05-08 14:19:28.787  1701  2408 D ConnectivityService: requestNetwork for uid/pid:10078/16335 NetworkRequest [ TRACK_DEFAULT id=278, [ Capabilities: INTERNET&NOT_RESTRICTED&TRUSTED&NOT_VPN] ]
05-08 14:19:30.007  1701  1903 I ActivityManager: Start proc 16459:com.android.chrome/u0a43 for service com.android.chrome/org.chromium.chrome.browser.customtabs.CustomTabsConnectionService
05-08 14:19:30.566  1701  3844 I ActivityManager: Killing 12607:com.google.android.apps.photos/u0a67 (adj 906): empty for 2883s
05-08 14:19:30.626  1701  6139 D ConnectivityService: ConnectivityService NetworkRequestInfo binderDied(NetworkRequest [ TRACK_DEFAULT id=257, [ Capabilities: INTERNET&NOT_RESTRICTED&TRUSTED&NOT_VPN] ], android.os.BinderProxy@74b15ee)
05-08 14:19:30.626  1701  1830 D ConnectivityService: releasing NetworkRequest [ TRACK_DEFAULT id=257, [ Capabilities: INTERNET&NOT_RESTRICTED&TRUSTED&NOT_VPN] ] (CALLBACK_RELEASED)
05-08 14:19:30.628  1701  1830 E ConnectivityService: RemoteException caught trying to send a callback msg for NetworkRequest [ TRACK_DEFAULT id=257, [ Capabilities: INTERNET&NOT_RESTRICTED&TRUSTED&NOT_VPN] ]
