05-16 15:46:28.970 29272 29272 I zygote  :   at void android.app.ActivityThread.main(java.lang.String[]) (ActivityThread.java:6541)
05-16 15:46:28.970 29272 29272 I zygote  :   at java.lang.Object java.lang.reflect.Method.invoke(java.lang.Object, java.lang.Object[]) (Method.java:-2)
05-16 15:46:28.970 29272 29272 I zygote  :   at void com.android.internal.os.Zygote$MethodAndArgsCaller.run() (Zygote.java:240)
05-16 15:46:28.970 29272 29272 I zygote  :   at void com.android.internal.os.ZygoteInit.main(java.lang.String[]) (ZygoteInit.java:767)
05-16 15:46:28.970 29272 29272 I zygote  :
05-16 15:46:28.970 29272 29272 I zygote  : Rejecting re-init on previously-failed class java.lang.Class<cas>: java.lang.NoClassDefFoundError: Failed resolution of: Landroid/view/WindowInsetsAnimation$Callback;
05-16 15:46:28.970 29272 29272 I zygote  :   at java.lang.Object jkz.b() (PG:24)
05-16 15:46:28.970 29272 29272 I zygote  :   at java.lang.Object uis.b() (PG:1)
05-16 15:46:28.970 29272 29272 I zygote  :   at java.lang.Object jkz.b() (PG:17)
05-16 15:46:28.970 29272 29272 I zygote  :   at java.lang.Object uis.b() (PG:1)
05-16 15:46:28.970 29272 29272 I zygote  :   at java.lang.Object uir.b() (PG:2)
05-16 15:46:28.970 29272 29272 I zygote  :   at void kcl.a(java.lang.Object) (PG:12)
05-16 15:46:28.970 29272 29272 I zygote  :   at void ikd.onCreate() (PG:12)
05-16 15:46:28.970 29272 29272 I zygote  :   at void com.google.android.apps.play.movies.mobile.MobileVideosApplication.onCreate() (PG:2)
05-16 15:46:28.970 29272 29272 I zygote  :   at void android.app.Instrumentation.callApplicationOnCreate(android.app.Application) (Instrumentation.java:1118)
05-16 15:46:28.970 29272 29272 I zygote  :   at void android.app.ActivityThread.handleBindApplication(android.app.ActivityThread$AppBindData) (ActivityThread.java:5791)
05-16 15:46:28.970 29272 29272 I zygote  :   at void android.app.ActivityThread.-wrap1(android.app.ActivityThread, android.app.ActivityThread$AppBindData) (ActivityThread.java:-1)
05-16 15:46:28.970 29272 29272 I zygote  :   at void android.app.ActivityThread$H.handleMessage(android.os.Message) (ActivityThread.java:1661)
05-16 15:46:28.970 29272 29272 I zygote  :   at void android.os.Handler.dispatchMessage(android.os.Message) (Handler.java:105)
05-16 15:46:28.970 29272 29272 I zygote  :   at void android.os.Looper.loop() (Looper.java:164)
05-16 15:46:28.970 29272 29272 I zygote  :   at void android.app.ActivityThread.main(java.lang.String[]) (ActivityThread.java:6541)
05-16 15:46:28.970 29272 29272 I zygote  :   at java.lang.Object java.lang.reflect.Method.invoke(java.lang.Object, java.lang.Object[]) (Method.java:-2)
05-16 15:46:28.970 29272 29272 I zygote  :   at void com.android.internal.os.Zygote$MethodAndArgsCaller.run() (Zygote.java:240)
05-16 15:46:28.970 29272 29272 I zygote  :   at void com.android.internal.os.ZygoteInit.main(java.lang.String[]) (ZygoteInit.java:767)
05-16 15:46:28.970 29272 29272 I zygote  : Caused by: java.lang.ClassNotFoundException: Didn't find class "android.view.WindowInsetsAnimation$Callback" on path: DexPathList[[zip file "/data/app/com.google.android.videos-FyjDawlRxr1_Rr0Zvbjhhg==/base.apk"],nativeLibraryDirectories=[/data/app/com.google.android.videos-FyjDawlRxr1_Rr0Zvbjhhg==/lib/x86, /data/app/com.google.android.videos-FyjDawlRxr1_Rr0Zvbjhhg==/base.apk!/lib/x86, /system/lib, /vendor/lib]]
05-16 15:46:28.970 29272 29272 I zygote  :   at java.lang.Class dalvik.system.BaseDexClassLoader.findClass(java.lang.String) (BaseDexClassLoader.java:93)
05-16 15:46:28.970 29272 29272 I zygote  :   at java.lang.Class java.lang.ClassLoader.loadClass(java.lang.String, boolean) (ClassLoader.java:379)
05-16 15:46:28.970 29272 29272 I zygote  :   at java.lang.Class java.lang.ClassLoader.loadClass(java.lang.String) (ClassLoader.java:312)
05-16 15:46:28.970 29272 29272 I zygote  :   at java.lang.Object jkz.b() (PG:24)
05-16 15:46:28.970 29272 29272 I zygote  :   at java.lang.Object uis.b() (PG:1)
05-16 15:46:28.970 29272 29272 I zygote  :   at java.lang.Object jkz.b() (PG:17)
05-16 15:46:28.970 29272 29272 I zygote  :   at java.lang.Object uis.b() (PG:1)
05-16 15:46:28.970 29272 29272 I zygote  :   at java.lang.Object uir.b() (PG:2)
05-16 15:46:28.970 29272 29272 I zygote  :   at void kcl.a(java.lang.Object) (PG:12)
05-16 15:46:28.970 29272 29272 I zygote  :   at void ikd.onCreate() (PG:12)
05-16 15:46:28.970 29272 29272 I zygote  :   at void com.google.android.apps.play.movies.mobile.MobileVideosApplication.onCreate() (PG:2)
05-16 15:46:28.970 29272 29272 I zygote  :   at void android.app.Instrumentation.callApplicationOnCreate(android.app.Application) (Instrumentation.java:1118)
05-16 15:46:28.970 29272 29272 I zygote  :   at void android.app.ActivityThread.handleBindApplication(android.app.ActivityThread$AppBindData) (ActivityThread.java:5791)
05-16 15:46:28.970 29272 29272 I zygote  :   at void android.app.ActivityThread.-wrap1(android.app.ActivityThread, android.app.ActivityThread$AppBindData) (ActivityThread.java:-1)
05-16 15:46:28.970 29272 29272 I zygote  :   at void android.app.ActivityThread$H.handleMessage(android.os.Message) (ActivityThread.java:1661)
05-16 15:46:28.970 29272 29272 I zygote  :   at void android.os.Handler.dispatchMessage(android.os.Message) (Handler.java:105)
05-16 15:46:28.970 29272 29272 I zygote  :   at void android.os.Looper.loop() (Looper.java:164)
05-16 15:46:28.970 29272 29272 I zygote  :   at void android.app.ActivityThread.main(java.lang.String[]) (ActivityThread.java:6541)
05-16 15:46:28.970 29272 29272 I zygote  :   at java.lang.Object java.lang.reflect.Method.invoke(java.lang.Object, java.lang.Object[]) (Method.java:-2)
05-16 15:46:28.970 29272 29272 I zygote  :   at void com.android.internal.os.Zygote$MethodAndArgsCaller.run() (Zygote.java:240)
05-16 15:46:28.970 29272 29272 I zygote  :   at void com.android.internal.os.ZygoteInit.main(java.lang.String[]) (ZygoteInit.java:767)
05-16 15:46:28.970 29272 29272 I zygote  :
05-16 15:46:28.970 29272 29272 I zygote  : Rejecting re-init on previously-failed class java.lang.Class<cas>: java.lang.NoClassDefFoundError: Failed resolution of: Landroid/view/WindowInsetsAnimation$Callback;
05-16 15:46:28.970 29272 29272 I zygote  :   at java.lang.Object jkz.b() (PG:24)
05-16 15:46:28.970 29272 29272 I zygote  :   at java.lang.Object uis.b() (PG:1)
05-16 15:46:28.970 29272 29272 I zygote  :   at java.lang.Object jkz.b() (PG:17)
05-16 15:46:28.970 29272 29272 I zygote  :   at java.lang.Object uis.b() (PG:1)
05-16 15:46:28.970 29272 29272 I zygote  :   at java.lang.Object uir.b() (PG:2)
05-16 15:46:28.970 29272 29272 I zygote  :   at void kcl.a(java.lang.Object) (PG:12)
05-16 15:46:28.970 29272 29272 I zygote  :   at void ikd.onCreate() (PG:12)
05-16 15:46:28.970 29272 29272 I zygote  :   at void com.google.android.apps.play.movies.mobile.MobileVideosApplication.onCreate() (PG:2)
05-16 15:46:28.970 29272 29272 I zygote  :   at void android.app.Instrumentation.callApplicationOnCreate(android.app.Application) (Instrumentation.java:1118)
05-16 15:46:28.970 29272 29272 I zygote  :   at void android.app.ActivityThread.handleBindApplication(android.app.ActivityThread$AppBindData) (ActivityThread.java:5791)
05-16 15:46:28.971 29272 29272 I zygote  :   at void android.app.ActivityThread.-wrap1(android.app.ActivityThread, android.app.ActivityThread$AppBindData) (ActivityThread.java:-1)
05-16 15:46:28.971 29272 29272 I zygote  :   at void android.app.ActivityThread$H.handleMessage(android.os.Message) (ActivityThread.java:1661)
05-16 15:46:28.971 29272 29272 I zygote  :   at void android.os.Handler.dispatchMessage(android.os.Message) (Handler.java:105)
05-16 15:46:28.971 29272 29272 I zygote  :   at void android.os.Looper.loop() (Looper.java:164)
05-16 15:46:28.971 29272 29272 I zygote  :   at void android.app.ActivityThread.main(java.lang.String[]) (ActivityThread.java:6541)
05-16 15:46:28.971 29272 29272 I zygote  :   at java.lang.Object java.lang.reflect.Method.invoke(java.lang.Object, java.lang.Object[]) (Method.java:-2)
05-16 15:46:28.971 29272 29272 I zygote  :   at void com.android.internal.os.Zygote$MethodAndArgsCaller.run() (Zygote.java:240)
05-16 15:46:28.971 29272 29272 I zygote  :   at void com.android.internal.os.ZygoteInit.main(java.lang.String[]) (ZygoteInit.java:767)
05-16 15:46:28.971 29272 29272 I zygote  : Caused by: java.lang.ClassNotFoundException: Didn't find class "android.view.WindowInsetsAnimation$Callback" on path: DexPathList[[zip file "/data/app/com.google.android.videos-FyjDawlRxr1_Rr0Zvbjhhg==/base.apk"],nativeLibraryDirectories=[/data/app/com.google.android.videos-FyjDawlRxr1_Rr0Zvbjhhg==/lib/x86, /data/app/com.google.android.videos-FyjDawlRxr1_Rr0Zvbjhhg==/base.apk!/lib/x86, /system/lib, /vendor/lib]]
05-16 15:46:28.971 29272 29272 I zygote  :   at java.lang.Class dalvik.system.BaseDexClassLoader.findClass(java.lang.String) (BaseDexClassLoader.java:93)
05-16 15:46:28.971 29272 29272 I zygote  :   at java.lang.Class java.lang.ClassLoader.loadClass(java.lang.String, boolean) (ClassLoader.java:379)
05-16 15:46:28.971 29272 29272 I zygote  :   at java.lang.Class java.lang.ClassLoader.loadClass(java.lang.String) (ClassLoader.java:312)
05-16 15:46:28.971 29272 29272 I zygote  :   at java.lang.Object jkz.b() (PG:24)
05-16 15:46:28.971 29272 29272 I zygote  :   at java.lang.Object uis.b() (PG:1)
05-16 15:46:28.971 29272 29272 I zygote  :   at java.lang.Object jkz.b() (PG:17)
05-16 15:46:28.971 29272 29272 I zygote  :   at java.lang.Object uis.b() (PG:1)
05-16 15:46:28.971 29272 29272 I zygote  :   at java.lang.Object uir.b() (PG:2)
05-16 15:46:28.971 29272 29272 I zygote  :   at void kcl.a(java.lang.Object) (PG:12)
05-16 15:46:28.971 29272 29272 I zygote  :   at void ikd.onCreate() (PG:12)
05-16 15:46:28.971 29272 29272 I zygote  :   at void com.google.android.apps.play.movies.mobile.MobileVideosApplication.onCreate() (PG:2)
05-16 15:46:28.971 29272 29272 I zygote  :   at void android.app.Instrumentation.callApplicationOnCreate(android.app.Application) (Instrumentation.java:1118)
05-16 15:46:28.971 29272 29272 I zygote  :   at void android.app.ActivityThread.handleBindApplication(android.app.ActivityThread$AppBindData) (ActivityThread.java:5791)
05-16 15:46:28.971 29272 29272 I zygote  :   at void android.app.ActivityThread.-wrap1(android.app.ActivityThread, android.app.ActivityThread$AppBindData) (ActivityThread.java:-1)
05-16 15:46:28.971 29272 29272 I zygote  :   at void android.app.ActivityThread$H.handleMessage(android.os.Message) (ActivityThread.java:1661)
05-16 15:46:28.971 29272 29272 I zygote  :   at void android.os.Handler.dispatchMessage(android.os.Message) (Handler.java:105)
05-16 15:46:28.971 29272 29272 I zygote  :   at void android.os.Looper.loop() (Looper.java:164)
05-16 15:46:28.971 29272 29272 I zygote  :   at void android.app.ActivityThread.main(java.lang.String[]) (ActivityThread.java:6541)
05-16 15:46:28.971 29272 29272 I zygote  :   at java.lang.Object java.lang.reflect.Method.invoke(java.lang.Object, java.lang.Object[]) (Method.java:-2)
05-16 15:46:28.971 29272 29272 I zygote  :   at void com.android.internal.os.Zygote$MethodAndArgsCaller.run() (Zygote.java:240)
05-16 15:46:28.971 29272 29272 I zygote  :   at void com.android.internal.os.ZygoteInit.main(java.lang.String[]) (ZygoteInit.java:767)
05-16 15:46:28.971 29272 29272 I zygote  :
05-16 15:46:28.983 29272 29272 I zygote  : Rejecting re-init on previously-failed class java.lang.Class<fvt>: java.lang.NoClassDefFoundError: Failed resolution of: Landroid/graphics/ImageDecoder$OnHeaderDecodedListener;
05-16 15:46:28.983 29272 29272 I zygote  :   at void epz.<init>(eqc, java.util.Map, java.util.Map, java.lang.String[]) (PG:1)
05-16 15:46:28.983 29272 29272 I zygote  :   at epz androidx.work.impl.WorkDatabase_Impl.b() (PG:3)
05-16 15:46:28.983 29272 29272 I zygote  :   at void eqc.<init>() (PG:1)
05-16 15:46:28.983 29272 29272 I zygote  :   at void androidx.work.impl.WorkDatabase.<init>() (PG:1)
05-16 15:46:28.983 29272 29272 I zygote  :   at void androidx.work.impl.WorkDatabase_Impl.<init>() (PG:1)
05-16 15:46:28.983 29272 29272 I zygote  :   at java.lang.Object java.lang.reflect.Constructor.newInstance0(java.lang.Object[]) (Constructor.java:-2)
05-16 15:46:28.983 29272 29272 I zygote  :   at java.lang.Object java.lang.reflect.Constructor.newInstance(java.lang.Object[]) (Constructor.java:334)
05-16 15:46:28.983 29272 29272 I zygote  :   at java.lang.Object dpk.e(java.lang.Class) (PG:15)
05-16 15:46:28.983 29272 29272 I zygote  :   at eqc eqb.a() (PG:7)
05-16 15:46:28.983 29272 29272 I zygote  :   at void fax.j(android.content.Context, ptw) (PG:27)
05-16 15:46:28.983 29272 29272 I zygote  :   at java.lang.Object jkz.b() (PG:18)
05-16 15:46:28.983 29272 29272 I zygote  :   at java.lang.Object uis.b() (PG:1)
05-16 15:46:28.983 29272 29272 I zygote  :   at java.lang.Object uir.b() (PG:2)
05-16 15:46:28.983 29272 29272 I zygote  :   at void kcl.a(java.lang.Object) (PG:12)
05-16 15:46:28.983 29272 29272 I zygote  :   at void ikd.onCreate() (PG:12)
05-16 15:46:28.983 29272 29272 I zygote  :   at void com.google.android.apps.play.movies.mobile.MobileVideosApplication.onCreate() (PG:2)
05-16 15:46:28.983 29272 29272 I zygote  :   at void android.app.Instrumentation.callApplicationOnCreate(android.app.Application) (Instrumentation.java:1118)
05-16 15:46:28.983 29272 29272 I zygote  :   at void android.app.ActivityThread.handleBindApplication(android.app.ActivityThread$AppBindData) (ActivityThread.java:5791)
05-16 15:46:28.983 29272 29272 I zygote  :   at void android.app.ActivityThread.-wrap1(android.app.ActivityThread, android.app.ActivityThread$AppBindData) (ActivityThread.java:-1)
05-16 15:46:28.983 29272 29272 I zygote  :   at void android.app.ActivityThread$H.handleMessage(android.os.Message) (ActivityThread.java:1661)
05-16 15:46:28.983 29272 29272 I zygote  :   at void android.os.Handler.dispatchMessage(android.os.Message) (Handler.java:105)
05-16 15:46:28.983 29272 29272 I zygote  :   at void android.os.Looper.loop() (Looper.java:164)
05-16 15:46:28.983 29272 29272 I zygote  :   at void android.app.ActivityThread.main(java.lang.String[]) (ActivityThread.java:6541)
05-16 15:46:28.983 29272 29272 I zygote  :   at java.lang.Object java.lang.reflect.Method.invoke(java.lang.Object, java.lang.Object[]) (Method.java:-2)
05-16 15:46:28.983 29272 29272 I zygote  :   at void com.android.internal.os.Zygote$MethodAndArgsCaller.run() (Zygote.java:240)
05-16 15:46:28.983 29272 29272 I zygote  :   at void com.android.internal.os.ZygoteInit.main(java.lang.String[]) (ZygoteInit.java:767)
05-16 15:46:28.983 29272 29272 I zygote  : Caused by: java.lang.ClassNotFoundException: Didn't find class "android.graphics.ImageDecoder$OnHeaderDecodedListener" on path: DexPathList[[zip file "/data/app/com.google.android.videos-FyjDawlRxr1_Rr0Zvbjhhg==/base.apk"],nativeLibraryDirectories=[/data/app/com.google.android.videos-FyjDawlRxr1_Rr0Zvbjhhg==/lib/x86, /data/app/com.google.android.videos-FyjDawlRxr1_Rr0Zvbjhhg==/base.apk!/lib/x86, /system/lib, /vendor/lib]]
05-16 15:46:28.983 29272 29272 I zygote  :   at java.lang.Class dalvik.system.BaseDexClassLoader.findClass(java.lang.String) (BaseDexClassLoader.java:93)
05-16 15:46:28.983 29272 29272 I zygote  :   at java.lang.Class java.lang.ClassLoader.loadClass(java.lang.String, boolean) (ClassLoader.java:379)
05-16 15:46:28.983 29272 29272 I zygote  :   at java.lang.Class java.lang.ClassLoader.loadClass(java.lang.String) (ClassLoader.java:312)
05-16 15:46:28.983 29272 29272 I zygote  :   at void epz.<init>(eqc, java.util.Map, java.util.Map, java.lang.String[]) (PG:1)
05-16 15:46:28.983 29272 29272 I zygote  :   at epz androidx.work.impl.WorkDatabase_Impl.b() (PG:3)
05-16 15:46:28.983 29272 29272 I zygote  :   at void eqc.<init>() (PG:1)
05-16 15:46:28.983 29272 29272 I zygote  :   at void androidx.work.impl.WorkDatabase.<init>() (PG:1)
05-16 15:46:28.983 29272 29272 I zygote  :   at void androidx.work.impl.WorkDatabase_Impl.<init>() (PG:1)
05-16 15:46:28.983 29272 29272 I zygote  :   at java.lang.Object java.lang.reflect.Constructor.newInstance0(java.lang.Object[]) (Constructor.java:-2)
05-16 15:46:28.983 29272 29272 I zygote  :   at java.lang.Object java.lang.reflect.Constructor.newInstance(java.lang.Object[]) (Constructor.java:334)
05-16 15:46:28.983 29272 29272 I zygote  :   at java.lang.Object dpk.e(java.lang.Class) (PG:15)
05-16 15:46:28.983 29272 29272 I zygote  :   at eqc eqb.a() (PG:7)
05-16 15:46:28.983 29272 29272 I zygote  :   at void fax.j(android.content.Context, ptw) (PG:27)
05-16 15:46:28.983 29272 29272 I zygote  :   at java.lang.Object jkz.b() (PG:18)
05-16 15:46:28.984 29272 29272 I zygote  :   at java.lang.Object uis.b() (PG:1)
05-16 15:46:28.984 29272 29272 I zygote  :   at java.lang.Object uir.b() (PG:2)
05-16 15:46:28.984 29272 29272 I zygote  :   at void kcl.a(java.lang.Object) (PG:12)
05-16 15:46:28.984 29272 29272 I zygote  :   at void ikd.onCreate() (PG:12)
05-16 15:46:28.984 29272 29272 I zygote  :   at void com.google.android.apps.play.movies.mobile.MobileVideosApplication.onCreate() (PG:2)
05-16 15:46:28.984 29272 29272 I zygote  :   at void android.app.Instrumentation.callApplicationOnCreate(android.app.Application) (Instrumentation.java:1118)
05-16 15:46:28.984 29272 29272 I zygote  :   at void android.app.ActivityThread.handleBindApplication(android.app.ActivityThread$AppBindData) (ActivityThread.java:5791)
05-16 15:46:28.984 29272 29272 I zygote  :   at void android.app.ActivityThread.-wrap1(android.app.ActivityThread, android.app.ActivityThread$AppBindData) (ActivityThread.java:-1)
05-16 15:46:28.984 29272 29272 I zygote  :   at void android.app.ActivityThread$H.handleMessage(android.os.Message) (ActivityThread.java:1661)
05-16 15:46:28.984 29272 29272 I zygote  :   at void android.os.Handler.dispatchMessage(android.os.Message) (Handler.java:105)
05-16 15:46:28.984 29272 29272 I zygote  :   at void android.os.Looper.loop() (Looper.java:164)
05-16 15:46:28.984 29272 29272 I zygote  :   at void android.app.ActivityThread.main(java.lang.String[]) (ActivityThread.java:6541)
05-16 15:46:28.984 29272 29272 I zygote  :   at java.lang.Object java.lang.reflect.Method.invoke(java.lang.Object, java.lang.Object[]) (Method.java:-2)
05-16 15:46:28.984 29272 29272 I zygote  :   at void com.android.internal.os.Zygote$MethodAndArgsCaller.run() (Zygote.java:240)
05-16 15:46:28.984 29272 29272 I zygote  :   at void com.android.internal.os.ZygoteInit.main(java.lang.String[]) (ZygoteInit.java:767)
05-16 15:46:28.984 29272 29272 I zygote  :
05-16 15:46:28.984 29272 29272 I zygote  : Rejecting re-init on previously-failed class java.lang.Class<fvt>: java.lang.NoClassDefFoundError: Failed resolution of: Landroid/graphics/ImageDecoder$OnHeaderDecodedListener;
05-16 15:46:28.984 29272 29272 I zygote  :   at void epz.<init>(eqc, java.util.Map, java.util.Map, java.lang.String[]) (PG:1)
05-16 15:46:28.984 29272 29272 I zygote  :   at epz androidx.work.impl.WorkDatabase_Impl.b() (PG:3)
05-16 15:46:28.984 29272 29272 I zygote  :   at void eqc.<init>() (PG:1)
05-16 15:46:28.984 29272 29272 I zygote  :   at void androidx.work.impl.WorkDatabase.<init>() (PG:1)
05-16 15:46:28.984 29272 29272 I zygote  :   at void androidx.work.impl.WorkDatabase_Impl.<init>() (PG:1)
05-16 15:46:28.984 29272 29272 I zygote  :   at java.lang.Object java.lang.reflect.Constructor.newInstance0(java.lang.Object[]) (Constructor.java:-2)
05-16 15:46:28.984 29272 29272 I zygote  :   at java.lang.Object java.lang.reflect.Constructor.newInstance(java.lang.Object[]) (Constructor.java:334)
05-16 15:46:28.984 29272 29272 I zygote  :   at java.lang.Object dpk.e(java.lang.Class) (PG:15)
05-16 15:46:28.984 29272 29272 I zygote  :   at eqc eqb.a() (PG:7)
05-16 15:46:28.984 29272 29272 I zygote  :   at void fax.j(android.content.Context, ptw) (PG:27)
05-16 15:46:28.984 29272 29272 I zygote  :   at java.lang.Object jkz.b() (PG:18)
05-16 15:46:28.984 29272 29272 I zygote  :   at java.lang.Object uis.b() (PG:1)
05-16 15:46:28.984 29272 29272 I zygote  :   at java.lang.Object uir.b() (PG:2)
05-16 15:46:28.984 29272 29272 I zygote  :   at void kcl.a(java.lang.Object) (PG:12)
05-16 15:46:28.984 29272 29272 I zygote  :   at void ikd.onCreate() (PG:12)
05-16 15:46:28.984 29272 29272 I zygote  :   at void com.google.android.apps.play.movies.mobile.MobileVideosApplication.onCreate() (PG:2)
05-16 15:46:28.984 29272 29272 I zygote  :   at void android.app.Instrumentation.callApplicationOnCreate(android.app.Application) (Instrumentation.java:1118)
05-16 15:46:28.984 29272 29272 I zygote  :   at void android.app.ActivityThread.handleBindApplication(android.app.ActivityThread$AppBindData) (ActivityThread.java:5791)
05-16 15:46:28.984 29272 29272 I zygote  :   at void android.app.ActivityThread.-wrap1(android.app.ActivityThread, android.app.ActivityThread$AppBindData) (ActivityThread.java:-1)
05-16 15:46:28.984 29272 29272 I zygote  :   at void android.app.ActivityThread$H.handleMessage(android.os.Message) (ActivityThread.java:1661)
05-16 15:46:28.984 29272 29272 I zygote  :   at void android.os.Handler.dispatchMessage(android.os.Message) (Handler.java:105)
05-16 15:46:28.984 29272 29272 I zygote  :   at void android.os.Looper.loop() (Looper.java:164)
05-16 15:46:28.984 29272 29272 I zygote  :   at void android.app.ActivityThread.main(java.lang.String[]) (ActivityThread.java:6541)
05-16 15:46:28.984 29272 29272 I zygote  :   at java.lang.Object java.lang.reflect.Method.invoke(java.lang.Object, java.lang.Object[]) (Method.java:-2)
05-16 15:46:28.984 29272 29272 I zygote  :   at void com.android.internal.os.Zygote$MethodAndArgsCaller.run() (Zygote.java:240)
05-16 15:46:28.984 29272 29272 I zygote  :   at void com.android.internal.os.ZygoteInit.main(java.lang.String[]) (ZygoteInit.java:767)
05-16 15:46:28.984 29272 29272 I zygote  : Caused by: java.lang.ClassNotFoundException: Didn't find class "android.graphics.ImageDecoder$OnHeaderDecodedListener" on path: DexPathList[[zip file "/data/app/com.google.android.videos-FyjDawlRxr1_Rr0Zvbjhhg==/base.apk"],nativeLibraryDirectories=[/data/app/com.google.android.videos-FyjDawlRxr1_Rr0Zvbjhhg==/lib/x86, /data/app/com.google.android.videos-FyjDawlRxr1_Rr0Zvbjhhg==/base.apk!/lib/x86, /system/lib, /vendor/lib]]
05-16 15:46:28.984 29272 29272 I zygote  :   at java.lang.Class dalvik.system.BaseDexClassLoader.findClass(java.lang.String) (BaseDexClassLoader.java:93)
05-16 15:46:28.984 29272 29272 I zygote  :   at java.lang.Class java.lang.ClassLoader.loadClass(java.lang.String, boolean) (ClassLoader.java:379)
05-16 15:46:28.984 29272 29272 I zygote  :   at java.lang.Class java.lang.ClassLoader.loadClass(java.lang.String) (ClassLoader.java:312)
05-16 15:46:28.984 29272 29272 I zygote  :   at void epz.<init>(eqc, java.util.Map, java.util.Map, java.lang.String[]) (PG:1)
05-16 15:46:28.984 29272 29272 I zygote  :   at epz androidx.work.impl.WorkDatabase_Impl.b() (PG:3)
05-16 15:46:28.984 29272 29272 I zygote  :   at void eqc.<init>() (PG:1)
05-16 15:46:28.984 29272 29272 I zygote  :   at void androidx.work.impl.WorkDatabase.<init>() (PG:1)
05-16 15:46:28.984 29272 29272 I zygote  :   at void androidx.work.impl.WorkDatabase_Impl.<init>() (PG:1)
05-16 15:46:28.984 29272 29272 I zygote  :   at java.lang.Object java.lang.reflect.Constructor.newInstance0(java.lang.Object[]) (Constructor.java:-2)
05-16 15:46:28.984 29272 29272 I zygote  :   at java.lang.Object java.lang.reflect.Constructor.newInstance(java.lang.Object[]) (Constructor.java:334)
05-16 15:46:28.985 29272 29272 I zygote  :   at java.lang.Object dpk.e(java.lang.Class) (PG:15)
05-16 15:46:28.985 29272 29272 I zygote  :   at eqc eqb.a() (PG:7)
05-16 15:46:28.985 29272 29272 I zygote  :   at void fax.j(android.content.Context, ptw) (PG:27)
05-16 15:46:28.985 29272 29272 I zygote  :   at java.lang.Object jkz.b() (PG:18)
05-16 15:46:28.985 29272 29272 I zygote  :   at java.lang.Object uis.b() (PG:1)
05-16 15:46:28.985 29272 29272 I zygote  :   at java.lang.Object uir.b() (PG:2)
05-16 15:46:28.985 29272 29272 I zygote  :   at void kcl.a(java.lang.Object) (PG:12)
05-16 15:46:28.985 29272 29272 I zygote  :   at void ikd.onCreate() (PG:12)
05-16 15:46:28.985 29272 29272 I zygote  :   at void com.google.android.apps.play.movies.mobile.MobileVideosApplication.onCreate() (PG:2)
05-16 15:46:28.985 29272 29272 I zygote  :   at void android.app.Instrumentation.callApplicationOnCreate(android.app.Application) (Instrumentation.java:1118)
05-16 15:46:28.985 29272 29272 I zygote  :   at void android.app.ActivityThread.handleBindApplication(android.app.ActivityThread$AppBindData) (ActivityThread.java:5791)
05-16 15:46:28.985 29272 29272 I zygote  :   at void android.app.ActivityThread.-wrap1(android.app.ActivityThread, android.app.ActivityThread$AppBindData) (ActivityThread.java:-1)
05-16 15:46:28.985 29272 29272 I zygote  :   at void android.app.ActivityThread$H.handleMessage(android.os.Message) (ActivityThread.java:1661)
05-16 15:46:28.985 29272 29272 I zygote  :   at void android.os.Handler.dispatchMessage(android.os.Message) (Handler.java:105)
05-16 15:46:28.985 29272 29272 I zygote  :   at void android.os.Looper.loop() (Looper.java:164)
05-16 15:46:28.985 29272 29272 I zygote  :   at void android.app.ActivityThread.main(java.lang.String[]) (ActivityThread.java:6541)
05-16 15:46:28.985 29272 29272 I zygote  :   at java.lang.Object java.lang.reflect.Method.invoke(java.lang.Object, java.lang.Object[]) (Method.java:-2)
05-16 15:46:28.985 29272 29272 I zygote  :   at void com.android.internal.os.Zygote$MethodAndArgsCaller.run() (Zygote.java:240)
05-16 15:46:28.985 29272 29272 I zygote  :   at void com.android.internal.os.ZygoteInit.main(java.lang.String[]) (ZygoteInit.java:767)
05-16 15:46:28.985 29272 29272 I zygote  :
05-16 15:46:28.985 29272 29272 I zygote  : Rejecting re-init on previously-failed class java.lang.Class<fvt>: java.lang.NoClassDefFoundError: Failed resolution of: Landroid/graphics/ImageDecoder$OnHeaderDecodedListener;
05-16 15:46:28.985 29272 29272 I zygote  :   at void epz.<init>(eqc, java.util.Map, java.util.Map, java.lang.String[]) (PG:1)
05-16 15:46:28.985 29272 29272 I zygote  :   at epz androidx.work.impl.WorkDatabase_Impl.b() (PG:3)
05-16 15:46:28.985 29272 29272 I zygote  :   at void eqc.<init>() (PG:1)
05-16 15:46:28.985 29272 29272 I zygote  :   at void androidx.work.impl.WorkDatabase.<init>() (PG:1)
05-16 15:46:28.985 29272 29272 I zygote  :   at void androidx.work.impl.WorkDatabase_Impl.<init>() (PG:1)
05-16 15:46:28.985 29272 29272 I zygote  :   at java.lang.Object java.lang.reflect.Constructor.newInstance0(java.lang.Object[]) (Constructor.java:-2)
05-16 15:46:28.985 29272 29272 I zygote  :   at java.lang.Object java.lang.reflect.Constructor.newInstance(java.lang.Object[]) (Constructor.java:334)
05-16 15:46:28.985 29272 29272 I zygote  :   at java.lang.Object dpk.e(java.lang.Class) (PG:15)
05-16 15:46:28.985 29272 29272 I zygote  :   at eqc eqb.a() (PG:7)
05-16 15:46:28.985 29272 29272 I zygote  :   at void fax.j(android.content.Context, ptw) (PG:27)
05-16 15:46:28.985 29272 29272 I zygote  :   at java.lang.Object jkz.b() (PG:18)
05-16 15:46:28.985 29272 29272 I zygote  :   at java.lang.Object uis.b() (PG:1)
05-16 15:46:28.985 29272 29272 I zygote  :   at java.lang.Object uir.b() (PG:2)
05-16 15:46:28.985 29272 29272 I zygote  :   at void kcl.a(java.lang.Object) (PG:12)
05-16 15:46:28.985 29272 29272 I zygote  :   at void ikd.onCreate() (PG:12)
05-16 15:46:28.985 29272 29272 I zygote  :   at void com.google.android.apps.play.movies.mobile.MobileVideosApplication.onCreate() (PG:2)
05-16 15:46:28.985 29272 29272 I zygote  :   at void android.app.Instrumentation.callApplicationOnCreate(android.app.Application) (Instrumentation.java:1118)
05-16 15:46:28.985 29272 29272 I zygote  :   at void android.app.ActivityThread.handleBindApplication(android.app.ActivityThread$AppBindData) (ActivityThread.java:5791)
05-16 15:46:28.985 29272 29272 I zygote  :   at void android.app.ActivityThread.-wrap1(android.app.ActivityThread, android.app.ActivityThread$AppBindData) (ActivityThread.java:-1)
05-16 15:46:28.985 29272 29272 I zygote  :   at void android.app.ActivityThread$H.handleMessage(android.os.Message) (ActivityThread.java:1661)
05-16 15:46:28.985 29272 29272 I zygote  :   at void android.os.Handler.dispatchMessage(android.os.Message) (Handler.java:105)
05-16 15:46:28.985 29272 29272 I zygote  :   at void android.os.Looper.loop() (Looper.java:164)
05-16 15:46:28.985 29272 29272 I zygote  :   at void android.app.ActivityThread.main(java.lang.String[]) (ActivityThread.java:6541)
05-16 15:46:28.985 29272 29272 I zygote  :   at java.lang.Object java.lang.reflect.Method.invoke(java.lang.Object, java.lang.Object[]) (Method.java:-2)
05-16 15:46:28.985 29272 29272 I zygote  :   at void com.android.internal.os.Zygote$MethodAndArgsCaller.run() (Zygote.java:240)
05-16 15:46:28.985 29272 29272 I zygote  :   at void com.android.internal.os.ZygoteInit.main(java.lang.String[]) (ZygoteInit.java:767)
05-16 15:46:28.985 29272 29272 I zygote  : Caused by: java.lang.ClassNotFoundException: Didn't find class "android.graphics.ImageDecoder$OnHeaderDecodedListener" on path: DexPathList[[zip file "/data/app/com.google.android.videos-FyjDawlRxr1_Rr0Zvbjhhg==/base.apk"],nativeLibraryDirectories=[/data/app/com.google.android.videos-FyjDawlRxr1_Rr0Zvbjhhg==/lib/x86, /data/app/com.google.android.videos-FyjDawlRxr1_Rr0Zvbjhhg==/base.apk!/lib/x86, /system/lib, /vendor/lib]]
05-16 15:46:28.985 29272 29272 I zygote  :   at java.lang.Class dalvik.system.BaseDexClassLoader.findClass(java.lang.String) (BaseDexClassLoader.java:93)
05-16 15:46:28.985 29272 29272 I zygote  :   at java.lang.Class java.lang.ClassLoader.loadClass(java.lang.String, boolean) (ClassLoader.java:379)
05-16 15:46:28.985 29272 29272 I zygote  :   at java.lang.Class java.lang.ClassLoader.loadClass(java.lang.String) (ClassLoader.java:312)
05-16 15:46:28.985 29272 29272 I zygote  :   at void epz.<init>(eqc, java.util.Map, java.util.Map, java.lang.String[]) (PG:1)
05-16 15:46:28.985 29272 29272 I zygote  :   at epz androidx.work.impl.WorkDatabase_Impl.b() (PG:3)
05-16 15:46:28.985 29272 29272 I zygote  :   at void eqc.<init>() (PG:1)
05-16 15:46:28.985 29272 29272 I zygote  :   at void androidx.work.impl.WorkDatabase.<init>() (PG:1)
05-16 15:46:28.986 29272 29272 I zygote  :   at void androidx.work.impl.WorkDatabase_Impl.<init>() (PG:1)
05-16 15:46:28.986 29272 29272 I zygote  :   at java.lang.Object java.lang.reflect.Constructor.newInstance0(java.lang.Object[]) (Constructor.java:-2)
05-16 15:46:28.986 29272 29272 I zygote  :   at java.lang.Object java.lang.reflect.Constructor.newInstance(java.lang.Object[]) (Constructor.java:334)
05-16 15:46:28.986 29272 29272 I zygote  :   at java.lang.Object dpk.e(java.lang.Class) (PG:15)
05-16 15:46:28.986 29272 29272 I zygote  :   at eqc eqb.a() (PG:7)
05-16 15:46:28.986 29272 29272 I zygote  :   at void fax.j(android.content.Context, ptw) (PG:27)
05-16 15:46:28.986 29272 29272 I zygote  :   at java.lang.Object jkz.b() (PG:18)
05-16 15:46:28.986 29272 29272 I zygote  :   at java.lang.Object uis.b() (PG:1)
05-16 15:46:28.986 29272 29272 I zygote  :   at java.lang.Object uir.b() (PG:2)
05-16 15:46:28.986 29272 29272 I zygote  :   at void kcl.a(java.lang.Object) (PG:12)
05-16 15:46:28.986 29272 29272 I zygote  :   at void ikd.onCreate() (PG:12)
05-16 15:46:28.986 29272 29272 I zygote  :   at void com.google.android.apps.play.movies.mobile.MobileVideosApplication.onCreate() (PG:2)
05-16 15:46:28.986 29272 29272 I zygote  :   at void android.app.Instrumentation.callApplicationOnCreate(android.app.Application) (Instrumentation.java:1118)
05-16 15:46:28.986 29272 29272 I zygote  :   at void android.app.ActivityThread.handleBindApplication(android.app.ActivityThread$AppBindData) (ActivityThread.java:5791)
05-16 15:46:28.986 29272 29272 I zygote  :   at void android.app.ActivityThread.-wrap1(android.app.ActivityThread, android.app.ActivityThread$AppBindData) (ActivityThread.java:-1)
05-16 15:46:28.986 29272 29272 I zygote  :   at void android.app.ActivityThread$H.handleMessage(android.os.Message) (ActivityThread.java:1661)
05-16 15:46:28.986 29272 29272 I zygote  :   at void android.os.Handler.dispatchMessage(android.os.Message) (Handler.java:105)
05-16 15:46:28.986 29272 29272 I zygote  :   at void android.os.Looper.loop() (Looper.java:164)
05-16 15:46:28.986 29272 29272 I zygote  :   at void android.app.ActivityThread.main(java.lang.String[]) (ActivityThread.java:6541)
05-16 15:46:28.986 29272 29272 I zygote  :   at java.lang.Object java.lang.reflect.Method.invoke(java.lang.Object, java.lang.Object[]) (Method.java:-2)
05-16 15:46:28.986 29272 29272 I zygote  :   at void com.android.internal.os.Zygote$MethodAndArgsCaller.run() (Zygote.java:240)
05-16 15:46:28.986 29272 29272 I zygote  :   at void com.android.internal.os.ZygoteInit.main(java.lang.String[]) (ZygoteInit.java:767)
05-16 15:46:28.986 29272 29272 I zygote  :
05-16 15:46:29.049  1701  3846 D ConnectivityService: requestNetwork for uid/pid:10072/29272 NetworkRequest [ TRACK_DEFAULT id=366, [ Capabilities: INTERNET&NOT_RESTRICTED&TRUSTED&NOT_VPN] ]
05-16 15:46:29.049  1701  1826 D WIFI    : got request NetworkRequest [ TRACK_DEFAULT id=366, [ Capabilities: INTERNET&NOT_RESTRICTED&TRUSTED&NOT_VPN] ] with score 60
05-16 15:46:29.049  1701  1826 D WIFI_UT : got request NetworkRequest [ TRACK_DEFAULT id=366, [ Capabilities: INTERNET&NOT_RESTRICTED&TRUSTED&NOT_VPN] ] with score 60
05-16 15:46:29.049  1988  1988 D PhoneSwitcherNetworkRequstListener: got request NetworkRequest [ TRACK_DEFAULT id=366, [ Capabilities: INTERNET&NOT_RESTRICTED&TRUSTED&NOT_VPN] ] with score 60
05-16 15:46:29.051 29272 29300 E SQLiteLog: (5) statement aborts at 1: [PRAGMA journal_mode=TRUNCATE] database is locked
05-16 15:46:29.051 29272 29300 W SQLiteConnection: Could not change the database journal mode of '/data/user/0/com.google.android.videos/databases/purchase_store.db' from 'wal' to 'TRUNCATE' because the database is locked.  This usually means that there are other open connections to the database which prevents the database from enabling or disabling write-ahead logging mode.  Proceeding without changing the journal mode.
05-16 15:46:29.065 29272 29291 W PlayMovies: ru.invokeSuspend:39 Observing cache file clear_cache_file_name.tmp
05-16 15:46:29.065 29272 29291 W PlayMovies:
05-16 15:46:29.107 29272 29272 W PlayMovies: ikd.onCreate:65 Installer Package: com.android.vending
05-16 15:46:29.107 29272 29272 W PlayMovies:
05-16 15:46:29.114 29272 29272 W MediaSessionCompat: Couldn't find a unique registered media button receiver in the given context.
05-16 15:46:29.131 29272 29272 V MediaRouter: Adding route: RouteInfo{ name=Phone, description=null, status=null, category=RouteCategory{ name=System types=ROUTE_TYPE_LIVE_AUDIO ROUTE_TYPE_LIVE_VIDEO  groupable=false }, supportedTypes=ROUTE_TYPE_LIVE_AUDIO ROUTE_TYPE_LIVE_VIDEO , presentationDisplay=null }
05-16 15:46:29.142 29272 29272 V MediaRouter: Selecting route: RouteInfo{ name=Phone, description=null, status=null, category=RouteCategory{ name=System types=ROUTE_TYPE_LIVE_AUDIO ROUTE_TYPE_LIVE_VIDEO  groupable=false }, supportedTypes=ROUTE_TYPE_LIVE_AUDIO ROUTE_TYPE_LIVE_VIDEO , presentationDisplay=null }
05-16 15:46:29.152  1701  2364 D ConnectivityService: requestNetwork for uid/pid:10072/29272 NetworkRequest [ TRACK_DEFAULT id=367, [ Capabilities: INTERNET&NOT_RESTRICTED&TRUSTED&NOT_VPN] ]
05-16 15:46:29.152  1988  1988 D PhoneSwitcherNetworkRequstListener: got request NetworkRequest [ TRACK_DEFAULT id=367, [ Capabilities: INTERNET&NOT_RESTRICTED&TRUSTED&NOT_VPN] ] with score 60
05-16 15:46:29.153  1701  1826 D WIFI    : got request NetworkRequest [ TRACK_DEFAULT id=367, [ Capabilities: INTERNET&NOT_RESTRICTED&TRUSTED&NOT_VPN] ] with score 60
05-16 15:46:29.153  1701  1826 D WIFI_UT : got request NetworkRequest [ TRACK_DEFAULT id=367, [ Capabilities: INTERNET&NOT_RESTRICTED&TRUSTED&NOT_VPN] ] with score 60
05-16 15:46:29.153 29272 29272 E BluetoothAdapter: Bluetooth binder is null
05-16 15:46:29.177 29313 29313 I chatty  : uid=10078(u0_a78) com.google.android.youtube expire 232 lines
05-16 15:46:29.177  8138  8296 W GetConfigSnapshotOp: Succeeded but not registered: com.google.android.videos [CONTEXT service_id=51 ]
05-16 15:46:29.180  1701  1903 I ActivityManager: Start proc 29313:com.google.android.youtube/u0a78 for broadcast com.google.android.youtube/androidx.work.impl.background.systemalarm.RescheduleReceiver
05-16 15:46:29.183 29272 29272 V MediaRouter: Selecting route: RouteInfo{ name=Phone, description=null, status=null, category=RouteCategory{ name=System types=ROUTE_TYPE_LIVE_AUDIO ROUTE_TYPE_LIVE_VIDEO  groupable=false }, supportedTypes=ROUTE_TYPE_LIVE_AUDIO ROUTE_TYPE_LIVE_VIDEO , presentationDisplay=null }
05-16 15:46:29.193 28963 28976 I chatty  : uid=10066(u0_a66) Profile Saver expire 2 lines
05-16 15:46:29.207  8138  8143 I zygote  : Do partial code cache collection, code=2015KB, data=1263KB
05-16 15:46:29.208  8138  8143 I zygote  : After code cache collection, code=1996KB, data=1253KB
05-16 15:46:29.208  8138  8143 I zygote  : Increasing code cache capacity to 5MB
05-16 15:46:29.903  1701  8105 D ConnectivityService: Returning blocked NetworkInfo to uid=10078
05-16 15:46:29.980  1430  1614 V EmulatedCamera_Camera: getCameraInfo
05-16 15:46:29.981  1430  1614 V EmulatedCamera_BaseCamera: getCameraInfo
05-16 15:46:29.984  1430  1430 V EmulatedCamera_Camera: getCameraInfo
05-16 15:46:29.984  1430  1430 V EmulatedCamera_BaseCamera: getCameraInfo
05-16 15:46:30.001 29313 29356 I chatty  : uid=10078(u0_a78) ThreadPoolForeg expire 1 line
05-16 15:46:30.084 29313 29337 I chatty  : uid=10078(u0_a78) yt-critical Thr expire 7 lines
05-16 15:46:30.103 29313 29318 I chatty  : uid=10078(u0_a78) Jit thread pool expire 4 lines
05-16 15:46:30.133  1701  2408 D ConnectivityService: requestNetwork for uid/pid:10078/29313 NetworkRequest [ TRACK_DEFAULT id=369, [ Capabilities: INTERNET&NOT_RESTRICTED&TRUSTED&NOT_VPN] ]
05-16 15:46:30.134  1701  1826 D WIFI    : got request NetworkRequest [ TRACK_DEFAULT id=369, [ Capabilities: INTERNET&NOT_RESTRICTED&TRUSTED&NOT_VPN] ] with score 60
05-16 15:46:30.134  1701  1826 D WIFI_UT : got request NetworkRequest [ TRACK_DEFAULT id=369, [ Capabilities: INTERNET&NOT_RESTRICTED&TRUSTED&NOT_VPN] ] with score 60
05-16 15:46:30.134  1988  1988 D PhoneSwitcherNetworkRequstListener: got request NetworkRequest [ TRACK_DEFAULT id=369, [ Capabilities: INTERNET&NOT_RESTRICTED&TRUSTED&NOT_VPN] ] with score 60
05-16 15:46:30.172 29313 29336 I chatty  : uid=10078(u0_a78) yt-critical Thr expire 1 line
05-16 15:46:30.196 29313 29375 I chatty  : uid=10078(u0_a78) com.google.android.youtube expire 62 lines
05-16 15:46:30.219  1701  2037 W ActivityManager: Background start not allowed: service Intent { cmp=com.google.android.apps.messaging/.shared.datamodel.action.execution.ActionExecutorImpl$EmptyService } to com.google.android.apps.messaging/.shared.datamodel.action.execution.ActionExecutorImpl$EmptyService from pid=28963 uid=10066 pkg=com.google.android.apps.messaging
05-16 15:46:30.226  1701  2448 W ActivityManager: Background start not allowed: service Intent { cmp=com.google.android.apps.messaging/.shared.datamodel.action.execution.ActionExecutorImpl$EmptyService } to com.google.android.apps.messaging/.shared.datamodel.action.execution.ActionExecutorImpl$EmptyService from pid=28963 uid=10066 pkg=com.google.android.apps.messaging
05-16 15:46:30.239 28963 28966 I chatty  : uid=10066(u0_a66) Jit thread pool expire 3 lines
05-16 15:46:30.260 29384 29384 W zygote  : Unexpected CPU variant for X86 using defaults: x86
05-16 15:46:30.263  1701  2437 I ActivityManager: Start proc 29384:com.google.android.apps.wallpaper/u0a73 for broadcast com.google.android.apps.wallpaper/.module.DailyLoggingAlarmReceiver
05-16 15:46:30.293  1701  2448 D ConnectivityService: requestNetwork for uid/pid:10078/29313 NetworkRequest [ TRACK_DEFAULT id=370, [ Capabilities: INTERNET&NOT_RESTRICTED&TRUSTED&NOT_VPN] ]
05-16 15:46:30.294  1988  1988 D PhoneSwitcherNetworkRequstListener: got request NetworkRequest [ TRACK_DEFAULT id=370, [ Capabilities: INTERNET&NOT_RESTRICTED&TRUSTED&NOT_VPN] ] with score 60
05-16 15:46:30.294  1701  1826 D WIFI    : got request NetworkRequest [ TRACK_DEFAULT id=370, [ Capabilities: INTERNET&NOT_RESTRICTED&TRUSTED&NOT_VPN] ] with score 60
05-16 15:46:30.294  1701  1826 D WIFI_UT : got request NetworkRequest [ TRACK_DEFAULT id=370, [ Capabilities: INTERNET&NOT_RESTRICTED&TRUSTED&NOT_VPN] ] with score 60
05-16 15:46:30.299 29313 29337 I chatty  : uid=10078(u0_a78) yt-critical Thr expire 60 lines
05-16 15:46:30.299 29313 29337 I zygote  : Caused by: java.lang.ClassNotFoundException: Didn't find class "android.content.pm.PackageManager$OnChecksumsReadyListener" on path: DexPathList[[zip file "/data/app/com.google.android.youtube-myLz2PQ_KOW1aKWpn99bow==/base.apk", zip file "/data/app/com.google.android.youtube-myLz2PQ_KOW1aKWpn99bow==/split_config.en.apk", zip file "/data/app/com.google.android.youtube-myLz2PQ_KOW1aKWpn99bow==/split_config.x86.apk", zip file "/data/app/com.google.android.youtube-myLz2PQ_KOW1aKWpn99bow==/split_config.xxhdpi.apk"],nativeLibraryDirectories=[/data/app/com.google.android.youtube-myLz2PQ_KOW1aKWpn99bow==/lib/x86, /data/app/com.google.android.youtube-myLz2PQ_KOW1aKWpn99bow==/base.apk!/lib/x86, /data/app/com.google.android.youtube-myLz2PQ_KOW1aKWpn99bow==/split_config.en.apk!/lib/x86, /data/app/com.google.android.youtube-myLz2PQ_KOW1aKWpn99bow==/split_config.x86.apk!/lib/x86, /data/app/com.google.android.youtube-myLz2PQ_KOW1aKWpn99bow==/split_config.xxhdpi.apk!/lib/x86, /system/lib, /vendor/lib]]
05-16 15:46:30.299 29313 29337 I zygote  :   at java.lang.Class dalvik.system.BaseDexClassLoader.findClass(java.lang.String) (BaseDexClassLoader.java:93)
05-16 15:46:30.299 29313 29337 I zygote  :   at java.lang.Class java.lang.ClassLoader.loadClass(java.lang.String, boolean) (ClassLoader.java:379)
05-16 15:46:30.299 29313 29337 I zygote  :   at java.lang.Class java.lang.ClassLoader.loadClass(java.lang.String) (ClassLoader.java:312)
05-16 15:46:30.299 29313 29337 I zygote  :   at java.util.List fsg.t(fsz, android.content.Context, amru) (PG:35)
05-16 15:46:30.299 29313 29337 I zygote  :   at java.util.List fsh.t(fsz, android.content.Context, amru) (PG:35)
05-16 15:46:30.299 29313 29337 I zygote  :   at amru fsg.l(android.content.Context) (PG:67)
05-16 15:46:30.299 29313 29337 I zygote  :   at java.lang.String fsd.p(android.content.Context, java.lang.String, int, android.view.View, android.app.Activity) (PG:72)
05-16 15:46:30.299 29313 29337 I zygote  :   at java.lang.String fsd.d(android.content.Context) (PG:13)
05-16 15:46:30.299 29313 29337 I zygote  :   at java.lang.String fsf.n(android.content.Context) (PG:22)
05-16 15:46:30.299 29313 29337 I zygote  :   at java.lang.String nzc.b(oww, byte[]) (PG:9)
05-16 15:46:30.299 29313 29337 I zygote  :   at java.lang.String nzf.a(android.content.Context, byte[]) (PG:7)
05-16 15:46:30.299 29313 29337 I zygote  :   at java.lang.String vvm.e() (PG:15)
05-16 15:46:30.299 29313 29337 I zygote  :   at java.lang.String vvo.k() (PG:36)
05-16 15:46:30.299 29313 29337 I zygote  :   at java.lang.String vvo.f() (PG:49)
05-16 15:46:30.299 29313 29337 I zygote  :   at void vvo.h() (PG:1)
05-16 15:46:30.299 29313 29337 I zygote  :   at void fzv.run() (PG:680)
05-16 15:46:30.299 29313 29337 I zygote  :   at void xml.run() (PG:20)
05-16 15:46:30.299 29313 29337 I zygote  :   at void azjk.run() (PG:27)
05-16 15:46:30.299 29313 29337 I zygote  :   at void alga.run() (PG:50)
05-16 15:46:30.299 29313 29337 I zygote  :   at void qgg.run() (PG:253)
05-16 15:46:30.300 29313 29337 I zygote  :   at void java.lang.Thread.run() (Thread.java:764)
05-16 15:46:30.300 29313 29337 I zygote  :   at void qig.run() (PG:64)
05-16 15:46:30.300 29313 29337 I zygote  :
05-16 15:46:30.300 29313 29337 I zygote  : Rejecting re-init on previously-failed class java.lang.Class<fum>: java.lang.NoClassDefFoundError: Failed resolution of: Landroid/content/pm/PackageManager$OnChecksumsReadyListener;
05-16 15:46:30.300 29313 29337 I zygote  :   at java.util.List fsg.t(fsz, android.content.Context, amru) (PG:35)
05-16 15:46:30.300 29313 29337 I zygote  :   at java.util.List fsh.t(fsz, android.content.Context, amru) (PG:35)
05-16 15:46:30.300 29313 29337 I zygote  :   at amru fsg.l(android.content.Context) (PG:67)
05-16 15:46:30.300 29313 29337 I zygote  :   at java.lang.String fsd.p(android.content.Context, java.lang.String, int, android.view.View, android.app.Activity) (PG:72)
05-16 15:46:30.300 29313 29337 I zygote  :   at java.lang.String fsd.d(android.content.Context) (PG:13)
05-16 15:46:30.300 29313 29337 I zygote  :   at java.lang.String fsf.n(android.content.Context) (PG:22)
05-16 15:46:30.300 29313 29337 I zygote  :   at java.lang.String nzc.b(oww, byte[]) (PG:9)
05-16 15:46:30.300 29313 29337 I zygote  :   at java.lang.String nzf.a(android.content.Context, byte[]) (PG:7)
05-16 15:46:30.300 29313 29337 I zygote  :   at java.lang.String vvm.e() (PG:15)
05-16 15:46:30.300 29313 29337 I zygote  :   at java.lang.String vvo.k() (PG:36)
05-16 15:46:30.300 29313 29337 I zygote  :   at java.lang.String vvo.f() (PG:49)
05-16 15:46:30.300 29313 29337 I zygote  :   at void vvo.h() (PG:1)
05-16 15:46:30.300 29313 29337 I zygote  :   at void fzv.run() (PG:680)
05-16 15:46:30.300 29313 29337 I zygote  :   at void xml.run() (PG:20)
05-16 15:46:30.300 29313 29337 I zygote  :   at void azjk.run() (PG:27)
05-16 15:46:30.300 29313 29337 I zygote  :   at void alga.run() (PG:50)
05-16 15:46:30.300 29313 29337 I zygote  :   at void qgg.run() (PG:253)
05-16 15:46:30.300 29313 29337 I zygote  :   at void java.lang.Thread.run() (Thread.java:764)
05-16 15:46:30.300 29313 29337 I zygote  :   at void qig.run() (PG:64)
05-16 15:46:30.300 29313 29337 I zygote  : Caused by: java.lang.ClassNotFoundException: Didn't find class "android.content.pm.PackageManager$OnChecksumsReadyListener" on path: DexPathList[[zip file "/data/app/com.google.android.youtube-myLz2PQ_KOW1aKWpn99bow==/base.apk", zip file "/data/app/com.google.android.youtube-myLz2PQ_KOW1aKWpn99bow==/split_config.en.apk", zip file "/data/app/com.google.android.youtube-myLz2PQ_KOW1aKWpn99bow==/split_config.x86.apk", zip file "/data/app/com.google.android.youtube-myLz2PQ_KOW1aKWpn99bow==/split_config.xxhdpi.apk"],nativeLibraryDirectories=[/data/app/com.google.android.youtube-myLz2PQ_KOW1aKWpn99bow==/lib/x86, /data/app/com.google.android.youtube-myLz2PQ_KOW1aKWpn99bow==/base.apk!/lib/x86, /data/app/com.google.android.youtube-myLz2PQ_KOW1aKWpn99bow==/split_config.en.apk!/lib/x86, /data/app/com.google.android.youtube-myLz2PQ_KOW1aKWpn99bow==/split_config.x86.apk!/lib/x86, /data/app/com.google.android.youtube-myLz2PQ_KOW1aKWpn99bow==/split_config.xxhdpi.apk!/lib/x86, /system/lib, /vendor/lib]]
05-16 15:46:30.300 29313 29337 I zygote  :   at java.lang.Class dalvik.system.BaseDexClassLoader.findClass(java.lang.String) (BaseDexClassLoader.java:93)
05-16 15:46:30.300 29313 29337 I zygote  :   at java.lang.Class java.lang.ClassLoader.loadClass(java.lang.String, boolean) (ClassLoader.java:379)
05-16 15:46:30.300 29313 29337 I zygote  :   at java.lang.Class java.lang.ClassLoader.loadClass(java.lang.String) (ClassLoader.java:312)
05-16 15:46:30.300 29313 29337 I zygote  :   at java.util.List fsg.t(fsz, android.content.Context, amru) (PG:35)
05-16 15:46:30.300 29313 29337 I zygote  :   at java.util.List fsh.t(fsz, android.content.Context, amru) (PG:35)
05-16 15:46:30.300 29313 29337 I zygote  :   at amru fsg.l(android.content.Context) (PG:67)
05-16 15:46:30.300 29313 29337 I zygote  :   at java.lang.String fsd.p(android.content.Context, java.lang.String, int, android.view.View, android.app.Activity) (PG:72)
05-16 15:46:30.300 29313 29337 I zygote  :   at java.lang.String fsd.d(android.content.Context) (PG:13)
05-16 15:46:30.300 29313 29337 I zygote  :   at java.lang.String fsf.n(android.content.Context) (PG:22)
05-16 15:46:30.300 29313 29337 I zygote  :   at java.lang.String nzc.b(oww, byte[]) (PG:9)
05-16 15:46:30.300 29313 29337 I zygote  :   at java.lang.String nzf.a(android.content.Context, byte[]) (PG:7)
05-16 15:46:30.300 29313 29337 I zygote  :   at java.lang.String vvm.e() (PG:15)
05-16 15:46:30.300 29313 29337 I zygote  :   at java.lang.String vvo.k() (PG:36)
05-16 15:46:30.300 29313 29337 I zygote  :   at java.lang.String vvo.f() (PG:49)
05-16 15:46:30.300 29313 29337 I zygote  :   at void vvo.h() (PG:1)
05-16 15:46:30.300 29313 29337 I zygote  :   at void fzv.run() (PG:680)
05-16 15:46:30.300 29313 29337 I zygote  :   at void xml.run() (PG:20)
05-16 15:46:30.300 29313 29337 I zygote  :   at void azjk.run() (PG:27)
05-16 15:46:30.300 29313 29337 I zygote  :   at void alga.run() (PG:50)
05-16 15:46:30.300 29313 29337 I zygote  :   at void qgg.run() (PG:253)
05-16 15:46:30.300 29313 29337 I zygote  :   at void java.lang.Thread.run() (Thread.java:764)
05-16 15:46:30.300 29313 29337 I zygote  :   at void qig.run() (PG:64)
05-16 15:46:30.300 29313 29337 I zygote  :
05-16 15:46:30.387 29313 29336 I zygote  : Rejecting re-init on previously-failed class java.lang.Class<buc>: java.lang.NoClassDefFoundError: Failed resolution of: Landroid/telephony/TelephonyCallback;
05-16 15:46:30.387 29313 29336 I zygote  :   at void ajtz.<init>(android.content.Context) (PG:7)
05-16 15:46:30.387 29313 29336 I zygote  :   at ajtz ajtz.g(android.content.Context) (PG:10)
05-16 15:46:30.387 29313 29336 I zygote  :   at void cpv.<init>(android.content.Context, java.util.Map) (PG:29)
05-16 15:46:30.387 29313 29336 I zygote  :   at cpv cpv.i(android.content.Context) (PG:212)
05-16 15:46:30.387 29313 29336 I zygote  :   at cbu adxj.i(adpa, ccp, ambc) (PG:9)
